Archive member included to satisfy reference by file (symbol)

/Users/davidricaud/.pico-sdk/toolchain/14_2_Rel1/bin/../lib/gcc/arm-none-eabi/14.2.1/../../../../arm-none-eabi/lib/thumb/v6-m/nofp/libm.a(libm_a-sf_lround.o)
                              CMakeFiles/Touchord.dir/amy/src/patches.c.o (lroundf)
/Users/davidricaud/.pico-sdk/toolchain/14_2_Rel1/bin/../lib/gcc/arm-none-eabi/14.2.1/thumb/v6-m/nofp/libgcc.a(_dvmd_tls.o)
                              CMakeFiles/Touchord.dir/Users/davidricaud/.pico-sdk/sdk/2.2.0/src/rp2_common/pico_divider/divider_hardware.S.o (__aeabi_idiv0)
/Users/davidricaud/.pico-sdk/toolchain/14_2_Rel1/bin/../lib/gcc/arm-none-eabi/14.2.1/../../../../arm-none-eabi/lib/thumb/v6-m/nofp/libg.a(libc_a-abort.o)
                              CMakeFiles/Touchord.dir/amy/src/amy.c.o (abort)
/Users/davidricaud/.pico-sdk/toolchain/14_2_Rel1/bin/../lib/gcc/arm-none-eabi/14.2.1/../../../../arm-none-eabi/lib/thumb/v6-m/nofp/libg.a(libc_a-atof.o)
                              CMakeFiles/Touchord.dir/amy/src/parse.c.o (atof)
/Users/davidricaud/.pico-sdk/toolchain/14_2_Rel1/bin/../lib/gcc/arm-none-eabi/14.2.1/../../../../arm-none-eabi/lib/thumb/v6-m/nofp/libg.a(libc_a-atoi.o)
                              CMakeFiles/Touchord.dir/amy/src/parse.c.o (atoi)
/Users/davidricaud/.pico-sdk/toolchain/14_2_Rel1/bin/../lib/gcc/arm-none-eabi/14.2.1/../../../../arm-none-eabi/lib/thumb/v6-m/nofp/libg.a(libc_a-atol.o)
                              CMakeFiles/Touchord.dir/amy/src/parse.c.o (atol)
/Users/davidricaud/.pico-sdk/toolchain/14_2_Rel1/bin/../lib/gcc/arm-none-eabi/14.2.1/../../../../arm-none-eabi/lib/thumb/v6-m/nofp/libg.a(libc_a-calloc.o)
                              CMakeFiles/Touchord.dir/Users/davidricaud/.pico-sdk/sdk/2.2.0/src/rp2_common/pico_malloc/malloc.c.o (calloc)
/Users/davidricaud/.pico-sdk/toolchain/14_2_Rel1/bin/../lib/gcc/arm-none-eabi/14.2.1/../../../../arm-none-eabi/lib/thumb/v6-m/nofp/libg.a(libc_a-callocr.o)
                              /Users/davidricaud/.pico-sdk/toolchain/14_2_Rel1/bin/../lib/gcc/arm-none-eabi/14.2.1/../../../../arm-none-eabi/lib/thumb/v6-m/nofp/libg.a(libc_a-calloc.o) (_calloc_r)
/Users/davidricaud/.pico-sdk/toolchain/14_2_Rel1/bin/../lib/gcc/arm-none-eabi/14.2.1/../../../../arm-none-eabi/lib/thumb/v6-m/nofp/libg.a(libc_a-itoa.o)
                              CMakeFiles/Touchord.dir/src/Modes/Compose.c.o (itoa)
/Users/davidricaud/.pico-sdk/toolchain/14_2_Rel1/bin/../lib/gcc/arm-none-eabi/14.2.1/../../../../arm-none-eabi/lib/thumb/v6-m/nofp/libg.a(libc_a-malloc.o)
                              CMakeFiles/Touchord.dir/Users/davidricaud/.pico-sdk/sdk/2.2.0/src/rp2_common/pico_malloc/malloc.c.o (malloc)
/Users/davidricaud/.pico-sdk/toolchain/14_2_Rel1/bin/../lib/gcc/arm-none-eabi/14.2.1/../../../../arm-none-eabi/lib/thumb/v6-m/nofp/libg.a(libc_a-mallocr.o)
                              /Users/davidricaud/.pico-sdk/toolchain/14_2_Rel1/bin/../lib/gcc/arm-none-eabi/14.2.1/../../../../arm-none-eabi/lib/thumb/v6-m/nofp/libg.a(libc_a-callocr.o) (_malloc_r)
/Users/davidricaud/.pico-sdk/toolchain/14_2_Rel1/bin/../lib/gcc/arm-none-eabi/14.2.1/../../../../arm-none-eabi/lib/thumb/v6-m/nofp/libg.a(libc_a-mlock.o)
                              /Users/davidricaud/.pico-sdk/toolchain/14_2_Rel1/bin/../lib/gcc/arm-none-eabi/14.2.1/../../../../arm-none-eabi/lib/thumb/v6-m/nofp/libg.a(libc_a-mallocr.o) (__malloc_lock)
/Users/davidricaud/.pico-sdk/toolchain/14_2_Rel1/bin/../lib/gcc/arm-none-eabi/14.2.1/../../../../arm-none-eabi/lib/thumb/v6-m/nofp/libg.a(libc_a-fwrite.o)
                              CMakeFiles/Touchord.dir/amy/src/amy.c.o (fwrite)
/Users/davidricaud/.pico-sdk/toolchain/14_2_Rel1/bin/../lib/gcc/arm-none-eabi/14.2.1/../../../../arm-none-eabi/lib/thumb/v6-m/nofp/libg.a(libc_a-realloc.o)
                              CMakeFiles/Touchord.dir/Users/davidricaud/.pico-sdk/sdk/2.2.0/src/rp2_common/pico_malloc/malloc.c.o (realloc)
/Users/davidricaud/.pico-sdk/toolchain/14_2_Rel1/bin/../lib/gcc/arm-none-eabi/14.2.1/../../../../arm-none-eabi/lib/thumb/v6-m/nofp/libg.a(libc_a-reallocr.o)
                              /Users/davidricaud/.pico-sdk/toolchain/14_2_Rel1/bin/../lib/gcc/arm-none-eabi/14.2.1/../../../../arm-none-eabi/lib/thumb/v6-m/nofp/libg.a(libc_a-realloc.o) (_realloc_r)
/Users/davidricaud/.pico-sdk/toolchain/14_2_Rel1/bin/../lib/gcc/arm-none-eabi/14.2.1/../../../../arm-none-eabi/lib/thumb/v6-m/nofp/libg.a(libc_a-strtod.o)
                              /Users/davidricaud/.pico-sdk/toolchain/14_2_Rel1/bin/../lib/gcc/arm-none-eabi/14.2.1/../../../../arm-none-eabi/lib/thumb/v6-m/nofp/libg.a(libc_a-atof.o) (strtod)
/Users/davidricaud/.pico-sdk/toolchain/14_2_Rel1/bin/../lib/gcc/arm-none-eabi/14.2.1/../../../../arm-none-eabi/lib/thumb/v6-m/nofp/libg.a(libc_a-strtol.o)
                              /Users/davidricaud/.pico-sdk/toolchain/14_2_Rel1/bin/../lib/gcc/arm-none-eabi/14.2.1/../../../../arm-none-eabi/lib/thumb/v6-m/nofp/libg.a(libc_a-atoi.o) (_strtol_r)
[...]
Memory Configuration

Name             Origin             Length             Attributes
FLASH            0x10000000         0x00200000         xr
RAM              0x20000000         0x00040000         xrw
SCRATCH_X        0x20040000         0x00001000         xrw
SCRATCH_Y        0x20041000         0x00001000         xrw
*default*        0x00000000         0xffffffff

Linker script and memory map

LOAD /Users/davidricaud/.pico-sdk/toolchain/14_2_Rel1/bin/../lib/gcc/arm-none-eabi/14.2.1/thumb/v6-m/nofp/crti.o
LOAD /Users/davidricaud/.pico-sdk/toolchain/14_2_Rel1/bin/../lib/gcc/arm-none-eabi/14.2.1/thumb/v6-m/nofp/crtbegin.o
LOAD /Users/davidricaud/.pico-sdk/toolchain/14_2_Rel1/bin/../lib/gcc/arm-none-eabi/14.2.1/../../../../arm-none-eabi/lib/thumb/v6-m/nofp/crt0.o

.flash_begin    0x10000000        0x0
                0x10000000                        __flash_binary_start = .

.boot2          0x10000000      0x100
                0x10000000                        __boot2_start__ = .
 *(.boot2)
 .boot2         0x10000000      0x100 pico-sdk/src/rp2040/boot_stage2/CMakeFiles/bs2_default_library.dir/./bs2_default_padded_checksummed.S.o
                0x10000100                        __boot2_end__ = .
                0x00000001                        ASSERT (((__boot2_end__ - __boot2_start__) == 0x100), ERROR: Pico second stage bootloader must be 256 bytes in size)

.text           0x10000100    0x28664
                0x10000100                        __logical_binary_start = .
 *(.vectors)
 .vectors       0x10000100       0xd4 CMakeFiles/Touchord.dir/Users/davidricaud/.pico-sdk/sdk/2.2.0/src/rp2_common/pico_crt0/crt0.S.o
                0x10000100                __VECTOR_TABLE
                0x10000100                __vectors
                0x100001c0                isr_irq13
                0x100001c0                isr_irq27
                0x100001c0                isr_irq31
                0x100001c0                isr_irq5
                0x100001c0                isr_irq11
                0x100001c0                isr_irq23
                0x100001c0                isr_irq18
                0x100001c0                isr_irq9
                0x100001c0                __unhandled_user_irq
                0x100001c0                isr_irq25
                0x100001c0                isr_irq4
                0x100001c0                isr_irq16
                0x100001c0                isr_irq29
                0x100001c0                isr_irq26
                0x100001c0                isr_irq3
                0x100001c0                isr_irq12
                0x100001c0                isr_irq30
                0x100001c0                isr_irq28
                0x100001c0                isr_irq19
                0x100001c0                isr_irq0
                0x100001c0                isr_irq6
                0x100001c0                isr_irq22
                0x100001c0                isr_irq17
                0x100001c0                isr_irq14
                0x100001c0                __vectors_end
                0x100001c0                __default_isrs_start
                0x100001c0                isr_irq2
                0x100001c0                isr_irq10
                0x100001c0                isr_irq8
                0x100001c0                isr_irq24
                0x100001c0                isr_irq1
                0x100001c0                isr_irq7
                0x100001c0                isr_irq21
                0x100001c0                isr_irq20
                0x100001c0                isr_irq15
                0x100001c6                unhandled_user_irq_num_in_r0
                0x100001c8                isr_invalid
                0x100001ca                isr_nmi
                0x100001cc                isr_hardfault
                0x100001ce                isr_svcall
                0x100001d0                isr_pendsv
                0x100001d2                isr_systick
                0x100001d4                __default_isrs_end
 *(.binary_info_header)
 .binary_info_header
                0x100001d4       0x14 CMakeFiles/Touchord.dir/Users/davidricaud/.pico-sdk/sdk/2.2.0/src/rp2_common/pico_crt0/crt0.S.o
                0x100001e8                        __binary_info_header_end = .
 *(.embedded_block)
                0x100001e8                        __embedded_block_end = .
 *(.reset)
 .reset         0x100001e8       0x9c CMakeFiles/Touchord.dir/Users/davidricaud/.pico-sdk/sdk/2.2.0/src/rp2_common/pico_crt0/crt0.S.o
                0x100001e8                _entry_point
 *(.init)
 .init          0x10000284        0x4 /Users/davidricaud/.pico-sdk/toolchain/14_2_Rel1/bin/../lib/gcc/arm-none-eabi/14.2.1/thumb/v6-m/nofp/crti.o
                0x10000284                _init
 *(EXCLUDE_FILE(*libm.a: *libc.a:*lib_a-mem*.o *libgcc.a:) .text*)
 .text.register_tm_clones
                0x10000288       0x28 /Users/davidricaud/.pico-sdk/toolchain/14_2_Rel1/bin/../lib/gcc/arm-none-eabi/14.2.1/thumb/v6-m/nofp/crtbegin.o
 .text.frame_dummy
                0x100002b0       0x24 /Users/davidricaud/.pico-sdk/toolchain/14_2_Rel1/bin/../lib/gcc/arm-none-eabi/14.2.1/thumb/v6-m/nofp/crtbegin.o
 .text.boot_status
                0x100002d4       0xb8 CMakeFiles/Touchord.dir/src/Touchord.c.o
 .text.encoder_gpio_irq
                0x1000038c       0xc4 CMakeFiles/Touchord.dir/src/Touchord.c.o
 .text.trill_writeto_mem.constprop.0.isra.0
                0x10000450       0x50 CMakeFiles/Touchord.dir/src/Touchord.c.o
 .text.poll_buttons
                0x100004a0      0x4c0 CMakeFiles/Touchord.dir/src/Touchord.c.o
                0x100004a0                poll_buttons
 .text.poll_trill_bar
                0x10000960      0x218 CMakeFiles/Touchord.dir/src/Touchord.c.o
                0x10000960                poll_trill_bar
 .text.init_GPIO
                0x10000b78      0x118 CMakeFiles/Touchord.dir/src/Touchord.c.o
                0x10000b78                init_GPIO
 .text.init_i2c
                0x10000c90       0x38 CMakeFiles/Touchord.dir/src/Touchord.c.o
                0x10000c90                init_i2c
 .text.select_mode
                0x10000cc8       0x88 CMakeFiles/Touchord.dir/src/Touchord.c.o
                0x10000cc8                select_mode
 .text.serial_poll
                0x10000d50       0x6c CMakeFiles/Touchord.dir/src/Touchord.c.o
                0x10000d50                serial_poll
 .text.startup.main
                0x10000dbc      0x4b4 CMakeFiles/Touchord.dir/src/Touchord.c.o
                0x10000dbc                main
 .text.tud_mount_cb
                0x10001270       0x24 CMakeFiles/Touchord.dir/src/Touchord.c.o
                0x10001270                tud_mount_cb
 .text.tud_umount_cb
                0x10001294       0x24 CMakeFiles/Touchord.dir/src/Touchord.c.o
                0x10001294                tud_umount_cb
 .text.tud_suspend_cb
                0x100012b8       0x28 CMakeFiles/Touchord.dir/src/Touchord.c.o
                0x100012b8                tud_suspend_cb
 .text.tud_resume_cb
                0x100012e0       0x24 CMakeFiles/Touchord.dir/src/Touchord.c.o
                0x100012e0                tud_resume_cb
 .text.tc_debug_write_bytes_blocking.part.0
                0x10001304       0x90 CMakeFiles/Touchord.dir/src/Debug.c.o
 .text.tc_debug_service_usb
                0x10001394       0x7c CMakeFiles/Touchord.dir/src/Debug.c.o
                0x10001394                tc_debug_service_usb
 .text.tc_debug_get_stage
                0x10001410        0x8 CMakeFiles/Touchord.dir/src/Debug.c.o
                0x10001410                tc_debug_get_stage
 .text.tc_debug_logf
                0x10001418      0x1c4 CMakeFiles/Touchord.dir/src/Debug.c.o
                0x10001418                tc_debug_logf
 .text.tc_debug_init
                0x100015dc       0x2c CMakeFiles/Touchord.dir/src/Debug.c.o
                0x100015dc                tc_debug_init
 .text.tc_debug_mark_usb_started
                0x10001608       0x18 CMakeFiles/Touchord.dir/src/Debug.c.o
                0x10001608                tc_debug_mark_usb_started
 .text.tc_debug_stage
                0x10001620       0x6c CMakeFiles/Touchord.dir/src/Debug.c.o
                0x10001620                tc_debug_stage
 .text.tc_debug_write_line
                0x1000168c       0x80 CMakeFiles/Touchord.dir/src/Debug.c.o
                0x1000168c                tc_debug_write_line
 .text.tc_debug_dump_log
                0x1000170c      0x220 CMakeFiles/Touchord.dir/src/Debug.c.o
                0x1000170c                tc_debug_dump_log
 .text.tud_descriptor_device_cb
                0x1000192c        0x8 CMakeFiles/Touchord.dir/src/usb_descriptors.c.o
                0x1000192c                tud_descriptor_device_cb
 .text.tud_descriptor_configuration_cb
                0x10001934        0x8 CMakeFiles/Touchord.dir/src/usb_descriptors.c.o
                0x10001934                tud_descriptor_configuration_cb
 .text.tud_descriptor_string_cb
                0x1000193c       0x74 CMakeFiles/Touchord.dir/src/usb_descriptors.c.o
                0x1000193c                tud_descriptor_string_cb
 .text.compose_update
                0x100019b0        0x4 CMakeFiles/Touchord.dir/src/Modes/Compose.c.o
                0x100019b0                compose_update
 .text.compose_key_up_independent
                0x100019b4        0x4 CMakeFiles/Touchord.dir/src/Modes/Compose.c.o
                0x100019b4                compose_key_up_independent
 .text.compose_trill_up
                0x100019b8       0x24 CMakeFiles/Touchord.dir/src/Modes/Compose.c.o
                0x100019b8                compose_trill_up
 .text.compose_key_down
                0x100019dc       0x80 CMakeFiles/Touchord.dir/src/Modes/Compose.c.o
                0x100019dc                compose_key_down
 .text.compose_button_down
                0x10001a5c       0x34 CMakeFiles/Touchord.dir/src/Modes/Compose.c.o
                0x10001a5c                compose_button_down
 .text.compose_key_up
                0x10001a90       0x5c CMakeFiles/Touchord.dir/src/Modes/Compose.c.o
                0x10001a90                compose_key_up
 .text.compose_trill_down
                0x10001aec      0x26c CMakeFiles/Touchord.dir/src/Modes/Compose.c.o
                0x10001aec                compose_trill_down
 .text.compose_button_up
                0x10001d58        0x4 CMakeFiles/Touchord.dir/src/Modes/Compose.c.o
                0x10001d58                compose_button_up
 .text.compose_draw
                0x10001d5c      0x150 CMakeFiles/Touchord.dir/src/Modes/Compose.c.o
                0x10001d5c                compose_draw
 .text.compose_button_double_down
                0x10001eac        0x4 CMakeFiles/Touchord.dir/src/Modes/Compose.c.o
                0x10001eac                compose_button_double_down
 .text.compose_start
                0x10001eb0       0xa8 CMakeFiles/Touchord.dir/src/Modes/Compose.c.o
                0x10001eb0                compose_start
 .text.compose_end
                0x10001f58       0x2c CMakeFiles/Touchord.dir/src/Modes/Compose.c.o
                0x10001f58                compose_end
 .text.compose_adjust_test_value
                0x10001f84       0x1c CMakeFiles/Touchord.dir/src/Modes/Compose.c.o
                0x10001f84                compose_adjust_test_value
 .text.strum_update
                0x10001fa0        0x4 CMakeFiles/Touchord.dir/src/Modes/Strum.c.o
                0x10001fa0                strum_update
 .text.strum_key_up
                0x10001fa4        0x4 CMakeFiles/Touchord.dir/src/Modes/Strum.c.o
                0x10001fa4                strum_key_up
 .text.strum_trill_down
                0x10001fa8       0xb8 CMakeFiles/Touchord.dir/src/Modes/Strum.c.o
                0x10001fa8                strum_trill_down
 .text.strum_trill_up
                0x10002060       0x20 CMakeFiles/Touchord.dir/src/Modes/Strum.c.o
                0x10002060                strum_trill_up
 .text.strum_draw
                0x10002080      0x108 CMakeFiles/Touchord.dir/src/Modes/Strum.c.o
                0x10002080                strum_draw
 .text.strum_key_down
                0x10002188       0x30 CMakeFiles/Touchord.dir/src/Modes/Strum.c.o
                0x10002188                strum_key_down
 .text.strum_button_double_down
                0x100021b8       0x2c CMakeFiles/Touchord.dir/src/Modes/Strum.c.o
                0x100021b8                strum_button_double_down
 .text.strum_button_down
                0x100021e4       0x60 CMakeFiles/Touchord.dir/src/Modes/Strum.c.o
                0x100021e4                strum_button_down
 .text.strum_button_up
                0x10002244        0x4 CMakeFiles/Touchord.dir/src/Modes/Strum.c.o
                0x10002244                strum_button_up
 .text.strum_key_up_independent
                0x10002248        0x4 CMakeFiles/Touchord.dir/src/Modes/Strum.c.o
                0x10002248                strum_key_up_independent
 .text.strum_start
                0x1000224c       0x90 CMakeFiles/Touchord.dir/src/Modes/Strum.c.o
                0x1000224c                strum_start
 .text.strum_end
                0x100022dc       0x24 CMakeFiles/Touchord.dir/src/Modes/Strum.c.o
                0x100022dc                strum_end
 .text.trigger_boot_sel
                0x10002300        0xc CMakeFiles/Touchord.dir/src/Modes/Settings.c.o
                0x10002300                trigger_boot_sel
 .text.settings_key_down
                0x1000230c        0xc CMakeFiles/Touchord.dir/src/Modes/Settings.c.o
                0x1000230c                settings_key_down
 .text.settings_key_up
                0x10002318        0x4 CMakeFiles/Touchord.dir/src/Modes/Settings.c.o
                0x10002318                settings_key_up
 .text.settings_button_down
                0x1000231c       0xd8 CMakeFiles/Touchord.dir/src/Modes/Settings.c.o
                0x1000231c                settings_button_down
 .text.settings_trill_down
                0x100023f4      0x150 CMakeFiles/Touchord.dir/src/Modes/Settings.c.o
                0x100023f4                settings_trill_down
 .text.settings_trill_up
                0x10002544       0x10 CMakeFiles/Touchord.dir/src/Modes/Settings.c.o
                0x10002544                settings_trill_up
 .text.trigger_midi_type
                0x10002554       0x14 CMakeFiles/Touchord.dir/src/Modes/Settings.c.o
                0x10002554                trigger_midi_type
 .text.trigger_custom_scale
                0x10002568        0x8 CMakeFiles/Touchord.dir/src/Modes/Settings.c.o
                0x10002568                trigger_custom_scale
 .text.trigger_factory_reset
                0x10002570       0x2c CMakeFiles/Touchord.dir/src/Modes/Settings.c.o
                0x10002570                trigger_factory_reset
 .text.trigger_output_mode
                0x1000259c       0x14 CMakeFiles/Touchord.dir/src/Modes/Settings.c.o
                0x1000259c                trigger_output_mode
 .text.settings_button_up
                0x100025b0        0x4 CMakeFiles/Touchord.dir/src/Modes/Settings.c.o
                0x100025b0                settings_button_up
 .text.settings_key_up_independent
                0x100025b4        0x4 CMakeFiles/Touchord.dir/src/Modes/Settings.c.o
                0x100025b4                settings_key_up_independent
 .text.settings_button_double_down
                0x100025b8        0x4 CMakeFiles/Touchord.dir/src/Modes/Settings.c.o
                0x100025b8                settings_button_double_down
 .text.settings_update
                0x100025bc        0x4 CMakeFiles/Touchord.dir/src/Modes/Settings.c.o
                0x100025bc                settings_update
 .text.settings_draw
                0x100025c0      0x244 CMakeFiles/Touchord.dir/src/Modes/Settings.c.o
                0x100025c0                settings_draw
 .text.settings_start
                0x10002804       0xa8 CMakeFiles/Touchord.dir/src/Modes/Settings.c.o
                0x10002804                settings_start
 .text.settings_end
                0x100028ac        0x4 CMakeFiles/Touchord.dir/src/Modes/Settings.c.o
                0x100028ac                settings_end
 .text.perform_update
                0x100028b0        0x4 CMakeFiles/Touchord.dir/src/Modes/Perform.c.o
                0x100028b0                perform_update
 .text.perform_key_up_independent
                0x100028b4        0x4 CMakeFiles/Touchord.dir/src/Modes/Perform.c.o
                0x100028b4                perform_key_up_independent
 .text.perform_trill_down
                0x100028b8       0x4c CMakeFiles/Touchord.dir/src/Modes/Perform.c.o
                0x100028b8                perform_trill_down
 .text.perform_draw
                0x10002904      0x108 CMakeFiles/Touchord.dir/src/Modes/Perform.c.o
                0x10002904                perform_draw
 .text.perform_key_down
                0x10002a0c       0x54 CMakeFiles/Touchord.dir/src/Modes/Perform.c.o
                0x10002a0c                perform_key_down
 .text.perform_key_up
                0x10002a60       0x44 CMakeFiles/Touchord.dir/src/Modes/Perform.c.o
                0x10002a60                perform_key_up
 .text.perform_button_down
                0x10002aa4       0x34 CMakeFiles/Touchord.dir/src/Modes/Perform.c.o
                0x10002aa4                perform_button_down
 .text.perform_trill_up
                0x10002ad8       0x44 CMakeFiles/Touchord.dir/src/Modes/Perform.c.o
                0x10002ad8                perform_trill_up
 .text.perform_button_up
                0x10002b1c        0x4 CMakeFiles/Touchord.dir/src/Modes/Perform.c.o
                0x10002b1c                perform_button_up
 .text.perform_button_double_down
                0x10002b20        0x4 CMakeFiles/Touchord.dir/src/Modes/Perform.c.o
                0x10002b20                perform_button_double_down
 .text.perform_start
                0x10002b24       0x90 CMakeFiles/Touchord.dir/src/Modes/Perform.c.o
                0x10002b24                perform_start
 .text.perform_end
                0x10002bb4       0x44 CMakeFiles/Touchord.dir/src/Modes/Perform.c.o
                0x10002bb4                perform_end
 .text.omni_update
                0x10002bf8        0x4 CMakeFiles/Touchord.dir/src/Modes/Omni.c.o
                0x10002bf8                omni_update
 .text.omni_key_up_independent
                0x10002bfc        0x4 CMakeFiles/Touchord.dir/src/Modes/Omni.c.o
                0x10002bfc                omni_key_up_independent
 .text.omni_key_up
                0x10002c00       0x30 CMakeFiles/Touchord.dir/src/Modes/Omni.c.o
                0x10002c00                omni_key_up
 .text.omni_trill_down
                0x10002c30      0x164 CMakeFiles/Touchord.dir/src/Modes/Omni.c.o
                0x10002c30                omni_trill_down
 .text.omni_trill_up
                0x10002d94       0x30 CMakeFiles/Touchord.dir/src/Modes/Omni.c.o
                0x10002d94                omni_trill_up
 .text.omni_draw
                0x10002dc4      0x108 CMakeFiles/Touchord.dir/src/Modes/Omni.c.o
                0x10002dc4                omni_draw
 .text.omni_key_down
                0x10002ecc       0x88 CMakeFiles/Touchord.dir/src/Modes/Omni.c.o
                0x10002ecc                omni_key_down
 .text.omni_button_down
                0x10002f54       0x34 CMakeFiles/Touchord.dir/src/Modes/Omni.c.o
                0x10002f54                omni_button_down
 .text.omni_button_double_down
                0x10002f88       0x30 CMakeFiles/Touchord.dir/src/Modes/Omni.c.o
                0x10002f88                omni_button_double_down
 .text.omni_button_up
                0x10002fb8        0x4 CMakeFiles/Touchord.dir/src/Modes/Omni.c.o
                0x10002fb8                omni_button_up
 .text.omni_start
                0x10002fbc       0x98 CMakeFiles/Touchord.dir/src/Modes/Omni.c.o
                0x10002fbc                omni_start
 .text.omni_end
                0x10003054       0x5c CMakeFiles/Touchord.dir/src/Modes/Omni.c.o
                0x10003054                omni_end
 .text.drum_update
                0x100030b0        0x4 CMakeFiles/Touchord.dir/src/Modes/Drum.c.o
                0x100030b0                drum_update
 .text.drum_key_up
                0x100030b4        0x4 CMakeFiles/Touchord.dir/src/Modes/Drum.c.o
                0x100030b4                drum_key_up
 .text.drum_trill_down
                0x100030b8       0x24 CMakeFiles/Touchord.dir/src/Modes/Drum.c.o
                0x100030b8                drum_trill_down
 .text.drum_key_down
                0x100030dc       0x34 CMakeFiles/Touchord.dir/src/Modes/Drum.c.o
                0x100030dc                drum_key_down
 .text.drum_key_up_independent
                0x10003110       0x2c CMakeFiles/Touchord.dir/src/Modes/Drum.c.o
                0x10003110                drum_key_up_independent
 .text.drum_button_down
                0x1000313c       0x34 CMakeFiles/Touchord.dir/src/Modes/Drum.c.o
                0x1000313c                drum_button_down
 .text.drum_button_up
                0x10003170        0x4 CMakeFiles/Touchord.dir/src/Modes/Drum.c.o
                0x10003170                drum_button_up
 .text.drum_draw
                0x10003174       0xc4 CMakeFiles/Touchord.dir/src/Modes/Drum.c.o
                0x10003174                drum_draw
 .text.drum_button_double_down
                0x10003238        0x4 CMakeFiles/Touchord.dir/src/Modes/Drum.c.o
                0x10003238                drum_button_double_down
 .text.drum_trill_up
                0x1000323c        0x4 CMakeFiles/Touchord.dir/src/Modes/Drum.c.o
                0x1000323c                drum_trill_up
 .text.drum_start
                0x10003240       0xa0 CMakeFiles/Touchord.dir/src/Modes/Drum.c.o
                0x10003240                drum_start
 .text.drum_end
                0x100032e0       0x24 CMakeFiles/Touchord.dir/src/Modes/Drum.c.o
                0x100032e0                drum_end
 .text.reload_custom_scales
                0x10003304       0x28 CMakeFiles/Touchord.dir/src/Notes/Note.c.o
                0x10003304                reload_custom_scales
 .text.build_chord
                0x1000332c      0x3ac CMakeFiles/Touchord.dir/src/Notes/Note.c.o
                0x1000332c                build_chord
 .text.switch_midi_trs
                0x100036d8       0x30 CMakeFiles/Touchord.dir/src/IO/Midi.c.o
                0x100036d8                switch_midi_trs
 .text.setup_midi_trs
                0x10003708       0x74 CMakeFiles/Touchord.dir/src/IO/Midi.c.o
                0x10003708                setup_midi_trs
 .text.send_midi_note
                0x1000377c       0x74 CMakeFiles/Touchord.dir/src/IO/Midi.c.o
                0x1000377c                send_midi_note
 .text.send_midi_cc
                0x100037f0       0x44 CMakeFiles/Touchord.dir/src/IO/Midi.c.o
                0x100037f0                send_midi_cc
 .text.send_midi_all_notes_off
                0x10003834       0x48 CMakeFiles/Touchord.dir/src/IO/Midi.c.o
                0x10003834                send_midi_all_notes_off
 .text.tc_output_init
                0x1000387c        0x8 CMakeFiles/Touchord.dir/src/IO/Output.c.o
                0x1000387c                tc_output_init
 .text.tc_output_note
                0x10003884       0x80 CMakeFiles/Touchord.dir/src/IO/Output.c.o
                0x10003884                tc_output_note
 .text.tc_output_chord
                0x10003904      0x140 CMakeFiles/Touchord.dir/src/IO/Output.c.o
                0x10003904                tc_output_chord
 .text.tc_output_cc
                0x10003a44       0x3c CMakeFiles/Touchord.dir/src/IO/Output.c.o
                0x10003a44                tc_output_cc
 .text.tc_output_all_notes_off
                0x10003a80        0xc CMakeFiles/Touchord.dir/src/IO/Output.c.o
                0x10003a80                tc_output_all_notes_off
 .text.tc_audio_init
                0x10003a8c      0x210 CMakeFiles/Touchord.dir/src/Audio/Pcm5102Audio.c.o
                0x10003a8c                tc_audio_init
 .text.tc_audio_write_blocking
                0x10003c9c      0x544 CMakeFiles/Touchord.dir/src/Audio/Pcm5102Audio.c.o
                0x10003c9c                tc_audio_write_blocking
 .text.tc_audio_get_status
                0x100041e0       0x80 CMakeFiles/Touchord.dir/src/Audio/Pcm5102Audio.c.o
                0x100041e0                tc_audio_get_status
 .text.tc_audio_set_left_lrclk_level
                0x10004260       0x20 CMakeFiles/Touchord.dir/src/Audio/Pcm5102Audio.c.o
                0x10004260                tc_audio_set_left_lrclk_level
 .text.tc_audio_set_i2s_delay
                0x10004280       0x1c CMakeFiles/Touchord.dir/src/Audio/Pcm5102Audio.c.o
                0x10004280                tc_audio_set_i2s_delay
 .text.tc_audio_set_pin_pair_swap
                0x1000429c       0x1c CMakeFiles/Touchord.dir/src/Audio/Pcm5102Audio.c.o
                0x1000429c                tc_audio_set_pin_pair_swap
 .text.tc_synth_noop_midi_input
                0x100042b8        0x4 CMakeFiles/Touchord.dir/src/Synth/AmyEngine.c.o
 .text.tc_synth_configure_touchord_synth
                0x100042bc       0xe0 CMakeFiles/Touchord.dir/src/Synth/AmyEngine.c.o
 .text.tc_synth_stop_voice
                0x1000439c       0x3c CMakeFiles/Touchord.dir/src/Synth/AmyEngine.c.o
 .text.tc_synth_apply_pitch_bend
                0x100043d8       0x38 CMakeFiles/Touchord.dir/src/Synth/AmyEngine.c.o
 .text.tc_synth_play_note
                0x10004410      0x154 CMakeFiles/Touchord.dir/src/Synth/AmyEngine.c.o
 .text.tc_synth_init
                0x10004564       0x30 CMakeFiles/Touchord.dir/src/Synth/AmyEngine.c.o
                0x10004564                tc_synth_init
 .text.tc_synth_audio_task
                0x10004594      0x350 CMakeFiles/Touchord.dir/src/Synth/AmyEngine.c.o
                0x10004594                tc_synth_audio_task
 .text.tc_synth_is_ready
                0x100048e4        0xc CMakeFiles/Touchord.dir/src/Synth/AmyEngine.c.o
                0x100048e4                tc_synth_is_ready
 .text.tc_synth_set_test_tone
                0x100048f0        0xc CMakeFiles/Touchord.dir/src/Synth/AmyEngine.c.o
                0x100048f0                tc_synth_set_test_tone
 .text.tc_synth_test_tone_enabled
                0x100048fc        0xc CMakeFiles/Touchord.dir/src/Synth/AmyEngine.c.o
                0x100048fc                tc_synth_test_tone_enabled
 .text.tc_synth_note_on
                0x10004908       0x3c CMakeFiles/Touchord.dir/src/Synth/AmyEngine.c.o
                0x10004908                tc_synth_note_on
 .text.tc_synth_note_off
                0x10004944       0x38 CMakeFiles/Touchord.dir/src/Synth/AmyEngine.c.o
                0x10004944                tc_synth_note_off
 .text.tc_synth_control_change
                0x1000497c       0x3c CMakeFiles/Touchord.dir/src/Synth/AmyEngine.c.o
                0x1000497c                tc_synth_control_change
 .text.tc_synth_all_notes_off
                0x100049b8       0x3c CMakeFiles/Touchord.dir/src/Synth/AmyEngine.c.o
                0x100049b8                tc_synth_all_notes_off
 .text.amy_platform_init
                0x100049f4        0x4 CMakeFiles/Touchord.dir/src/Synth/AmyPlatformStubs.c.o
                0x100049f4                amy_platform_init
 .text.amy_platform_deinit
                0x100049f8        0x4 CMakeFiles/Touchord.dir/src/Synth/AmyPlatformStubs.c.o
                0x100049f8                amy_platform_deinit
 .text.run_midi
                0x100049fc        0x4 CMakeFiles/Touchord.dir/src/Synth/AmyPlatformStubs.c.o
                0x100049fc                run_midi
 .text.stop_midi
                0x10004a00        0x4 CMakeFiles/Touchord.dir/src/Synth/AmyPlatformStubs.c.o
                0x10004a00                stop_midi
 .text.midi_out
                0x10004a04        0x4 CMakeFiles/Touchord.dir/src/Synth/AmyPlatformStubs.c.o
                0x10004a04                midi_out
 .text.amy_send_midi_note_on
                0x10004a08        0x4 CMakeFiles/Touchord.dir/src/Synth/AmyPlatformStubs.c.o
                0x10004a08                amy_send_midi_note_on
 .text.amy_send_midi_note_off
                0x10004a0c        0x4 CMakeFiles/Touchord.dir/src/Synth/AmyPlatformStubs.c.o
                0x10004a0c                amy_send_midi_note_off
 .text.touchord_settings_from_json
                0x10004a10      0x298 CMakeFiles/Touchord.dir/src/Data/Parser.c.o
                0x10004a10                touchord_settings_from_json
 .text.process_cmd
                0x10004ca8      0x3d0 CMakeFiles/Touchord.dir/src/Data/Parser.c.o
                0x10004ca8                process_cmd
 .text.parseString
                0x10005078       0x98 CMakeFiles/Touchord.dir/src/thirdparty/tiny-json.c.o
 .text.poolInit
                0x10005110        0xc CMakeFiles/Touchord.dir/src/thirdparty/tiny-json.c.o
 .text.poolAlloc
                0x1000511c       0x20 CMakeFiles/Touchord.dir/src/thirdparty/tiny-json.c.o
 .text.primitiveValue
                0x1000513c       0x64 CMakeFiles/Touchord.dir/src/thirdparty/tiny-json.c.o
 .text.objValue.constprop.0
                0x100051a0      0x340 CMakeFiles/Touchord.dir/src/thirdparty/tiny-json.c.o
 .text.json_getProperty
                0x100054e0       0x24 CMakeFiles/Touchord.dir/src/thirdparty/tiny-json.c.o
                0x100054e0                json_getProperty
 .text.json_create
                0x10005504       0x6c CMakeFiles/Touchord.dir/src/thirdparty/tiny-json.c.o
                0x10005504                json_create
 .text.ssd1306_draw_char_with_font.part.0
                0x10005570      0x164 CMakeFiles/Touchord.dir/src/thirdparty/ssd1306.c.o
 .text.ssd1306_init
                0x100056d4      0x144 CMakeFiles/Touchord.dir/src/thirdparty/ssd1306.c.o
                0x100056d4                ssd1306_init
 .text.ssd1306_contrast
                0x10005818       0x80 CMakeFiles/Touchord.dir/src/thirdparty/ssd1306.c.o
                0x10005818                ssd1306_contrast
 .text.ssd1306_clear
                0x10005898       0x10 CMakeFiles/Touchord.dir/src/thirdparty/ssd1306.c.o
                0x10005898                ssd1306_clear
 .text.ssd1306_draw_line
                0x100058a8       0xd4 CMakeFiles/Touchord.dir/src/thirdparty/ssd1306.c.o
                0x100058a8                ssd1306_draw_line
 .text.ssd1306_draw_string_with_font
                0x1000597c       0x5c CMakeFiles/Touchord.dir/src/thirdparty/ssd1306.c.o
                0x1000597c                ssd1306_draw_string_with_font
 .text.ssd1306_draw_string
                0x100059d8       0x64 CMakeFiles/Touchord.dir/src/thirdparty/ssd1306.c.o
                0x100059d8                ssd1306_draw_string
 .text.ssd1306_show
                0x10005a3c       0xd0 CMakeFiles/Touchord.dir/src/thirdparty/ssd1306.c.o
                0x10005a3c                ssd1306_show
 .text.algo_note_off
                0x10005b0c       0xe4 CMakeFiles/Touchord.dir/amy/src/algorithms.c.o
                0x10005b0c                algo_note_off
 .text.algo_note_on
                0x10005bf0      0x320 CMakeFiles/Touchord.dir/amy/src/algorithms.c.o
                0x10005bf0                algo_note_on
 .text.algo_deinit
                0x10005f10       0x2c CMakeFiles/Touchord.dir/amy/src/algorithms.c.o
                0x10005f10                algo_deinit
 .text.algo_init
                0x10005f3c       0x40 CMakeFiles/Touchord.dir/amy/src/algorithms.c.o
                0x10005f3c                algo_init
 .text.render_algo
                0x10005f7c      0x198 CMakeFiles/Touchord.dir/amy/src/algorithms.c.o
                0x10005f7c                render_algo
 .text.deltas_add_pool_block.part.0
                0x10006114       0x20 CMakeFiles/Touchord.dir/amy/src/amy.c.o
 .text.amy_profiles_init
                0x10006134        0x4 CMakeFiles/Touchord.dir/amy/src/amy.c.o
                0x10006134                amy_profiles_init
 .text.malloc_caps
                0x10006138        0x8 CMakeFiles/Touchord.dir/amy/src/amy.c.o
                0x10006138                malloc_caps
 .text.config_echo
                0x10006140      0x26c CMakeFiles/Touchord.dir/amy/src/amy.c.o
                0x10006140                config_echo
 .text.alloc_chorus_delay_lines
                0x100063ac       0x88 CMakeFiles/Touchord.dir/amy/src/amy.c.o
                0x100063ac                alloc_chorus_delay_lines
 .text.peek_stack
                0x10006434        0x4 CMakeFiles/Touchord.dir/amy/src/amy.c.o
                0x10006434                peek_stack
 .text.global_init
                0x10006438       0xf4 CMakeFiles/Touchord.dir/amy/src/amy.c.o
                0x10006438                global_init
 .text.logfreq_of_freq
                0x1000652c       0x24 CMakeFiles/Touchord.dir/amy/src/amy.c.o
                0x1000652c                logfreq_of_freq
 .text.freq_of_logfreq
                0x10006550       0x28 CMakeFiles/Touchord.dir/amy/src/amy.c.o
                0x10006550                freq_of_logfreq
 .text.logfreq_for_midi_note
                0x10006578       0x18 CMakeFiles/Touchord.dir/amy/src/amy.c.o
                0x10006578                logfreq_for_midi_note
 .text.midi_note_for_logfreq
                0x10006590       0x18 CMakeFiles/Touchord.dir/amy/src/amy.c.o
                0x10006590                midi_note_for_logfreq
 .text.add_delta_to_queue
                0x100065a8       0xd8 CMakeFiles/Touchord.dir/amy/src/amy.c.o
                0x100065a8                add_delta_to_queue
 .text.reset_osc_params
                0x10006680      0x138 CMakeFiles/Touchord.dir/amy/src/amy.c.o
                0x10006680                reset_osc_params
 .text.reset_osc_by_pointer
                0x100067b8       0x90 CMakeFiles/Touchord.dir/amy/src/amy.c.o
                0x100067b8                reset_osc_by_pointer
 .text.reset_osc
                0x10006848       0xc0 CMakeFiles/Touchord.dir/amy/src/amy.c.o
                0x10006848                reset_osc
 .text.amy_deltas_reset
                0x10006908       0x44 CMakeFiles/Touchord.dir/amy/src/amy.c.o
                0x10006908                amy_deltas_reset
 .text.alloc_osc
                0x1000694c       0x80 CMakeFiles/Touchord.dir/amy/src/amy.c.o
                0x1000694c                alloc_osc
 .text.ensure_osc_allocd.constprop.0
                0x100069cc       0x1c CMakeFiles/Touchord.dir/amy/src/amy.c.o
 .text.ensure_osc_allocd
                0x100069e8      0x2e4 CMakeFiles/Touchord.dir/amy/src/amy.c.o
                0x100069e8                ensure_osc_allocd
 .text.print_osc_debug
                0x10006ccc      0x42c CMakeFiles/Touchord.dir/amy/src/amy.c.o
                0x10006ccc                print_osc_debug
 .text.show_debug
                0x100070f8      0x220 CMakeFiles/Touchord.dir/amy/src/amy.c.o
                0x100070f8                show_debug
 .text.oscs_deinit
                0x10007318      0x168 CMakeFiles/Touchord.dir/amy/src/amy.c.o
                0x10007318                oscs_deinit
 .text.osc_note_on
                0x10007480       0xb4 CMakeFiles/Touchord.dir/amy/src/amy.c.o
                0x10007480                osc_note_on
 .text.config_chorus
                0x10007534      0x180 CMakeFiles/Touchord.dir/amy/src/amy.c.o
                0x10007534                config_chorus
 .text.amy_reset_oscs
                0x100076b4      0x114 CMakeFiles/Touchord.dir/amy/src/amy.c.o
                0x100076b4                amy_reset_oscs
 .text.oscs_init
                0x100077c8      0x204 CMakeFiles/Touchord.dir/amy/src/amy.c.o
                0x100077c8                oscs_init
 .text.alpha_to_portamento_ms
                0x100079cc       0x28 CMakeFiles/Touchord.dir/amy/src/amy.c.o
                0x100079cc                alpha_to_portamento_ms
 .text.play_delta
                0x100079f4      0xc6c CMakeFiles/Touchord.dir/amy/src/amy.c.o
                0x100079f4                play_delta
 .text.amy_event_to_deltas_queue
                0x10008660      0xb48 CMakeFiles/Touchord.dir/amy/src/amy.c.o
                0x10008660                amy_event_to_deltas_queue
 .text.hold_and_modify
                0x100091a8      0xac0 CMakeFiles/Touchord.dir/amy/src/amy.c.o
                0x100091a8                hold_and_modify
 .text.mix_with_pan
                0x10009c68      0x138 CMakeFiles/Touchord.dir/amy/src/amy.c.o
                0x10009c68                mix_with_pan
 .text.render_osc_wave
                0x10009da0      0x4a4 CMakeFiles/Touchord.dir/amy/src/amy.c.o
                0x10009da0                render_osc_wave
 .text.amy_render
                0x1000a244      0x268 CMakeFiles/Touchord.dir/amy/src/amy.c.o
                0x1000a244                amy_render
 .text.amy_execute_deltas
                0x1000a4ac       0x6c CMakeFiles/Touchord.dir/amy/src/amy.c.o
                0x1000a4ac                amy_execute_deltas
 .text.amy_process_event
                0x1000a518       0x78 CMakeFiles/Touchord.dir/amy/src/amy.c.o
                0x1000a518                amy_process_event
 .text.amy_fill_buffer
                0x1000a590      0x348 CMakeFiles/Touchord.dir/amy/src/amy.c.o
                0x1000a590                amy_fill_buffer
 .text.amy_reset_sysclock
                0x1000a8d8       0x20 CMakeFiles/Touchord.dir/amy/src/amy.c.o
                0x1000a8d8                amy_reset_sysclock
 .text.delta_release_list
                0x1000a8f8       0x30 CMakeFiles/Touchord.dir/amy/src/amy.c.o
                0x1000a8f8                delta_release_list
 .text.delta_list_len
                0x1000a928       0x14 CMakeFiles/Touchord.dir/amy/src/amy.c.o
                0x1000a928                delta_list_len
 .text.amy_default_config
                0x1000a93c       0x74 CMakeFiles/Touchord.dir/amy/src/api.c.o
                0x1000a93c                amy_default_config
 .text.amy_default_event
                0x1000a9b0      0x1a8 CMakeFiles/Touchord.dir/amy/src/api.c.o
                0x1000a9b0                amy_default_event
 .text.amy_clear_event
                0x1000ab58      0x1b8 CMakeFiles/Touchord.dir/amy/src/api.c.o
                0x1000ab58                amy_clear_event
 .text.amy_simple_fill_buffer
                0x1000ad10       0x1c CMakeFiles/Touchord.dir/amy/src/api.c.o
                0x1000ad10                amy_simple_fill_buffer
 .text.amy_sysclock
                0x1000ad2c       0x2c CMakeFiles/Touchord.dir/amy/src/api.c.o
                0x1000ad2c                amy_sysclock
 .text.amy_add_message
                0x1000ad58      0x21c CMakeFiles/Touchord.dir/amy/src/api.c.o
                0x1000ad58                amy_add_message
 .text.amy_add_event
                0x1000af74       0x30 CMakeFiles/Touchord.dir/amy/src/api.c.o
                0x1000af74                amy_add_event
 .text.amy_default_synths
                0x1000afa4      0x870 CMakeFiles/Touchord.dir/amy/src/api.c.o
                0x1000afa4                amy_default_synths
 .text.amy_bleep
                0x1000b814      0x2b8 CMakeFiles/Touchord.dir/amy/src/api.c.o
                0x1000b814                amy_bleep
 .text.amy_bleep_synth
                0x1000bacc      0x2ac CMakeFiles/Touchord.dir/amy/src/api.c.o
                0x1000bacc                amy_bleep_synth
 .text.amy_start
                0x1000bd78       0x8c CMakeFiles/Touchord.dir/amy/src/api.c.o
                0x1000bd78                amy_start
 .text.amy_stop
                0x1000be04       0x10 CMakeFiles/Touchord.dir/amy/src/api.c.o
                0x1000be04                amy_stop
 .text.custom_init
                0x1000be14       0x14 CMakeFiles/Touchord.dir/amy/src/custom.c.o
                0x1000be14                custom_init
 .text.custom_deinit
                0x1000be28       0x14 CMakeFiles/Touchord.dir/amy/src/custom.c.o
                0x1000be28                custom_deinit
 .text.custom_note_on
                0x1000be3c       0x10 CMakeFiles/Touchord.dir/amy/src/custom.c.o
                0x1000be3c                custom_note_on
 .text.custom_note_off
                0x1000be4c       0x10 CMakeFiles/Touchord.dir/amy/src/custom.c.o
                0x1000be4c                custom_note_off
 .text.custom_mod_trigger
                0x1000be5c       0x10 CMakeFiles/Touchord.dir/amy/src/custom.c.o
                0x1000be5c                custom_mod_trigger
 .text.render_custom
                0x1000be6c       0x10 CMakeFiles/Touchord.dir/amy/src/custom.c.o
                0x1000be6c                render_custom
 .text.compute_mod_custom
                0x1000be7c       0x10 CMakeFiles/Touchord.dir/amy/src/custom.c.o
                0x1000be7c                compute_mod_custom
 .text.new_delay_line.constprop.0
                0x1000be8c       0x50 CMakeFiles/Touchord.dir/amy/src/delay.c.o
 .text.new_delay_line.constprop.1
                0x1000bedc       0x50 CMakeFiles/Touchord.dir/amy/src/delay.c.o
 .text.new_delay_line.constprop.2
                0x1000bf2c       0x50 CMakeFiles/Touchord.dir/amy/src/delay.c.o
 .text.new_delay_line
                0x1000bf7c       0x88 CMakeFiles/Touchord.dir/amy/src/delay.c.o
                0x1000bf7c                new_delay_line
 .text.free_delay_line
                0x1000c004        0x8 CMakeFiles/Touchord.dir/amy/src/delay.c.o
                0x1000c004                free_delay_line
 .text.apply_variable_delay
                0x1000c00c       0xd8 CMakeFiles/Touchord.dir/amy/src/delay.c.o
                0x1000c00c                apply_variable_delay
 .text.apply_fixed_delay
                0x1000c0e4      0x18c CMakeFiles/Touchord.dir/amy/src/delay.c.o
                0x1000c0e4                apply_fixed_delay
 .text.config_stereo_reverb
                0x1000c270       0x74 CMakeFiles/Touchord.dir/amy/src/delay.c.o
                0x1000c270                config_stereo_reverb
 .text.init_stereo_reverb
                0x1000c2e4      0x100 CMakeFiles/Touchord.dir/amy/src/delay.c.o
                0x1000c2e4                init_stereo_reverb
 .text.stereo_reverb
                0x1000c3e4      0x444 CMakeFiles/Touchord.dir/amy/src/delay.c.o
                0x1000c3e4                stereo_reverb
 .text.compute_mod_value
                0x1000c828       0xe4 CMakeFiles/Touchord.dir/amy/src/envelope.c.o
                0x1000c828                compute_mod_value
 .text.compute_mod_scale
                0x1000c90c       0x34 CMakeFiles/Touchord.dir/amy/src/envelope.c.o
                0x1000c90c                compute_mod_scale
 .text.compute_breakpoint_scale
                0x1000c940      0x5e0 CMakeFiles/Touchord.dir/amy/src/envelope.c.o
                0x1000c940                compute_breakpoint_scale
 .text.dsps_sqrtf_f32_ansi
                0x1000cf20       0x10 CMakeFiles/Touchord.dir/amy/src/filters.c.o
                0x1000cf20                dsps_sqrtf_f32_ansi
 .text.dsps_biquad_gen_lpf_f32
                0x1000cf30      0x184 CMakeFiles/Touchord.dir/amy/src/filters.c.o
                0x1000cf30                dsps_biquad_gen_lpf_f32
 .text.scan_max
                0x1000d0b4       0x30 CMakeFiles/Touchord.dir/amy/src/filters.c.o
                0x1000d0b4                scan_max
 .text.filters_deinit
                0x1000d0e4       0x68 CMakeFiles/Touchord.dir/amy/src/filters.c.o
                0x1000d0e4                filters_deinit
 .text.filters_init
                0x1000d14c      0x13c CMakeFiles/Touchord.dir/amy/src/filters.c.o
                0x1000d14c                filters_init
 .text.parametric_eq_process_top16block
                0x1000d288      0x734 CMakeFiles/Touchord.dir/amy/src/filters.c.o
                0x1000d288                parametric_eq_process_top16block
 .text.parametric_eq_process
                0x1000d9bc        0x8 CMakeFiles/Touchord.dir/amy/src/filters.c.o
                0x1000d9bc                parametric_eq_process
 .text.filter_process
                0x1000d9c4      0xbd4 CMakeFiles/Touchord.dir/amy/src/filters.c.o
                0x1000d9c4                filter_process
 .text.reset_filter
                0x1000e598       0x28 CMakeFiles/Touchord.dir/amy/src/filters.c.o
                0x1000e598                reset_filter
 .text.reset_parametric
                0x1000e5c0       0x4c CMakeFiles/Touchord.dir/amy/src/filters.c.o
                0x1000e5c0                reset_parametric
 .text.instrument_init
                0x1000e60c      0x148 CMakeFiles/Touchord.dir/amy/src/instrument.c.o
                0x1000e60c                instrument_init
 .text._instrument_voice_off
                0x1000e754      0x11c CMakeFiles/Touchord.dir/amy/src/instrument.c.o
                0x1000e754                _instrument_voice_off
 .text._instrument_all_notes_off
                0x1000e870      0x174 CMakeFiles/Touchord.dir/amy/src/instrument.c.o
                0x1000e870                _instrument_all_notes_off
 .text.instrument_note_on
                0x1000e9e4      0x158 CMakeFiles/Touchord.dir/amy/src/instrument.c.o
                0x1000e9e4                instrument_note_on
 .text.instruments_deinit
                0x1000eb3c       0x6c CMakeFiles/Touchord.dir/amy/src/instrument.c.o
                0x1000eb3c                instruments_deinit
 .text.instruments_init
                0x1000eba8       0x84 CMakeFiles/Touchord.dir/amy/src/instrument.c.o
                0x1000eba8                instruments_init
 .text.instruments_reset
                0x1000ec2c       0x64 CMakeFiles/Touchord.dir/amy/src/instrument.c.o
                0x1000ec2c                instruments_reset
 .text.instruments_max_instruments
                0x1000ec90        0xc CMakeFiles/Touchord.dir/amy/src/instrument.c.o
                0x1000ec90                instruments_max_instruments
 .text.instrument_release
                0x1000ec9c       0x3c CMakeFiles/Touchord.dir/amy/src/instrument.c.o
                0x1000ec9c                instrument_release
 .text.instrument_number_exists
                0x1000ecd8       0x6c CMakeFiles/Touchord.dir/amy/src/instrument.c.o
                0x1000ecd8                instrument_number_exists
 .text.instrument_add_new
                0x1000ed44       0x9c CMakeFiles/Touchord.dir/amy/src/instrument.c.o
                0x1000ed44                instrument_add_new
 .text.instrument_change_number
                0x1000ede0       0x94 CMakeFiles/Touchord.dir/amy/src/instrument.c.o
                0x1000ede0                instrument_change_number
 .text.instrument_get_num_voices
                0x1000ee74      0x10c CMakeFiles/Touchord.dir/amy/src/instrument.c.o
                0x1000ee74                instrument_get_num_voices
 .text.instrument_voice_for_note_event
                0x1000ef80       0xc0 CMakeFiles/Touchord.dir/amy/src/instrument.c.o
                0x1000ef80                instrument_voice_for_note_event
 .text.instrument_all_notes_off
                0x1000f040       0x64 CMakeFiles/Touchord.dir/amy/src/instrument.c.o
                0x1000f040                instrument_all_notes_off
 .text.instrument_sustain
                0x1000f0a4       0xd8 CMakeFiles/Touchord.dir/amy/src/instrument.c.o
                0x1000f0a4                instrument_sustain
 .text.instrument_get_patch_number
                0x1000f17c       0x64 CMakeFiles/Touchord.dir/amy/src/instrument.c.o
                0x1000f17c                instrument_get_patch_number
 .text.instrument_get_oscs_per_voice
                0x1000f1e0       0x64 CMakeFiles/Touchord.dir/amy/src/instrument.c.o
                0x1000f1e0                instrument_get_oscs_per_voice
 .text.instrument_get_flags
                0x1000f244       0x64 CMakeFiles/Touchord.dir/amy/src/instrument.c.o
                0x1000f244                instrument_get_flags
 .text.instrument_noteon_delay_ms
                0x1000f2a8       0x64 CMakeFiles/Touchord.dir/amy/src/instrument.c.o
                0x1000f2a8                instrument_noteon_delay_ms
 .text.instrument_set_noteon_delay_ms
                0x1000f30c       0x60 CMakeFiles/Touchord.dir/amy/src/instrument.c.o
                0x1000f30c                instrument_set_noteon_delay_ms
 .text.instrument_set_grab_midi_notes
                0x1000f36c       0x60 CMakeFiles/Touchord.dir/amy/src/instrument.c.o
                0x1000f36c                instrument_set_grab_midi_notes
 .text.partials_note_on
                0x1000f3cc       0xc0 CMakeFiles/Touchord.dir/amy/src/interp_partials.c.o
                0x1000f3cc                partials_note_on
 .text.partials_note_off
                0x1000f48c       0x78 CMakeFiles/Touchord.dir/amy/src/interp_partials.c.o
                0x1000f48c                partials_note_off
 .text.render_partials
                0x1000f504       0xd8 CMakeFiles/Touchord.dir/amy/src/interp_partials.c.o
                0x1000f504                render_partials
 .text._osc_on_with_harm_param
                0x1000f5dc      0x150 CMakeFiles/Touchord.dir/amy/src/interp_partials.c.o
                0x1000f5dc                _osc_on_with_harm_param
 .text.interp_partials_note_on
                0x1000f72c      0x420 CMakeFiles/Touchord.dir/amy/src/interp_partials.c.o
                0x1000f72c                interp_partials_note_on
 .text.interp_partials_note_off
                0x1000fb4c       0x88 CMakeFiles/Touchord.dir/amy/src/interp_partials.c.o
                0x1000fb4c                interp_partials_note_off
 .text.log2_lut
                0x1000fbd4       0x60 CMakeFiles/Touchord.dir/amy/src/log2_exp2.c.o
                0x1000fbd4                log2_lut
 .text.exp2_lut
                0x1000fc34       0x40 CMakeFiles/Touchord.dir/amy/src/log2_exp2.c.o
                0x1000fc34                exp2_lut
 .text.juno_filter_midi_handler
                0x1000fc74       0xb4 CMakeFiles/Touchord.dir/amy/src/midi_mappings.c.o
                0x1000fc74                juno_filter_midi_handler
 .text.cc_mapping_debug
                0x1000fd28       0x88 CMakeFiles/Touchord.dir/amy/src/midi_mappings.c.o
                0x1000fd28                cc_mapping_debug
 .text.midi_mappings_init
                0x1000fdb0        0xc CMakeFiles/Touchord.dir/amy/src/midi_mappings.c.o
                0x1000fdb0                midi_mappings_init
 .text.midi_mappings_deinit
                0x1000fdbc       0x20 CMakeFiles/Touchord.dir/amy/src/midi_mappings.c.o
                0x1000fdbc                midi_mappings_deinit
 .text.midi_clear_channel_mappings
                0x1000fddc       0x38 CMakeFiles/Touchord.dir/amy/src/midi_mappings.c.o
                0x1000fddc                midi_clear_channel_mappings
 .text.midi_clear_control_code
                0x1000fe14       0x6c CMakeFiles/Touchord.dir/amy/src/midi_mappings.c.o
                0x1000fe14                midi_clear_control_code
 .text.midi_store_control_code
                0x1000fe80       0xc8 CMakeFiles/Touchord.dir/amy/src/midi_mappings.c.o
                0x1000fe80                midi_store_control_code
 .text.midi_fetch_control_code_command
                0x1000ff48       0x78 CMakeFiles/Touchord.dir/amy/src/midi_mappings.c.o
                0x1000ff48                midi_fetch_control_code_command
 .text.substitute_cc_special_values
                0x1000ffc0       0xe0 CMakeFiles/Touchord.dir/amy/src/midi_mappings.c.o
                0x1000ffc0                substitute_cc_special_values
 .text.midi_cc_handler
                0x100100a0       0xe0 CMakeFiles/Touchord.dir/amy/src/midi_mappings.c.o
                0x100100a0                midi_cc_handler
 .text.render_lut_fm_fb
                0x10010180       0xf0 CMakeFiles/Touchord.dir/amy/src/oscillators.c.o
                0x10010180                render_lut_fm_fb
 .text.render_lut_fb
                0x10010270       0xe4 CMakeFiles/Touchord.dir/amy/src/oscillators.c.o
                0x10010270                render_lut_fb
 .text.render_lut_fm
                0x10010354       0xb8 CMakeFiles/Touchord.dir/amy/src/oscillators.c.o
                0x10010354                render_lut_fm
 .text.render_lut
                0x1001040c       0xb4 CMakeFiles/Touchord.dir/amy/src/oscillators.c.o
                0x1001040c                render_lut
 .text.render_lut_cub
                0x100104c0      0x120 CMakeFiles/Touchord.dir/amy/src/oscillators.c.o
                0x100104c0                render_lut_cub
 .text.audio_in_note_on
                0x100105e0        0x4 CMakeFiles/Touchord.dir/amy/src/oscillators.c.o
                0x100105e0                audio_in_note_on
 .text.external_audio_in_note_on
                0x100105e4        0x4 CMakeFiles/Touchord.dir/amy/src/oscillators.c.o
                0x100105e4                external_audio_in_note_on
 .text.render_audio_in
                0x100105e8       0x5c CMakeFiles/Touchord.dir/amy/src/oscillators.c.o
                0x100105e8                render_audio_in
 .text.render_external_audio_in
                0x10010644       0x5c CMakeFiles/Touchord.dir/amy/src/oscillators.c.o
                0x10010644                render_external_audio_in
 .text.pulse_note_on
                0x100106a0       0x90 CMakeFiles/Touchord.dir/amy/src/oscillators.c.o
                0x100106a0                pulse_note_on
 .text.render_pulse
                0x10010730      0x150 CMakeFiles/Touchord.dir/amy/src/oscillators.c.o
                0x10010730                render_pulse
 .text.pulse_mod_trigger
                0x10010880        0x4 CMakeFiles/Touchord.dir/amy/src/oscillators.c.o
                0x10010880                pulse_mod_trigger
 .text.compute_mod_pulse
                0x10010884       0xf0 CMakeFiles/Touchord.dir/amy/src/oscillators.c.o
                0x10010884                compute_mod_pulse
 .text.saw_down_note_on
                0x10010974       0x90 CMakeFiles/Touchord.dir/amy/src/oscillators.c.o
                0x10010974                saw_down_note_on
 .text.saw_up_note_on
                0x10010a04       0x90 CMakeFiles/Touchord.dir/amy/src/oscillators.c.o
                0x10010a04                saw_up_note_on
 .text.render_saw_down
                0x10010a94       0xbc CMakeFiles/Touchord.dir/amy/src/oscillators.c.o
                0x10010a94                render_saw_down
 .text.render_saw_up
                0x10010b50       0xbc CMakeFiles/Touchord.dir/amy/src/oscillators.c.o
                0x10010b50                render_saw_up
 .text.saw_up_mod_trigger
                0x10010c0c        0x4 CMakeFiles/Touchord.dir/amy/src/oscillators.c.o
                0x10010c0c                saw_up_mod_trigger
 .text.saw_down_mod_trigger
                0x10010c10        0x4 CMakeFiles/Touchord.dir/amy/src/oscillators.c.o
                0x10010c10                saw_down_mod_trigger
 .text.compute_mod_saw_down
                0x10010c14       0x98 CMakeFiles/Touchord.dir/amy/src/oscillators.c.o
                0x10010c14                compute_mod_saw_down
 .text.compute_mod_saw_up
                0x10010cac       0x94 CMakeFiles/Touchord.dir/amy/src/oscillators.c.o
                0x10010cac                compute_mod_saw_up
 .text.triangle_note_on
                0x10010d40       0x90 CMakeFiles/Touchord.dir/amy/src/oscillators.c.o
                0x10010d40                triangle_note_on
 .text.render_triangle
                0x10010dd0       0xbc CMakeFiles/Touchord.dir/amy/src/oscillators.c.o
                0x10010dd0                render_triangle
 .text.triangle_mod_trigger
                0x10010e8c        0x4 CMakeFiles/Touchord.dir/amy/src/oscillators.c.o
                0x10010e8c                triangle_mod_trigger
 .text.compute_mod_triangle
                0x10010e90       0xa0 CMakeFiles/Touchord.dir/amy/src/oscillators.c.o
                0x10010e90                compute_mod_triangle
 .text.fm_sine_note_on
                0x10010f30       0xd0 CMakeFiles/Touchord.dir/amy/src/oscillators.c.o
                0x10010f30                fm_sine_note_on
 .text.render_fm_sine
                0x10011000      0x15c CMakeFiles/Touchord.dir/amy/src/oscillators.c.o
                0x10011000                render_fm_sine
 .text.sine_note_on
                0x1001115c       0x90 CMakeFiles/Touchord.dir/amy/src/oscillators.c.o
                0x1001115c                sine_note_on
 .text.render_sine
                0x100111ec       0xbc CMakeFiles/Touchord.dir/amy/src/oscillators.c.o
                0x100111ec                render_sine
 .text.compute_mod_sine
                0x100112a8       0xc0 CMakeFiles/Touchord.dir/amy/src/oscillators.c.o
                0x100112a8                compute_mod_sine
 .text.sine_mod_trigger
                0x10011368       0xa0 CMakeFiles/Touchord.dir/amy/src/oscillators.c.o
                0x10011368                sine_mod_trigger
 .text.my_srand48
                0x10011408       0x10 CMakeFiles/Touchord.dir/amy/src/oscillators.c.o
                0x10011408                my_srand48
 .text.noise_note_on
                0x10011418       0x1c CMakeFiles/Touchord.dir/amy/src/oscillators.c.o
                0x10011418                noise_note_on
 .text.render_noise
                0x10011434       0xd8 CMakeFiles/Touchord.dir/amy/src/oscillators.c.o
                0x10011434                render_noise
 .text.compute_mod_noise
                0x1001150c       0xcc CMakeFiles/Touchord.dir/amy/src/oscillators.c.o
                0x1001150c                compute_mod_noise
 .text.render_envelope
                0x100115d8       0x70 CMakeFiles/Touchord.dir/amy/src/oscillators.c.o
                0x100115d8                render_envelope
 .text.render_partial
                0x10011648       0xbc CMakeFiles/Touchord.dir/amy/src/oscillators.c.o
                0x10011648                render_partial
 .text.partial_note_on
                0x10011704       0xa0 CMakeFiles/Touchord.dir/amy/src/oscillators.c.o
                0x10011704                partial_note_on
 .text.render_ks
                0x100117a4      0x1a8 CMakeFiles/Touchord.dir/amy/src/oscillators.c.o
                0x100117a4                render_ks
 .text.ks_note_on
                0x1001194c      0x108 CMakeFiles/Touchord.dir/amy/src/oscillators.c.o
                0x1001194c                ks_note_on
 .text.ks_note_off
                0x10011a54       0x14 CMakeFiles/Touchord.dir/amy/src/oscillators.c.o
                0x10011a54                ks_note_off
 .text.ks_init  0x10011a68       0x40 CMakeFiles/Touchord.dir/amy/src/oscillators.c.o
                0x10011a68                ks_init
 .text.ks_deinit
                0x10011aa8       0x34 CMakeFiles/Touchord.dir/amy/src/oscillators.c.o
                0x10011aa8                ks_deinit
 .text.parse_list_uint32_t.constprop.0.isra.0
                0x10011adc       0xd8 CMakeFiles/Touchord.dir/amy/src/parse.c.o
 .text.atoff    0x10011bb4       0xa0 CMakeFiles/Touchord.dir/amy/src/parse.c.o
                0x10011bb4                atoff
 .text.parse_event_breakpoints
                0x10011c54      0x2e8 CMakeFiles/Touchord.dir/amy/src/parse.c.o
 .text.parse_list_file_params
                0x10011f3c      0x110 CMakeFiles/Touchord.dir/amy/src/parse.c.o
                0x10011f3c                parse_list_file_params
 .text.parse_list_file_transfer_params
                0x1001204c       0xe4 CMakeFiles/Touchord.dir/amy/src/parse.c.o
                0x1001204c                parse_list_file_transfer_params
 .text.parse_algo_source
                0x10012130      0x174 CMakeFiles/Touchord.dir/amy/src/parse.c.o
                0x10012130                parse_algo_source
 .text.parse_voices
                0x100122a4       0xf8 CMakeFiles/Touchord.dir/amy/src/parse.c.o
                0x100122a4                parse_voices
 .text.ms_to_samples
                0x1001239c       0x2c CMakeFiles/Touchord.dir/amy/src/parse.c.o
                0x1001239c                ms_to_samples
 .text.parse_coef_message
                0x100123c8      0x1a4 CMakeFiles/Touchord.dir/amy/src/parse.c.o
                0x100123c8                parse_coef_message
 .text.parse_midi_cc_payload
                0x1001256c       0xa4 CMakeFiles/Touchord.dir/amy/src/parse.c.o
                0x1001256c                parse_midi_cc_payload
 .text.amy_parse_synth_layer_message
                0x10012610      0x158 CMakeFiles/Touchord.dir/amy/src/parse.c.o
                0x10012610                amy_parse_synth_layer_message
 .text.amy_parse_transfer_layer_message
                0x10012768      0x260 CMakeFiles/Touchord.dir/amy/src/parse.c.o
                0x10012768                amy_parse_transfer_layer_message
 .text.amy_parse_message
                0x100129c8      0x9c8 CMakeFiles/Touchord.dir/amy/src/parse.c.o
                0x100129c8                amy_parse_message
 .text.patches_deinit
                0x10013390       0x24 CMakeFiles/Touchord.dir/amy/src/patches.c.o
                0x10013390                patches_deinit
 .text.patches_reset_patch
                0x100133b4       0x6c CMakeFiles/Touchord.dir/amy/src/patches.c.o
                0x100133b4                patches_reset_patch
 .text.patches_reset
                0x10013420       0xd4 CMakeFiles/Touchord.dir/amy/src/patches.c.o
                0x10013420                patches_reset
 .text.patches_init
                0x100134f4       0x60 CMakeFiles/Touchord.dir/amy/src/patches.c.o
                0x100134f4                patches_init
 .text.patches_debug
                0x10013554      0x1e8 CMakeFiles/Touchord.dir/amy/src/patches.c.o
                0x10013554                patches_debug
 .text.queue_for_patch_number
                0x1001373c       0x50 CMakeFiles/Touchord.dir/amy/src/patches.c.o
                0x1001373c                queue_for_patch_number
 .text.update_num_oscs_for_patch_number
                0x1001378c       0x70 CMakeFiles/Touchord.dir/amy/src/patches.c.o
                0x1001378c                update_num_oscs_for_patch_number
 .text.all_notes_off
                0x100137fc       0x44 CMakeFiles/Touchord.dir/amy/src/patches.c.o
                0x100137fc                all_notes_off
 .text.sprint_event
                0x10013840     0x1fb4 CMakeFiles/Touchord.dir/amy/src/patches.c.o
                0x10013840                sprint_event
 .text.set_event_for_osc
                0x100157f4      0x6e0 CMakeFiles/Touchord.dir/amy/src/patches.c.o
                0x100157f4                set_event_for_osc
 .text.set_event_for_global_fx
                0x10015ed4      0x15c CMakeFiles/Touchord.dir/amy/src/patches.c.o
                0x10015ed4                set_event_for_global_fx
 .text.yield_synth_events
                0x10016030      0x13c CMakeFiles/Touchord.dir/amy/src/patches.c.o
                0x10016030                yield_synth_events
 .text.yield_synth_commands
                0x1001616c       0x94 CMakeFiles/Touchord.dir/amy/src/patches.c.o
                0x1001616c                yield_synth_commands
 .text.parse_patch_string_to_queue
                0x10016200       0x88 CMakeFiles/Touchord.dir/amy/src/patches.c.o
                0x10016200                parse_patch_string_to_queue
 .text.patches_store_patch
                0x10016288       0xe0 CMakeFiles/Touchord.dir/amy/src/patches.c.o
                0x10016288                patches_store_patch
 .text.patches_voices_for_note_onoff_event
                0x10016368      0x118 CMakeFiles/Touchord.dir/amy/src/patches.c.o
                0x10016368                patches_voices_for_note_onoff_event
 .text.patches_voices_for_event
                0x10016480      0x1dc CMakeFiles/Touchord.dir/amy/src/patches.c.o
                0x10016480                patches_voices_for_event
 .text.patches_event_has_voices
                0x1001665c       0x80 CMakeFiles/Touchord.dir/amy/src/patches.c.o
                0x1001665c                patches_event_has_voices
 .text.patches_voices_for_load_synth
                0x100166dc      0x150 CMakeFiles/Touchord.dir/amy/src/patches.c.o
                0x100166dc                patches_voices_for_load_synth
 .text.patches_load_patch
                0x1001682c      0x54c CMakeFiles/Touchord.dir/amy/src/patches.c.o
                0x1001682c                patches_load_patch
 .text.get_preset_for_preset_number
                0x10016d78       0xbc CMakeFiles/Touchord.dir/amy/src/pcm.c.o
                0x10016d78                get_preset_for_preset_number
 .text.pcm_init
                0x10016e34        0xc CMakeFiles/Touchord.dir/amy/src/pcm.c.o
                0x10016e34                pcm_init
 .text.pcm_deinit
                0x10016e40       0x68 CMakeFiles/Touchord.dir/amy/src/pcm.c.o
                0x10016e40                pcm_deinit
 .text.pcm_note_on
                0x10016ea8       0xe0 CMakeFiles/Touchord.dir/amy/src/pcm.c.o
                0x10016ea8                pcm_note_on
 .text.pcm_mod_trigger
                0x10016f88       0xe0 CMakeFiles/Touchord.dir/amy/src/pcm.c.o
                0x10016f88                pcm_mod_trigger
 .text.pcm_note_off
                0x10017068       0x84 CMakeFiles/Touchord.dir/amy/src/pcm.c.o
                0x10017068                pcm_note_off
 .text.render_pcm
                0x100170ec      0x3a4 CMakeFiles/Touchord.dir/amy/src/pcm.c.o
                0x100170ec                render_pcm
 .text.compute_mod_pcm
                0x10017490       0x48 CMakeFiles/Touchord.dir/amy/src/pcm.c.o
                0x10017490                compute_mod_pcm
 .text.pcm_load_file
                0x100174d8      0x1d8 CMakeFiles/Touchord.dir/amy/src/pcm.c.o
                0x100174d8                pcm_load_file
 .text.pcm_load
                0x100176b0      0x134 CMakeFiles/Touchord.dir/amy/src/pcm.c.o
                0x100176b0                pcm_load
 .text.pcm_unload_preset
                0x100177e4       0x58 CMakeFiles/Touchord.dir/amy/src/pcm.c.o
                0x100177e4                pcm_unload_preset
 .text.pcm_unload_all_presets
                0x1001783c       0x68 CMakeFiles/Touchord.dir/amy/src/pcm.c.o
                0x1001783c                pcm_unload_all_presets
 .text.sequencer_process_tick
                0x100178a4       0xd4 CMakeFiles/Touchord.dir/amy/src/sequencer.c.o
 .text.sequencer_timer_callback
                0x10017978       0xac CMakeFiles/Touchord.dir/amy/src/sequencer.c.o
 .text.sequencer_init
                0x10017a24       0xd4 CMakeFiles/Touchord.dir/amy/src/sequencer.c.o
                0x10017a24                sequencer_init
 .text.sequencer_reset
                0x10017af8       0x60 CMakeFiles/Touchord.dir/amy/src/sequencer.c.o
                0x10017af8                sequencer_reset
 .text.sequencer_deinit
                0x10017b58       0x78 CMakeFiles/Touchord.dir/amy/src/sequencer.c.o
                0x10017b58                sequencer_deinit
 .text.sequencer_debug
                0x10017bd0       0xa4 CMakeFiles/Touchord.dir/amy/src/sequencer.c.o
                0x10017bd0                sequencer_debug
 .text.sequencer_recompute
                0x10017c74       0x68 CMakeFiles/Touchord.dir/amy/src/sequencer.c.o
                0x10017c74                sequencer_recompute
 .text.sequencer_midi_start
                0x10017cdc       0x40 CMakeFiles/Touchord.dir/amy/src/sequencer.c.o
                0x10017cdc                sequencer_midi_start
 .text.sequencer_midi_stop
                0x10017d1c        0xc CMakeFiles/Touchord.dir/amy/src/sequencer.c.o
                0x10017d1c                sequencer_midi_stop
 .text.sequencer_add_event
                0x10017d28       0xac CMakeFiles/Touchord.dir/amy/src/sequencer.c.o
                0x10017d28                sequencer_add_event
 .text.amy_emit_state_lines
                0x10017dd4       0xf0 CMakeFiles/Touchord.dir/amy/src/transfer.c.o
 .text.start_receiving_transfer
                0x10017ec4       0x3c CMakeFiles/Touchord.dir/amy/src/transfer.c.o
                0x10017ec4                start_receiving_transfer
 .text.start_receiving_sample
                0x10017f00       0x2c CMakeFiles/Touchord.dir/amy/src/transfer.c.o
                0x10017f00                start_receiving_sample
 .text.stop_receiving_sample
                0x10017f2c       0x1c CMakeFiles/Touchord.dir/amy/src/transfer.c.o
                0x10017f2c                stop_receiving_sample
 .text.start_receiving_file_transfer
                0x10017f48       0xa8 CMakeFiles/Touchord.dir/amy/src/transfer.c.o
                0x10017f48                start_receiving_file_transfer
 .text.b64_encode
                0x10017ff0      0x180 CMakeFiles/Touchord.dir/amy/src/transfer.c.o
                0x10017ff0                b64_encode
 .text._zdump_stream_drain.part.0
                0x10018170       0x84 CMakeFiles/Touchord.dir/amy/src/transfer.c.o
 .text._zdump_state_line_cb
                0x100181f4       0xd0 CMakeFiles/Touchord.dir/amy/src/transfer.c.o
 .text.b64_decode_ex
                0x100182c4      0x190 CMakeFiles/Touchord.dir/amy/src/transfer.c.o
                0x100182c4                b64_decode_ex
 .text.parse_transfer_message
                0x10018454       0xe8 CMakeFiles/Touchord.dir/amy/src/transfer.c.o
                0x10018454                parse_transfer_message
 .text.amy_dump_state_to_sysex
                0x1001853c      0x13c CMakeFiles/Touchord.dir/amy/src/transfer.c.o
                0x1001853c                amy_dump_state_to_sysex
 .text.amy_dump_file_to_sysex
                0x10018678      0x25c CMakeFiles/Touchord.dir/amy/src/transfer.c.o
                0x10018678                amy_dump_file_to_sysex
 .text.transfer_init
                0x100188d4        0x4 CMakeFiles/Touchord.dir/amy/src/transfer.c.o
                0x100188d4                transfer_init
 .text.wave_parse_header
                0x100188d8      0x1cc CMakeFiles/Touchord.dir/amy/src/transfer.c.o
                0x100188d8                wave_parse_header
 .text.wave_read_pcm_frames_s16
                0x10018aa4      0x138 CMakeFiles/Touchord.dir/amy/src/transfer.c.o
                0x10018aa4                wave_read_pcm_frames_s16
 .text.gpio_default_irq_handler
                0x10018bdc      0x2c8 CMakeFiles/Touchord.dir/Users/davidricaud/.pico-sdk/sdk/2.2.0/src/rp2_common/hardware_gpio/gpio.c.o
 .text.gpio_set_function
                0x10018ea4       0x34 CMakeFiles/Touchord.dir/Users/davidricaud/.pico-sdk/sdk/2.2.0/src/rp2_common/hardware_gpio/gpio.c.o
                0x10018ea4                gpio_set_function
 .text.gpio_set_pulls
                0x10018ed8       0x28 CMakeFiles/Touchord.dir/Users/davidricaud/.pico-sdk/sdk/2.2.0/src/rp2_common/hardware_gpio/gpio.c.o
                0x10018ed8                gpio_set_pulls
 .text.gpio_set_irq_enabled
                0x10018f00       0x58 CMakeFiles/Touchord.dir/Users/davidricaud/.pico-sdk/sdk/2.2.0/src/rp2_common/hardware_gpio/gpio.c.o
                0x10018f00                gpio_set_irq_enabled
 .text.gpio_set_irq_enabled_with_callback
                0x10018f58       0xd0 CMakeFiles/Touchord.dir/Users/davidricaud/.pico-sdk/sdk/2.2.0/src/rp2_common/hardware_gpio/gpio.c.o
                0x10018f58                gpio_set_irq_enabled_with_callback
 .text.gpio_init
                0x10019028       0x40 CMakeFiles/Touchord.dir/Users/davidricaud/.pico-sdk/sdk/2.2.0/src/rp2_common/hardware_gpio/gpio.c.o
                0x10019028                gpio_init
 .text.rp2040_chip_version
                0x10019068        0xc CMakeFiles/Touchord.dir/Users/davidricaud/.pico-sdk/sdk/2.2.0/src/rp2040/pico_platform/platform.c.o
                0x10019068                rp2040_chip_version
 .text.panic    0x10019074       0x30 CMakeFiles/Touchord.dir/Users/davidricaud/.pico-sdk/sdk/2.2.0/src/rp2_common/pico_platform_panic/panic.c.o
                0x10019074                panic
 .text.hw_claim_lock
                0x100190a4       0x18 CMakeFiles/Touchord.dir/Users/davidricaud/.pico-sdk/sdk/2.2.0/src/common/hardware_claim/claim.c.o
                0x100190a4                hw_claim_lock
 .text.hw_claim_unlock
                0x100190bc       0x14 CMakeFiles/Touchord.dir/Users/davidricaud/.pico-sdk/sdk/2.2.0/src/common/hardware_claim/claim.c.o
                0x100190bc                hw_claim_unlock
 .text.hw_is_claimed
                0x100190d0       0x18 CMakeFiles/Touchord.dir/Users/davidricaud/.pico-sdk/sdk/2.2.0/src/common/hardware_claim/claim.c.o
                0x100190d0                hw_is_claimed
 .text.hw_claim_or_assert
                0x100190e8       0x44 CMakeFiles/Touchord.dir/Users/davidricaud/.pico-sdk/sdk/2.2.0/src/common/hardware_claim/claim.c.o
                0x100190e8                hw_claim_or_assert
 .text.hw_claim_unused_from_range
                0x1001912c       0x88 CMakeFiles/Touchord.dir/Users/davidricaud/.pico-sdk/sdk/2.2.0/src/common/hardware_claim/claim.c.o
                0x1001912c                hw_claim_unused_from_range
 .text.hw_claim_clear
                0x100191b4       0x38 CMakeFiles/Touchord.dir/Users/davidricaud/.pico-sdk/sdk/2.2.0/src/common/hardware_claim/claim.c.o
                0x100191b4                hw_claim_clear
 .text.next_striped_spin_lock_num
                0x100191ec       0x18 CMakeFiles/Touchord.dir/Users/davidricaud/.pico-sdk/sdk/2.2.0/src/rp2_common/hardware_sync/sync.c.o
                0x100191ec                next_striped_spin_lock_num
 .text.spin_lock_claim_unused
                0x10019204       0x24 CMakeFiles/Touchord.dir/Users/davidricaud/.pico-sdk/sdk/2.2.0/src/rp2_common/hardware_sync/sync.c.o
                0x10019204                spin_lock_claim_unused
 .text.spin_locks_reset
                0x10019228       0x1c CMakeFiles/Touchord.dir/Users/davidricaud/.pico-sdk/sdk/2.2.0/src/rp2_common/hardware_sync_spin_lock/sync_spin_lock.c.o
                0x10019228                spin_locks_reset
 .text.runtime_init_per_core_irq_priorities
                0x10019244       0x24 CMakeFiles/Touchord.dir/Users/davidricaud/.pico-sdk/sdk/2.2.0/src/rp2_common/hardware_irq/irq.c.o
                0x10019244                runtime_init_per_core_irq_priorities
 .text.irq_set_enabled
                0x10019268       0x24 CMakeFiles/Touchord.dir/Users/davidricaud/.pico-sdk/sdk/2.2.0/src/rp2_common/hardware_irq/irq.c.o
                0x10019268                irq_set_enabled
 .text.irq_is_enabled
                0x1001928c       0x18 CMakeFiles/Touchord.dir/Users/davidricaud/.pico-sdk/sdk/2.2.0/src/rp2_common/hardware_irq/irq.c.o
                0x1001928c                irq_is_enabled
 .text.irq_set_exclusive_handler
                0x100192a4       0x54 CMakeFiles/Touchord.dir/Users/davidricaud/.pico-sdk/sdk/2.2.0/src/rp2_common/hardware_irq/irq.c.o
                0x100192a4                irq_set_exclusive_handler
 .text.irq_add_shared_handler
                0x100192f8      0x1f4 CMakeFiles/Touchord.dir/Users/davidricaud/.pico-sdk/sdk/2.2.0/src/rp2_common/hardware_irq/irq.c.o
                0x100192f8                irq_add_shared_handler
 .text.irq_remove_handler
                0x100194ec      0x1d4 CMakeFiles/Touchord.dir/Users/davidricaud/.pico-sdk/sdk/2.2.0/src/rp2_common/hardware_irq/irq.c.o
                0x100194ec                irq_remove_handler
 .text.irq_add_tail_to_free_list
                0x100196c0       0xb4 CMakeFiles/Touchord.dir/Users/davidricaud/.pico-sdk/sdk/2.2.0/src/rp2_common/hardware_irq/irq.c.o
                0x100196c0                irq_add_tail_to_free_list
 .text.lock_init
                0x10019774       0x10 CMakeFiles/Touchord.dir/Users/davidricaud/.pico-sdk/sdk/2.2.0/src/common/pico_sync/lock_core.c.o
                0x10019774                lock_init
 .text.runtime_init_mutex
                0x10019784       0x50 CMakeFiles/Touchord.dir/Users/davidricaud/.pico-sdk/sdk/2.2.0/src/common/pico_sync/mutex.c.o
                0x10019784                runtime_init_mutex
 .text.mutex_init
                0x100197d4       0x1c CMakeFiles/Touchord.dir/Users/davidricaud/.pico-sdk/sdk/2.2.0/src/common/pico_sync/mutex.c.o
                0x100197d4                mutex_init
 .text.critical_section_init
                0x100197f0       0x1c CMakeFiles/Touchord.dir/Users/davidricaud/.pico-sdk/sdk/2.2.0/src/common/pico_sync/critical_section.c.o
                0x100197f0                critical_section_init
 .text.sleep_until_callback
                0x1001980c       0x30 CMakeFiles/Touchord.dir/Users/davidricaud/.pico-sdk/sdk/2.2.0/src/common/pico_time/time.c.o
 .text.alarm_pool_irq_handler
                0x1001983c      0x300 CMakeFiles/Touchord.dir/Users/davidricaud/.pico-sdk/sdk/2.2.0/src/common/pico_time/time.c.o
 .text.runtime_init_default_alarm_pool
                0x10019b3c       0xdc CMakeFiles/Touchord.dir/Users/davidricaud/.pico-sdk/sdk/2.2.0/src/common/pico_time/time.c.o
                0x10019b3c                runtime_init_default_alarm_pool
 .text.alarm_pool_get_default
                0x10019c18        0x8 CMakeFiles/Touchord.dir/Users/davidricaud/.pico-sdk/sdk/2.2.0/src/common/pico_time/time.c.o
                0x10019c18                alarm_pool_get_default
 .text.alarm_pool_add_alarm_at_force_in_context
                0x10019c20       0xb0 CMakeFiles/Touchord.dir/Users/davidricaud/.pico-sdk/sdk/2.2.0/src/common/pico_time/time.c.o
                0x10019c20                alarm_pool_add_alarm_at_force_in_context
 .text.alarm_pool_cancel_alarm
                0x10019cd0       0x74 CMakeFiles/Touchord.dir/Users/davidricaud/.pico-sdk/sdk/2.2.0/src/common/pico_time/time.c.o
                0x10019cd0                alarm_pool_cancel_alarm
 .text.sleep_ms
                0x10019d44       0xfc CMakeFiles/Touchord.dir/Users/davidricaud/.pico-sdk/sdk/2.2.0/src/common/pico_time/time.c.o
                0x10019d44                sleep_ms
 .text.best_effort_wfe_or_timeout
                0x10019e40      0x10c CMakeFiles/Touchord.dir/Users/davidricaud/.pico-sdk/sdk/2.2.0/src/common/pico_time/time.c.o
                0x10019e40                best_effort_wfe_or_timeout
 .text.alarm_pool_add_repeating_timer_us
                0x10019f4c      0x124 CMakeFiles/Touchord.dir/Users/davidricaud/.pico-sdk/sdk/2.2.0/src/common/pico_time/time.c.o
                0x10019f4c                alarm_pool_add_repeating_timer_us
 .text.cancel_repeating_timer
                0x1001a070       0x84 CMakeFiles/Touchord.dir/Users/davidricaud/.pico-sdk/sdk/2.2.0/src/common/pico_time/time.c.o
                0x1001a070                cancel_repeating_timer
 .text.timer_hardware_alarm_claim
                0x1001a0f4       0x14 CMakeFiles/Touchord.dir/Users/davidricaud/.pico-sdk/sdk/2.2.0/src/rp2_common/hardware_timer/timer.c.o
                0x1001a0f4                timer_hardware_alarm_claim
 .text.timer_time_us_64
                0x1001a108       0x10 CMakeFiles/Touchord.dir/Users/davidricaud/.pico-sdk/sdk/2.2.0/src/rp2_common/hardware_timer/timer.c.o
                0x1001a108                timer_time_us_64
 .text.time_us_64
                0x1001a118       0x14 CMakeFiles/Touchord.dir/Users/davidricaud/.pico-sdk/sdk/2.2.0/src/rp2_common/hardware_timer/timer.c.o
                0x1001a118                time_us_64
 .text.busy_wait_us
                0x1001a12c       0x68 CMakeFiles/Touchord.dir/Users/davidricaud/.pico-sdk/sdk/2.2.0/src/rp2_common/hardware_timer/timer.c.o
                0x1001a12c                busy_wait_us
 .text.busy_wait_until
                0x1001a194       0x20 CMakeFiles/Touchord.dir/Users/davidricaud/.pico-sdk/sdk/2.2.0/src/rp2_common/hardware_timer/timer.c.o
                0x1001a194                busy_wait_until
 .text.queue_init_with_spinlock
                0x1001a1b4       0x24 CMakeFiles/Touchord.dir/Users/davidricaud/.pico-sdk/sdk/2.2.0/src/common/pico_util/queue.c.o
                0x1001a1b4                queue_init_with_spinlock
 .text.queue_try_add
                0x1001a1d8       0x70 CMakeFiles/Touchord.dir/Users/davidricaud/.pico-sdk/sdk/2.2.0/src/common/pico_util/queue.c.o
                0x1001a1d8                queue_try_add
 .text.queue_try_remove
                0x1001a248       0x74 CMakeFiles/Touchord.dir/Users/davidricaud/.pico-sdk/sdk/2.2.0/src/common/pico_util/queue.c.o
                0x1001a248                queue_try_remove
 .text.uart_init
                0x1001a2bc      0x120 CMakeFiles/Touchord.dir/Users/davidricaud/.pico-sdk/sdk/2.2.0/src/rp2_common/hardware_uart/uart.c.o
                0x1001a2bc                uart_init
 .text.uart_set_format
                0x1001a3dc       0x78 CMakeFiles/Touchord.dir/Users/davidricaud/.pico-sdk/sdk/2.2.0/src/rp2_common/hardware_uart/uart.c.o
                0x1001a3dc                uart_set_format
 .text.uart_set_fifo_enabled
                0x1001a454       0x5c CMakeFiles/Touchord.dir/Users/davidricaud/.pico-sdk/sdk/2.2.0/src/rp2_common/hardware_uart/uart.c.o
                0x1001a454                uart_set_fifo_enabled
 .text.clock_configure_int_divider
                0x1001a4b0       0xf4 CMakeFiles/Touchord.dir/Users/davidricaud/.pico-sdk/sdk/2.2.0/src/rp2_common/hardware_clocks/clocks.c.o
                0x1001a4b0                clock_configure_int_divider
 .text.clock_configure_undivided
                0x1001a5a4       0xe8 CMakeFiles/Touchord.dir/Users/davidricaud/.pico-sdk/sdk/2.2.0/src/rp2_common/hardware_clocks/clocks.c.o
                0x1001a5a4                clock_configure_undivided
 .text.clock_get_hz
                0x1001a68c        0xc CMakeFiles/Touchord.dir/Users/davidricaud/.pico-sdk/sdk/2.2.0/src/rp2_common/hardware_clocks/clocks.c.o
                0x1001a68c                clock_get_hz
 .text.pll_init
                0x1001a698       0xa4 CMakeFiles/Touchord.dir/Users/davidricaud/.pico-sdk/sdk/2.2.0/src/rp2_common/hardware_pll/pll.c.o
                0x1001a698                pll_init
 .text.tick_start
                0x1001a73c       0x10 CMakeFiles/Touchord.dir/Users/davidricaud/.pico-sdk/sdk/2.2.0/src/rp2_common/hardware_ticks/ticks.c.o
                0x1001a73c                tick_start
 .text.rom_func_lookup
                0x1001a74c       0x10 CMakeFiles/Touchord.dir/Users/davidricaud/.pico-sdk/sdk/2.2.0/src/rp2_common/pico_bootrom/bootrom.c.o
                0x1001a74c                rom_func_lookup
 .text.rom_data_lookup
                0x1001a75c       0x10 CMakeFiles/Touchord.dir/Users/davidricaud/.pico-sdk/sdk/2.2.0/src/rp2_common/pico_bootrom/bootrom.c.o
                0x1001a75c                rom_data_lookup
 .text.rom_funcs_lookup
                0x1001a76c       0x44 CMakeFiles/Touchord.dir/Users/davidricaud/.pico-sdk/sdk/2.2.0/src/rp2_common/pico_bootrom/bootrom.c.o
                0x1001a76c                rom_funcs_lookup
 .text.rom_reset_usb_boot
                0x1001a7b0       0x1c CMakeFiles/Touchord.dir/Users/davidricaud/.pico-sdk/sdk/2.2.0/src/rp2_common/pico_bootrom/bootrom.c.o
                0x1001a7b0                rom_reset_usb_boot
 .text.xosc_init
                0x1001a7cc       0x28 CMakeFiles/Touchord.dir/Users/davidricaud/.pico-sdk/sdk/2.2.0/src/rp2_common/hardware_xosc/xosc.c.o
                0x1001a7cc                xosc_init
 .text.first_per_core_initializer
                0x1001a7f4        0x4 CMakeFiles/Touchord.dir/Users/davidricaud/.pico-sdk/sdk/2.2.0/src/rp2_common/pico_runtime/runtime.c.o
 .text.hard_assertion_failure
                0x1001a7f8        0xc CMakeFiles/Touchord.dir/Users/davidricaud/.pico-sdk/sdk/2.2.0/src/rp2_common/pico_runtime/runtime.c.o
                0x1001a7f8                hard_assertion_failure
 .text.runtime_run_initializers
                0x1001a804       0x28 CMakeFiles/Touchord.dir/Users/davidricaud/.pico-sdk/sdk/2.2.0/src/rp2_common/pico_runtime/runtime.c.o
                0x1001a804                runtime_run_initializers
 .text.runtime_run_per_core_initializers
                0x1001a82c       0x28 CMakeFiles/Touchord.dir/Users/davidricaud/.pico-sdk/sdk/2.2.0/src/rp2_common/pico_runtime/runtime.c.o
                0x1001a82c                runtime_run_per_core_initializers
 .text.runtime_init_early_resets
                0x1001a854       0x2c CMakeFiles/Touchord.dir/Users/davidricaud/.pico-sdk/sdk/2.2.0/src/rp2_common/pico_runtime_init/runtime_init.c.o
                0x1001a854                runtime_init_early_resets
 .text.runtime_init_usb_power_down
                0x1001a880       0x1c CMakeFiles/Touchord.dir/Users/davidricaud/.pico-sdk/sdk/2.2.0/src/rp2_common/pico_runtime_init/runtime_init.c.o
                0x1001a880                runtime_init_usb_power_down
 .text.runtime_init_post_clock_resets
                0x1001a89c       0x20 CMakeFiles/Touchord.dir/Users/davidricaud/.pico-sdk/sdk/2.2.0/src/rp2_common/pico_runtime_init/runtime_init.c.o
                0x1001a89c                runtime_init_post_clock_resets
 .text.runtime_init_rp2040_gpio_ie_disable
                0x1001a8bc       0x14 CMakeFiles/Touchord.dir/Users/davidricaud/.pico-sdk/sdk/2.2.0/src/rp2_common/pico_runtime_init/runtime_init.c.o
                0x1001a8bc                runtime_init_rp2040_gpio_ie_disable
 .text.runtime_init_spin_locks_reset
                0x1001a8d0        0x8 CMakeFiles/Touchord.dir/Users/davidricaud/.pico-sdk/sdk/2.2.0/src/rp2_common/pico_runtime_init/runtime_init.c.o
                0x1001a8d0                runtime_init_spin_locks_reset
 .text.runtime_init_install_ram_vector_table
                0x1001a8d8       0xb4 CMakeFiles/Touchord.dir/Users/davidricaud/.pico-sdk/sdk/2.2.0/src/rp2_common/pico_runtime_init/runtime_init.c.o
                0x1001a8d8                runtime_init_install_ram_vector_table
 .text.runtime_init_clocks
                0x1001a98c       0xd8 CMakeFiles/Touchord.dir/Users/davidricaud/.pico-sdk/sdk/2.2.0/src/rp2_common/pico_runtime_init/runtime_init_clocks.c.o
                0x1001a98c                runtime_init_clocks
 .text          0x1001aa64       0x10 CMakeFiles/Touchord.dir/Users/davidricaud/.pico-sdk/sdk/2.2.0/src/rp2_common/pico_bit_ops/bit_ops_aeabi.S.o
 .text.clzsi    0x1001aa74        0xc CMakeFiles/Touchord.dir/Users/davidricaud/.pico-sdk/sdk/2.2.0/src/rp2_common/pico_bit_ops/bit_ops_aeabi.S.o
                0x1001aa74                __wrap___clz
                0x1001aa74                __wrap___clzsi2
                0x1001aa74                __wrap___clzl
 .text.__wrap___aeabi_idiv
                0x1001aa80       0x50 CMakeFiles/Touchord.dir/Users/davidricaud/.pico-sdk/sdk/2.2.0/src/rp2_common/pico_divider/divider_hardware.S.o
                0x1001aa80                __wrap___aeabi_idivmod
                0x1001aa80                divmod_s32s32
                0x1001aa80                div_s32s32
                0x1001aa80                __wrap___aeabi_idiv
                0x1001aa88                divmod_s32s32_unsafe
                0x1001aab4                divmod_s32s32_savestate
 .text.__wrap___aeabi_uidiv
                0x1001aad0       0x4c CMakeFiles/Touchord.dir/Users/davidricaud/.pico-sdk/sdk/2.2.0/src/rp2_common/pico_divider/divider_hardware.S.o
                0x1001aad0                __wrap___aeabi_uidiv
                0x1001aad0                __wrap___aeabi_uidivmod
                0x1001aad0                div_u32u32
                0x1001aad0                divmod_u32u32
                0x1001aad8                divmod_u32u32_unsafe
                0x1001ab00                divmod_u32u32_savestate
 .text.__wrap___aeabi_ldiv
                0x1001ab1c      0x424 CMakeFiles/Touchord.dir/Users/davidricaud/.pico-sdk/sdk/2.2.0/src/rp2_common/pico_divider/divider_hardware.S.o
                0x1001ab1c                __wrap___aeabi_ldivmod
                0x1001ab1c                div_s64s64
                0x1001ab1c                divmod_s64s64
                0x1001ab4c                divmod_u64u64
                0x1001ab4c                div_u64u64
                0x1001ab4c                __wrap___aeabi_uldivmod
                0x1001ab5c                divmod_u64u64_savestate
                0x1001ab7c                divmod_s64s64_unsafe
                0x1001ac04                divmod_u64u64_unsafe
 .text.__wrap___aeabi_darithmetic
                0x1001af40       0x60 CMakeFiles/Touchord.dir/Users/davidricaud/.pico-sdk/sdk/2.2.0/src/rp2_common/pico_double/double_aeabi_rp2040.S.o
                0x1001af40                __wrap___aeabi_drsub
                0x1001af46                __wrap___aeabi_dsub
                0x1001af50                __wrap___aeabi_dadd
                0x1001af5a                __wrap___aeabi_ddiv
                0x1001af8e                __wrap___aeabi_dmul
 .text.__wrap___aeabi_cdcmple
                0x1001afa0       0x6c CMakeFiles/Touchord.dir/Users/davidricaud/.pico-sdk/sdk/2.2.0/src/rp2_common/pico_double/double_aeabi_rp2040.S.o
                0x1001afa0                __wrap___aeabi_cdrcmple
                0x1001afb0                __wrap___aeabi_cdcmple
                0x1001afb0                __wrap___aeabi_cdcmpeq
 .text.__wrap___aeabi_dcmpeq
                0x1001b00c       0x10 CMakeFiles/Touchord.dir/Users/davidricaud/.pico-sdk/sdk/2.2.0/src/rp2_common/pico_double/double_aeabi_rp2040.S.o
                0x1001b00c                __wrap___aeabi_dcmpeq
 .text.__wrap___aeabi_dcmplt
                0x1001b01c        0xc CMakeFiles/Touchord.dir/Users/davidricaud/.pico-sdk/sdk/2.2.0/src/rp2_common/pico_double/double_aeabi_rp2040.S.o
                0x1001b01c                __wrap___aeabi_dcmplt
 .text.__wrap___aeabi_dcmple
                0x1001b028       0x10 CMakeFiles/Touchord.dir/Users/davidricaud/.pico-sdk/sdk/2.2.0/src/rp2_common/pico_double/double_aeabi_rp2040.S.o
                0x1001b028                __wrap___aeabi_dcmple
 .text.__wrap___aeabi_dcmpge
                0x1001b038       0x10 CMakeFiles/Touchord.dir/Users/davidricaud/.pico-sdk/sdk/2.2.0/src/rp2_common/pico_double/double_aeabi_rp2040.S.o
                0x1001b038                __wrap___aeabi_dcmpge
 .text.__wrap___aeabi_dcmpgt
                0x1001b048        0xa CMakeFiles/Touchord.dir/Users/davidricaud/.pico-sdk/sdk/2.2.0/src/rp2_common/pico_double/double_aeabi_rp2040.S.o
                0x1001b048                __wrap___aeabi_dcmpgt
 .text.__wrap___aeabi_dcmpun
                0x1001b052       0x18 CMakeFiles/Touchord.dir/Users/davidricaud/.pico-sdk/sdk/2.2.0/src/rp2_common/pico_double/double_aeabi_rp2040.S.o
                0x1001b052                __wrap___aeabi_dcmpun
 *fill*         0x1001b06a        0x2 
 .text.__wrap___aeabi_i2d
                0x1001b06c       0x38 CMakeFiles/Touchord.dir/Users/davidricaud/.pico-sdk/sdk/2.2.0/src/rp2_common/pico_double/double_aeabi_rp2040.S.o
                0x1001b06c                __wrap___aeabi_ui2d
                0x1001b06c                uint2double
                0x1001b074                __wrap___aeabi_i2d
                0x1001b074                int2double
 .text.__wrap___aeabi_d2iz
                0x1001b0a4       0x48 CMakeFiles/Touchord.dir/Users/davidricaud/.pico-sdk/sdk/2.2.0/src/rp2_common/pico_double/double_aeabi_rp2040.S.o
                0x1001b0a4                __wrap___aeabi_d2iz
                0x1001b0a4                double2int_z
 .text.__wrap___aeabi_d2uiz
                0x1001b0ec       0x10 CMakeFiles/Touchord.dir/Users/davidricaud/.pico-sdk/sdk/2.2.0/src/rp2_common/pico_double/double_aeabi_rp2040.S.o
                0x1001b0ec                double2uint_z
                0x1001b0ec                double2uint
                0x1001b0ec                __wrap___aeabi_d2uiz
 .text.__wrap___aeabi_l2d
                0x1001b0fc       0x10 CMakeFiles/Touchord.dir/Users/davidricaud/.pico-sdk/sdk/2.2.0/src/rp2_common/pico_double/double_aeabi_rp2040.S.o
                0x1001b0fc                __wrap___aeabi_l2d
                0x1001b0fc                int642double
 .text.__wrap___aeabi_d2lz
                0x1001b10c       0x26 CMakeFiles/Touchord.dir/Users/davidricaud/.pico-sdk/sdk/2.2.0/src/rp2_common/pico_double/double_aeabi_rp2040.S.o
                0x1001b10c                __wrap___aeabi_d2lz
                0x1001b10c                double2int64_z
 *fill*         0x1001b132        0x2 
 .text.double2int64
                0x1001b134       0x10 CMakeFiles/Touchord.dir/Users/davidricaud/.pico-sdk/sdk/2.2.0/src/rp2_common/pico_double/double_aeabi_rp2040.S.o
                0x1001b134                double2int64
 .text.double2ufix64
                0x1001b144       0x10 CMakeFiles/Touchord.dir/Users/davidricaud/.pico-sdk/sdk/2.2.0/src/rp2_common/pico_double/double_aeabi_rp2040.S.o
                0x1001b144                double2ufix64
                0x1001b144                double2ufix64_z
 .text.__wrap___aeabi_d2f
                0x1001b154       0x10 CMakeFiles/Touchord.dir/Users/davidricaud/.pico-sdk/sdk/2.2.0/src/rp2_common/pico_double/double_aeabi_rp2040.S.o
                0x1001b154                __wrap___aeabi_d2f
 .text.__wrap_exp
                0x1001b164       0x10 CMakeFiles/Touchord.dir/Users/davidricaud/.pico-sdk/sdk/2.2.0/src/rp2_common/pico_double/double_aeabi_rp2040.S.o
                0x1001b164                __wrap_exp
 .text.__wrap_log
                0x1001b174       0x10 CMakeFiles/Touchord.dir/Users/davidricaud/.pico-sdk/sdk/2.2.0/src/rp2_common/pico_double/double_aeabi_rp2040.S.o
                0x1001b174                __wrap_log
 .text.missing_double_func_shim
                0x1001b184        0xc CMakeFiles/Touchord.dir/Users/davidricaud/.pico-sdk/sdk/2.2.0/src/rp2_common/pico_double/double_init_rom_rp2040.c.o
 .text.__aeabi_double_init
                0x1001b190       0xa0 CMakeFiles/Touchord.dir/Users/davidricaud/.pico-sdk/sdk/2.2.0/src/rp2_common/pico_double/double_init_rom_rp2040.c.o
                0x1001b190                __aeabi_double_init
 .text.double_table_shim_on_use_helper
                0x1001b230       0x2c CMakeFiles/Touchord.dir/Users/davidricaud/.pico-sdk/sdk/2.2.0/src/rp2_common/pico_double/double_v1_rom_shim_rp2040.S.o
                0x1001b230                double_table_shim_on_use_helper
 .text.__aeabi_lmul
                0x1001b25c       0x32 CMakeFiles/Touchord.dir/Users/davidricaud/.pico-sdk/sdk/2.2.0/src/rp2_common/pico_int64_ops/pico_int64_ops_aeabi.S.o
                0x1001b25c                __wrap___aeabi_lmul
 *fill*         0x1001b28e        0x2 
 .text.__wrap___aeabi_farithmetic