Archive member included to satisfy reference by file (symbol)

/Users/davidricaud/.pico-sdk/toolchain/14_2_Rel1/bin/../lib/gcc/arm-none-eabi/14.2.1/../../../../arm-none-eabi/lib/thumb/v6-m/nofp/libm.a(libm_a-sf_lround.o)
                              CMakeFiles/Touchord.dir/amy/src/patches.c.o (lroundf)
/Users/davidricaud/.pico-sdk/toolchain/14_2_Rel1/bin/../lib/gcc/arm-none-eabi/14.2.1/thumb/v6-m/nofp/libgcc.a(_dvmd_tls.o)
                              CMakeFiles/Touchord.dir/Users/davidricaud/.pico-sdk/sdk/2.2.0/src/rp2_common/pico_divider/divider_hardware.S.o (__aeabi_idiv0)
/Users/davidricaud/.pico-sdk/toolchain/14_2_Rel1/bin/../lib/gcc/arm-none-eabi/14.2.1/../../../../arm-none-eabi/lib/thumb/v6-m/nofp/libg.a(libc_a-abort.o)
                              CMakeFiles/Touchord.dir/amy/src/amy.c.o (abort)
/Users/davidricaud/.pico-sdk/toolchain/14_2_Rel1/bin/../lib/gcc/arm-none-eabi/14.2.1/../../../../arm-none-eabi/lib/thumb/v6-m/nofp/libg.a(libc_a-atof.o)
                              CMakeFiles/Touchord.dir/amy/src/parse.c.o (atof)
/Users/davidricaud/.pico-sdk/toolchain/14_2_Rel1/bin/../lib/gcc/arm-none-eabi/14.2.1/../../../../arm-none-eabi/lib/thumb/v6-m/nofp/libg.a(libc_a-atoi.o)
                              CMakeFiles/Touchord.dir/amy/src/parse.c.o (atoi)
/Users/davidricaud/.pico-sdk/toolchain/14_2_Rel1/bin/../lib/gcc/arm-none-eabi/14.2.1/../../../../arm-none-eabi/lib/thumb/v6-m/nofp/libg.a(libc_a-atol.o)
                              CMakeFiles/Touchord.dir/amy/src/parse.c.o (atol)
/Users/davidricaud/.pico-sdk/toolchain/14_2_Rel1/bin/../lib/gcc/arm-none-eabi/14.2.1/../../../../arm-none-eabi/lib/thumb/v6-m/nofp/libg.a(libc_a-calloc.o)
                              CMakeFiles/Touchord.dir/Users/davidricaud/.pico-sdk/sdk/2.2.0/src/rp2_common/pico_malloc/malloc.c.o (calloc)
/Users/davidricaud/.pico-sdk/toolchain/14_2_Rel1/bin/../lib/gcc/arm-none-eabi/14.2.1/../../../../arm-none-eabi/lib/thumb/v6-m/nofp/libg.a(libc_a-callocr.o)
                              /Users/davidricaud/.pico-sdk/toolchain/14_2_Rel1/bin/../lib/gcc/arm-none-eabi/14.2.1/../../../../arm-none-eabi/lib/thumb/v6-m/nofp/libg.a(libc_a-calloc.o) (_calloc_r)
/Users/davidricaud/.pico-sdk/toolchain/14_2_Rel1/bin/../lib/gcc/arm-none-eabi/14.2.1/../../../../arm-none-eabi/lib/thumb/v6-m/nofp/libg.a(libc_a-itoa.o)
                              CMakeFiles/Touchord.dir/src/Modes/Compose.c.o (itoa)
/Users/davidricaud/.pico-sdk/toolchain/14_2_Rel1/bin/../lib/gcc/arm-none-eabi/14.2.1/../../../../arm-none-eabi/lib/thumb/v6-m/nofp/libg.a(libc_a-malloc.o)
                              CMakeFiles/Touchord.dir/Users/davidricaud/.pico-sdk/sdk/2.2.0/src/rp2_common/pico_malloc/malloc.c.o (malloc)
/Users/davidricaud/.pico-sdk/toolchain/14_2_Rel1/bin/../lib/gcc/arm-none-eabi/14.2.1/../../../../arm-none-eabi/lib/thumb/v6-m/nofp/libg.a(libc_a-mallocr.o)
                              /Users/davidricaud/.pico-sdk/toolchain/14_2_Rel1/bin/../lib/gcc/arm-none-eabi/14.2.1/../../../../arm-none-eabi/lib/thumb/v6-m/nofp/libg.a(libc_a-callocr.o) (_malloc_r)
/Users/davidricaud/.pico-sdk/toolchain/14_2_Rel1/bin/../lib/gcc/arm-none-eabi/14.2.1/../../../../arm-none-eabi/lib/thumb/v6-m/nofp/libg.a(libc_a-mlock.o)
                              /Users/davidricaud/.pico-sdk/toolchain/14_2_Rel1/bin/../lib/gcc/arm-none-eabi/14.2.1/../../../../arm-none-eabi/lib/thumb/v6-m/nofp/libg.a(libc_a-mallocr.o) (__malloc_lock)
/Users/davidricaud/.pico-sdk/toolchain/14_2_Rel1/bin/../lib/gcc/arm-none-eabi/14.2.1/../../../../arm-none-eabi/lib/thumb/v6-m/nofp/libg.a(libc_a-fwrite.o)
                              CMakeFiles/Touchord.dir/amy/src/amy.c.o (fwrite)
/Users/davidricaud/.pico-sdk/toolchain/14_2_Rel1/bin/../lib/gcc/arm-none-eabi/14.2.1/../../../../arm-none-eabi/lib/thumb/v6-m/nofp/libg.a(libc_a-realloc.o)
                              CMakeFiles/Touchord.dir/Users/davidricaud/.pico-sdk/sdk/2.2.0/src/rp2_common/pico_malloc/malloc.c.o (realloc)
/Users/davidricaud/.pico-sdk/toolchain/14_2_Rel1/bin/../lib/gcc/arm-none-eabi/14.2.1/../../../../arm-none-eabi/lib/thumb/v6-m/nofp/libg.a(libc_a-reallocr.o)
                              /Users/davidricaud/.pico-sdk/toolchain/14_2_Rel1/bin/../lib/gcc/arm-none-eabi/14.2.1/../../../../arm-none-eabi/lib/thumb/v6-m/nofp/libg.a(libc_a-realloc.o) (_realloc_r)
/Users/davidricaud/.pico-sdk/toolchain/14_2_Rel1/bin/../lib/gcc/arm-none-eabi/14.2.1/../../../../arm-none-eabi/lib/thumb/v6-m/nofp/libg.a(libc_a-strtod.o)
                              /Users/davidricaud/.pico-sdk/toolchain/14_2_Rel1/bin/../lib/gcc/arm-none-eabi/14.2.1/../../../../arm-none-eabi/lib/thumb/v6-m/nofp/libg.a(libc_a-atof.o) (strtod)
/Users/davidricaud/.pico-sdk/toolchain/14_2_Rel1/bin/../lib/gcc/arm-none-eabi/14.2.1/../../../../arm-none-eabi/lib/thumb/v6-m/nofp/libg.a(libc_a-strtol.o)
                              /Users/davidricaud/.pico-sdk/toolchain/14_2_Rel1/bin/../lib/gcc/arm-none-eabi/14.2.1/../../../../arm-none-eabi/lib/thumb/v6-m/nofp/libg.a(libc_a-atoi.o) (_strtol_r)
[...]
Memory Configuration

Name             Origin             Length             Attributes
FLASH            0x10000000         0x00200000         xr
RAM              0x20000000         0x00040000         xrw
SCRATCH_X        0x20040000         0x00001000         xrw
SCRATCH_Y        0x20041000         0x00001000         xrw
*default*        0x00000000         0xffffffff

Linker script and memory map

LOAD /Users/davidricaud/.pico-sdk/toolchain/14_2_Rel1/bin/../lib/gcc/arm-none-eabi/14.2.1/thumb/v6-m/nofp/crti.o
LOAD /Users/davidricaud/.pico-sdk/toolchain/14_2_Rel1/bin/../lib/gcc/arm-none-eabi/14.2.1/thumb/v6-m/nofp/crtbegin.o
LOAD /Users/davidricaud/.pico-sdk/toolchain/14_2_Rel1/bin/../lib/gcc/arm-none-eabi/14.2.1/../../../../arm-none-eabi/lib/thumb/v6-m/nofp/crt0.o

.flash_begin    0x10000000        0x0
                0x10000000                        __flash_binary_start = .

.boot2          0x10000000      0x100
                0x10000000                        __boot2_start__ = .
 *(.boot2)
 .boot2         0x10000000      0x100 pico-sdk/src/rp2040/boot_stage2/CMakeFiles/bs2_default_library.dir/./bs2_default_padded_checksummed.S.o
                0x10000100                        __boot2_end__ = .
                0x00000001                        ASSERT (((__boot2_end__ - __boot2_start__) == 0x100), ERROR: Pico second stage bootloader must be 256 bytes in size)

.text           0x10000100    0x28c3c
                0x10000100                        __logical_binary_start = .
 *(.vectors)
 .vectors       0x10000100       0xd4 CMakeFiles/Touchord.dir/Users/davidricaud/.pico-sdk/sdk/2.2.0/src/rp2_common/pico_crt0/crt0.S.o
                0x10000100                __VECTOR_TABLE
                0x10000100                __vectors
                0x100001c0                isr_irq13
                0x100001c0                isr_irq27
                0x100001c0                isr_irq31
                0x100001c0                isr_irq5
                0x100001c0                isr_irq11
                0x100001c0                isr_irq23
                0x100001c0                isr_irq18
                0x100001c0                isr_irq9
                0x100001c0                __unhandled_user_irq
                0x100001c0                isr_irq25
                0x100001c0                isr_irq4
                0x100001c0                isr_irq16
                0x100001c0                isr_irq29
                0x100001c0                isr_irq26
                0x100001c0                isr_irq3
                0x100001c0                isr_irq12
                0x100001c0                isr_irq30
                0x100001c0                isr_irq28
                0x100001c0                isr_irq19
                0x100001c0                isr_irq0
                0x100001c0                isr_irq6
                0x100001c0                isr_irq22
                0x100001c0                isr_irq17
                0x100001c0                isr_irq14
                0x100001c0                __vectors_end
                0x100001c0                __default_isrs_start
                0x100001c0                isr_irq2
                0x100001c0                isr_irq10
                0x100001c0                isr_irq8
                0x100001c0                isr_irq24
                0x100001c0                isr_irq1
                0x100001c0                isr_irq7
                0x100001c0                isr_irq21
                0x100001c0                isr_irq20
                0x100001c0                isr_irq15
                0x100001c6                unhandled_user_irq_num_in_r0
                0x100001c8                isr_invalid
                0x100001ca                isr_nmi
                0x100001cc                isr_hardfault
                0x100001ce                isr_svcall
                0x100001d0                isr_pendsv
                0x100001d2                isr_systick
                0x100001d4                __default_isrs_end
 *(.binary_info_header)
 .binary_info_header
                0x100001d4       0x14 CMakeFiles/Touchord.dir/Users/davidricaud/.pico-sdk/sdk/2.2.0/src/rp2_common/pico_crt0/crt0.S.o
                0x100001e8                        __binary_info_header_end = .
 *(.embedded_block)
                0x100001e8                        __embedded_block_end = .
 *(.reset)
 .reset         0x100001e8       0x9c CMakeFiles/Touchord.dir/Users/davidricaud/.pico-sdk/sdk/2.2.0/src/rp2_common/pico_crt0/crt0.S.o
                0x100001e8                _entry_point
 *(.init)
 .init          0x10000284        0x4 /Users/davidricaud/.pico-sdk/toolchain/14_2_Rel1/bin/../lib/gcc/arm-none-eabi/14.2.1/thumb/v6-m/nofp/crti.o
                0x10000284                _init
 *(EXCLUDE_FILE(*libm.a: *libc.a:*lib_a-mem*.o *libgcc.a:) .text*)
 .text.register_tm_clones
                0x10000288       0x28 /Users/davidricaud/.pico-sdk/toolchain/14_2_Rel1/bin/../lib/gcc/arm-none-eabi/14.2.1/thumb/v6-m/nofp/crtbegin.o
 .text.frame_dummy
                0x100002b0       0x24 /Users/davidricaud/.pico-sdk/toolchain/14_2_Rel1/bin/../lib/gcc/arm-none-eabi/14.2.1/thumb/v6-m/nofp/crtbegin.o
 .text.boot_status
                0x100002d4       0xb8 CMakeFiles/Touchord.dir/src/Touchord.c.o
 .text.encoder_gpio_irq
                0x1000038c       0xc4 CMakeFiles/Touchord.dir/src/Touchord.c.o
 .text.trill_writeto_mem.constprop.0.isra.0
                0x10000450       0x50 CMakeFiles/Touchord.dir/src/Touchord.c.o
 .text.poll_buttons
                0x100004a0      0x4c0 CMakeFiles/Touchord.dir/src/Touchord.c.o
                0x100004a0                poll_buttons
 .text.poll_trill_bar
                0x10000960      0x218 CMakeFiles/Touchord.dir/src/Touchord.c.o
                0x10000960                poll_trill_bar
 .text.init_GPIO
                0x10000b78      0x118 CMakeFiles/Touchord.dir/src/Touchord.c.o
                0x10000b78                init_GPIO
 .text.init_i2c
                0x10000c90       0x38 CMakeFiles/Touchord.dir/src/Touchord.c.o
                0x10000c90                init_i2c
 .text.select_mode
                0x10000cc8       0x88 CMakeFiles/Touchord.dir/src/Touchord.c.o
                0x10000cc8                select_mode
 .text.serial_poll
                0x10000d50       0x6c CMakeFiles/Touchord.dir/src/Touchord.c.o
                0x10000d50                serial_poll
 .text.startup.main
                0x10000dbc      0x4b4 CMakeFiles/Touchord.dir/src/Touchord.c.o
                0x10000dbc                main
 .text.tud_mount_cb
                0x10001270       0x24 CMakeFiles/Touchord.dir/src/Touchord.c.o
                0x10001270                tud_mount_cb
 .text.tud_umount_cb
                0x10001294       0x24 CMakeFiles/Touchord.dir/src/Touchord.c.o
                0x10001294                tud_umount_cb
 .text.tud_suspend_cb
                0x100012b8       0x28 CMakeFiles/Touchord.dir/src/Touchord.c.o
                0x100012b8                tud_suspend_cb
 .text.tud_resume_cb
                0x100012e0       0x24 CMakeFiles/Touchord.dir/src/Touchord.c.o
                0x100012e0                tud_resume_cb
 .text.tc_debug_write_bytes_blocking.part.0
                0x10001304       0x90 CMakeFiles/Touchord.dir/src/Debug.c.o
 .text.tc_debug_service_usb
                0x10001394       0x7c CMakeFiles/Touchord.dir/src/Debug.c.o
                0x10001394                tc_debug_service_usb
 .text.tc_debug_get_stage
                0x10001410        0x8 CMakeFiles/Touchord.dir/src/Debug.c.o
                0x10001410                tc_debug_get_stage
 .text.tc_debug_logf
                0x10001418      0x1c4 CMakeFiles/Touchord.dir/src/Debug.c.o
                0x10001418                tc_debug_logf
 .text.tc_debug_init
                0x100015dc       0x2c CMakeFiles/Touchord.dir/src/Debug.c.o
                0x100015dc                tc_debug_init
 .text.tc_debug_mark_usb_started
                0x10001608       0x18 CMakeFiles/Touchord.dir/src/Debug.c.o
                0x10001608                tc_debug_mark_usb_started
 .text.tc_debug_stage
                0x10001620       0x6c CMakeFiles/Touchord.dir/src/Debug.c.o
                0x10001620                tc_debug_stage
 .text.tc_debug_write_line
                0x1000168c       0x80 CMakeFiles/Touchord.dir/src/Debug.c.o
                0x1000168c                tc_debug_write_line
 .text.tc_debug_dump_log
                0x1000170c      0x220 CMakeFiles/Touchord.dir/src/Debug.c.o
                0x1000170c                tc_debug_dump_log
 .text.tud_descriptor_device_cb
                0x1000192c        0x8 CMakeFiles/Touchord.dir/src/usb_descriptors.c.o
                0x1000192c                tud_descriptor_device_cb
 .text.tud_descriptor_configuration_cb
                0x10001934        0x8 CMakeFiles/Touchord.dir/src/usb_descriptors.c.o
                0x10001934                tud_descriptor_configuration_cb
 .text.tud_descriptor_string_cb
                0x1000193c       0x74 CMakeFiles/Touchord.dir/src/usb_descriptors.c.o
                0x1000193c                tud_descriptor_string_cb
 .text.compose_update
                0x100019b0        0x4 CMakeFiles/Touchord.dir/src/Modes/Compose.c.o
                0x100019b0                compose_update
 .text.compose_key_up_independent
                0x100019b4        0x4 CMakeFiles/Touchord.dir/src/Modes/Compose.c.o
                0x100019b4                compose_key_up_independent
 .text.compose_trill_up
                0x100019b8       0x24 CMakeFiles/Touchord.dir/src/Modes/Compose.c.o
                0x100019b8                compose_trill_up
 .text.compose_key_down
                0x100019dc       0x80 CMakeFiles/Touchord.dir/src/Modes/Compose.c.o
                0x100019dc                compose_key_down
 .text.compose_button_down
                0x10001a5c       0x34 CMakeFiles/Touchord.dir/src/Modes/Compose.c.o
                0x10001a5c                compose_button_down
 .text.compose_key_up
                0x10001a90       0x5c CMakeFiles/Touchord.dir/src/Modes/Compose.c.o
                0x10001a90                compose_key_up
 .text.compose_trill_down
                0x10001aec      0x26c CMakeFiles/Touchord.dir/src/Modes/Compose.c.o
                0x10001aec                compose_trill_down
 .text.compose_button_up
                0x10001d58        0x4 CMakeFiles/Touchord.dir/src/Modes/Compose.c.o
                0x10001d58                compose_button_up
 .text.compose_draw
                0x10001d5c      0x150 CMakeFiles/Touchord.dir/src/Modes/Compose.c.o
                0x10001d5c                compose_draw
 .text.compose_button_double_down
                0x10001eac        0x4 CMakeFiles/Touchord.dir/src/Modes/Compose.c.o
                0x10001eac                compose_button_double_down
 .text.compose_start
                0x10001eb0       0xa8 CMakeFiles/Touchord.dir/src/Modes/Compose.c.o
                0x10001eb0                compose_start
 .text.compose_end
                0x10001f58       0x2c CMakeFiles/Touchord.dir/src/Modes/Compose.c.o
                0x10001f58                compose_end
 .text.compose_adjust_test_value
                0x10001f84       0x1c CMakeFiles/Touchord.dir/src/Modes/Compose.c.o
                0x10001f84                compose_adjust_test_value
 .text.strum_update
                0x10001fa0        0x4 CMakeFiles/Touchord.dir/src/Modes/Strum.c.o
                0x10001fa0                strum_update
 .text.strum_key_up
                0x10001fa4        0x4 CMakeFiles/Touchord.dir/src/Modes/Strum.c.o
                0x10001fa4                strum_key_up
 .text.strum_trill_down
                0x10001fa8       0xb8 CMakeFiles/Touchord.dir/src/Modes/Strum.c.o
                0x10001fa8                strum_trill_down
 .text.strum_trill_up
                0x10002060       0x20 CMakeFiles/Touchord.dir/src/Modes/Strum.c.o
                0x10002060                strum_trill_up
 .text.strum_draw
                0x10002080      0x108 CMakeFiles/Touchord.dir/src/Modes/Strum.c.o
                0x10002080                strum_draw
 .text.strum_key_down
                0x10002188       0x30 CMakeFiles/Touchord.dir/src/Modes/Strum.c.o
                0x10002188                strum_key_down
 .text.strum_button_double_down
                0x100021b8       0x2c CMakeFiles/Touchord.dir/src/Modes/Strum.c.o
                0x100021b8                strum_button_double_down
 .text.strum_button_down
                0x100021e4       0x60 CMakeFiles/Touchord.dir/src/Modes/Strum.c.o
                0x100021e4                strum_button_down
 .text.strum_button_up
                0x10002244        0x4 CMakeFiles/Touchord.dir/src/Modes/Strum.c.o
                0x10002244                strum_button_up
 .text.strum_key_up_independent
                0x10002248        0x4 CMakeFiles/Touchord.dir/src/Modes/Strum.c.o
                0x10002248                strum_key_up_independent
 .text.strum_start
                0x1000224c       0x90 CMakeFiles/Touchord.dir/src/Modes/Strum.c.o
                0x1000224c                strum_start
 .text.strum_end
                0x100022dc       0x24 CMakeFiles/Touchord.dir/src/Modes/Strum.c.o
                0x100022dc                strum_end
 .text.trigger_boot_sel
                0x10002300        0xc CMakeFiles/Touchord.dir/src/Modes/Settings.c.o
                0x10002300                trigger_boot_sel
 .text.settings_key_down
                0x1000230c        0xc CMakeFiles/Touchord.dir/src/Modes/Settings.c.o
                0x1000230c                settings_key_down
 .text.settings_key_up
                0x10002318        0x4 CMakeFiles/Touchord.dir/src/Modes/Settings.c.o
                0x10002318                settings_key_up
 .text.settings_button_down
                0x1000231c       0xd8 CMakeFiles/Touchord.dir/src/Modes/Settings.c.o
                0x1000231c                settings_button_down
 .text.settings_trill_down
                0x100023f4      0x150 CMakeFiles/Touchord.dir/src/Modes/Settings.c.o
                0x100023f4                settings_trill_down
 .text.settings_trill_up
                0x10002544       0x10 CMakeFiles/Touchord.dir/src/Modes/Settings.c.o
                0x10002544                settings_trill_up
 .text.trigger_midi_type
                0x10002554       0x14 CMakeFiles/Touchord.dir/src/Modes/Settings.c.o
                0x10002554                trigger_midi_type
 .text.trigger_custom_scale
                0x10002568        0x8 CMakeFiles/Touchord.dir/src/Modes/Settings.c.o
                0x10002568                trigger_custom_scale
 .text.trigger_factory_reset
                0x10002570       0x2c CMakeFiles/Touchord.dir/src/Modes/Settings.c.o
                0x10002570                trigger_factory_reset
 .text.trigger_output_mode
                0x1000259c       0x14 CMakeFiles/Touchord.dir/src/Modes/Settings.c.o
                0x1000259c                trigger_output_mode
 .text.settings_button_up
                0x100025b0        0x4 CMakeFiles/Touchord.dir/src/Modes/Settings.c.o
                0x100025b0                settings_button_up
 .text.settings_key_up_independent
                0x100025b4        0x4 CMakeFiles/Touchord.dir/src/Modes/Settings.c.o
                0x100025b4                settings_key_up_independent
 .text.settings_button_double_down
                0x100025b8        0x4 CMakeFiles/Touchord.dir/src/Modes/Settings.c.o
                0x100025b8                settings_button_double_down
 .text.settings_update
                0x100025bc        0x4 CMakeFiles/Touchord.dir/src/Modes/Settings.c.o
                0x100025bc                settings_update
 .text.settings_draw
                0x100025c0      0x244 CMakeFiles/Touchord.dir/src/Modes/Settings.c.o
                0x100025c0                settings_draw
 .text.settings_start
                0x10002804       0xa8 CMakeFiles/Touchord.dir/src/Modes/Settings.c.o
                0x10002804                settings_start
 .text.settings_end
                0x100028ac        0x4 CMakeFiles/Touchord.dir/src/Modes/Settings.c.o
                0x100028ac                settings_end
 .text.perform_update
                0x100028b0        0x4 CMakeFiles/Touchord.dir/src/Modes/Perform.c.o
                0x100028b0                perform_update
 .text.perform_key_up_independent
                0x100028b4        0x4 CMakeFiles/Touchord.dir/src/Modes/Perform.c.o
                0x100028b4                perform_key_up_independent
 .text.perform_trill_down
                0x100028b8       0x4c CMakeFiles/Touchord.dir/src/Modes/Perform.c.o
                0x100028b8                perform_trill_down
 .text.perform_draw
                0x10002904      0x108 CMakeFiles/Touchord.dir/src/Modes/Perform.c.o
                0x10002904                perform_draw
 .text.perform_key_down
                0x10002a0c       0x54 CMakeFiles/Touchord.dir/src/Modes/Perform.c.o
                0x10002a0c                perform_key_down
 .text.perform_key_up
                0x10002a60       0x44 CMakeFiles/Touchord.dir/src/Modes/Perform.c.o
                0x10002a60                perform_key_up
 .text.perform_button_down
                0x10002aa4       0x34 CMakeFiles/Touchord.dir/src/Modes/Perform.c.o
                0x10002aa4                perform_button_down
 .text.perform_trill_up
                0x10002ad8       0x44 CMakeFiles/Touchord.dir/src/Modes/Perform.c.o
                0x10002ad8                perform_trill_up
 .text.perform_button_up
                0x10002b1c        0x4 CMakeFiles/Touchord.dir/src/Modes/Perform.c.o
                0x10002b1c                perform_button_up
 .text.perform_button_double_down
                0x10002b20        0x4 CMakeFiles/Touchord.dir/src/Modes/Perform.c.o
                0x10002b20                perform_button_double_down
 .text.perform_start
                0x10002b24       0x90 CMakeFiles/Touchord.dir/src/Modes/Perform.c.o
                0x10002b24                perform_start
 .text.perform_end
                0x10002bb4       0x44 CMakeFiles/Touchord.dir/src/Modes/Perform.c.o
                0x10002bb4                perform_end
 .text.omni_update
                0x10002bf8        0x4 CMakeFiles/Touchord.dir/src/Modes/Omni.c.o
                0x10002bf8                omni_update
 .text.omni_key_up_independent
                0x10002bfc        0x4 CMakeFiles/Touchord.dir/src/Modes/Omni.c.o
                0x10002bfc                omni_key_up_independent
 .text.omni_key_up
                0x10002c00       0x30 CMakeFiles/Touchord.dir/src/Modes/Omni.c.o
                0x10002c00                omni_key_up
 .text.omni_trill_down
                0x10002c30      0x164 CMakeFiles/Touchord.dir/src/Modes/Omni.c.o
                0x10002c30                omni_trill_down
 .text.omni_trill_up
                0x10002d94       0x30 CMakeFiles/Touchord.dir/src/Modes/Omni.c.o
                0x10002d94                omni_trill_up
 .text.omni_draw
                0x10002dc4      0x108 CMakeFiles/Touchord.dir/src/Modes/Omni.c.o
                0x10002dc4                omni_draw
 .text.omni_key_down
                0x10002ecc       0x88 CMakeFiles/Touchord.dir/src/Modes/Omni.c.o
                0x10002ecc                omni_key_down
 .text.omni_button_down
                0x10002f54       0x34 CMakeFiles/Touchord.dir/src/Modes/Omni.c.o
                0x10002f54                omni_button_down
 .text.omni_button_double_down
                0x10002f88       0x30 CMakeFiles/Touchord.dir/src/Modes/Omni.c.o
                0x10002f88                omni_button_double_down
 .text.omni_button_up
                0x10002fb8        0x4 CMakeFiles/Touchord.dir/src/Modes/Omni.c.o
                0x10002fb8                omni_button_up
 .text.omni_start
                0x10002fbc       0x98 CMakeFiles/Touchord.dir/src/Modes/Omni.c.o
                0x10002fbc                omni_start
 .text.omni_end
                0x10003054       0x5c CMakeFiles/Touchord.dir/src/Modes/Omni.c.o
                0x10003054                omni_end
 .text.drum_update
                0x100030b0        0x4 CMakeFiles/Touchord.dir/src/Modes/Drum.c.o
                0x100030b0                drum_update
 .text.drum_key_up
                0x100030b4        0x4 CMakeFiles/Touchord.dir/src/Modes/Drum.c.o
                0x100030b4                drum_key_up
 .text.drum_trill_down
                0x100030b8       0x24 CMakeFiles/Touchord.dir/src/Modes/Drum.c.o
                0x100030b8                drum_trill_down
 .text.drum_key_down
                0x100030dc       0x34 CMakeFiles/Touchord.dir/src/Modes/Drum.c.o
                0x100030dc                drum_key_down
 .text.drum_key_up_independent
                0x10003110       0x2c CMakeFiles/Touchord.dir/src/Modes/Drum.c.o
                0x10003110                drum_key_up_independent
 .text.drum_button_down
                0x1000313c       0x34 CMakeFiles/Touchord.dir/src/Modes/Drum.c.o
                0x1000313c                drum_button_down
 .text.drum_button_up
                0x10003170        0x4 CMakeFiles/Touchord.dir/src/Modes/Drum.c.o
                0x10003170                drum_button_up
 .text.drum_draw
                0x10003174       0xc4 CMakeFiles/Touchord.dir/src/Modes/Drum.c.o
                0x10003174                drum_draw
 .text.drum_button_double_down
                0x10003238        0x4 CMakeFiles/Touchord.dir/src/Modes/Drum.c.o
                0x10003238                drum_button_double_down
 .text.drum_trill_up
                0x1000323c        0x4 CMakeFiles/Touchord.dir/src/Modes/Drum.c.o
                0x1000323c                drum_trill_up
 .text.drum_start
                0x10003240       0xa0 CMakeFiles/Touchord.dir/src/Modes/Drum.c.o
                0x10003240                drum_start
 .text.drum_end
                0x100032e0       0x24 CMakeFiles/Touchord.dir/src/Modes/Drum.c.o
                0x100032e0                drum_end
 .text.reload_custom_scales
                0x10003304       0x28 CMakeFiles/Touchord.dir/src/Notes/Note.c.o
                0x10003304                reload_custom_scales
 .text.build_chord
                0x1000332c      0x3ac CMakeFiles/Touchord.dir/src/Notes/Note.c.o
                0x1000332c                build_chord
 .text.switch_midi_trs
                0x100036d8       0x30 CMakeFiles/Touchord.dir/src/IO/Midi.c.o
                0x100036d8                switch_midi_trs
 .text.setup_midi_trs
                0x10003708       0x74 CMakeFiles/Touchord.dir/src/IO/Midi.c.o
                0x10003708                setup_midi_trs
 .text.send_midi_note
                0x1000377c       0x74 CMakeFiles/Touchord.dir/src/IO/Midi.c.o
                0x1000377c                send_midi_note
 .text.send_midi_cc
                0x100037f0       0x44 CMakeFiles/Touchord.dir/src/IO/Midi.c.o
                0x100037f0                send_midi_cc
 .text.send_midi_all_notes_off
                0x10003834       0x48 CMakeFiles/Touchord.dir/src/IO/Midi.c.o
                0x10003834                send_midi_all_notes_off
 .text.tc_output_init
                0x1000387c        0x8 CMakeFiles/Touchord.dir/src/IO/Output.c.o
                0x1000387c                tc_output_init
 .text.tc_output_note
                0x10003884       0x80 CMakeFiles/Touchord.dir/src/IO/Output.c.o
                0x10003884                tc_output_note
 .text.tc_output_chord
                0x10003904      0x140 CMakeFiles/Touchord.dir/src/IO/Output.c.o
                0x10003904                tc_output_chord
 .text.tc_output_cc
                0x10003a44       0x3c CMakeFiles/Touchord.dir/src/IO/Output.c.o
                0x10003a44                tc_output_cc
 .text.tc_output_all_notes_off
                0x10003a80        0xc CMakeFiles/Touchord.dir/src/IO/Output.c.o
                0x10003a80                tc_output_all_notes_off
 .text.tc_audio_init
                0x10003a8c      0x6b4 CMakeFiles/Touchord.dir/src/Audio/Pcm5102Audio.c.o
                0x10003a8c                tc_audio_init
 .text.tc_audio_write_blocking
                0x10004140      0x628 CMakeFiles/Touchord.dir/src/Audio/Pcm5102Audio.c.o
                0x10004140                tc_audio_write_blocking
 .text.tc_audio_get_status
                0x10004768       0xc0 CMakeFiles/Touchord.dir/src/Audio/Pcm5102Audio.c.o
                0x10004768                tc_audio_get_status
 .text.tc_audio_set_left_lrclk_level
                0x10004828       0x20 CMakeFiles/Touchord.dir/src/Audio/Pcm5102Audio.c.o
                0x10004828                tc_audio_set_left_lrclk_level
 .text.tc_audio_set_i2s_delay
                0x10004848       0x1c CMakeFiles/Touchord.dir/src/Audio/Pcm5102Audio.c.o
                0x10004848                tc_audio_set_i2s_delay
 .text.tc_audio_set_pin_pair_swap
                0x10004864       0x1c CMakeFiles/Touchord.dir/src/Audio/Pcm5102Audio.c.o
                0x10004864                tc_audio_set_pin_pair_swap
 .text.tc_synth_noop_midi_input
                0x10004880        0x4 CMakeFiles/Touchord.dir/src/Synth/AmyEngine.c.o
 .text.tc_synth_configure_touchord_synth
                0x10004884       0xe0 CMakeFiles/Touchord.dir/src/Synth/AmyEngine.c.o
 .text.tc_synth_stop_voice
                0x10004964       0x3c CMakeFiles/Touchord.dir/src/Synth/AmyEngine.c.o
 .text.tc_synth_apply_pitch_bend
                0x100049a0       0x38 CMakeFiles/Touchord.dir/src/Synth/AmyEngine.c.o
 .text.tc_synth_play_note
                0x100049d8      0x154 CMakeFiles/Touchord.dir/src/Synth/AmyEngine.c.o
 .text.tc_synth_init
                0x10004b2c       0x30 CMakeFiles/Touchord.dir/src/Synth/AmyEngine.c.o
                0x10004b2c                tc_synth_init
 .text.tc_synth_audio_task
                0x10004b5c      0x350 CMakeFiles/Touchord.dir/src/Synth/AmyEngine.c.o
                0x10004b5c                tc_synth_audio_task
 .text.tc_synth_is_ready
                0x10004eac        0xc CMakeFiles/Touchord.dir/src/Synth/AmyEngine.c.o
                0x10004eac                tc_synth_is_ready
 .text.tc_synth_set_test_tone
                0x10004eb8        0xc CMakeFiles/Touchord.dir/src/Synth/AmyEngine.c.o
                0x10004eb8                tc_synth_set_test_tone
 .text.tc_synth_test_tone_enabled
                0x10004ec4        0xc CMakeFiles/Touchord.dir/src/Synth/AmyEngine.c.o
                0x10004ec4                tc_synth_test_tone_enabled
 .text.tc_synth_note_on
                0x10004ed0       0x3c CMakeFiles/Touchord.dir/src/Synth/AmyEngine.c.o
                0x10004ed0                tc_synth_note_on
 .text.tc_synth_note_off
                0x10004f0c       0x38 CMakeFiles/Touchord.dir/src/Synth/AmyEngine.c.o
                0x10004f0c                tc_synth_note_off
 .text.tc_synth_control_change
                0x10004f44       0x3c CMakeFiles/Touchord.dir/src/Synth/AmyEngine.c.o
                0x10004f44                tc_synth_control_change
 .text.tc_synth_all_notes_off
                0x10004f80       0x3c CMakeFiles/Touchord.dir/src/Synth/AmyEngine.c.o
                0x10004f80                tc_synth_all_notes_off
 .text.amy_platform_init
                0x10004fbc        0x4 CMakeFiles/Touchord.dir/src/Synth/AmyPlatformStubs.c.o
                0x10004fbc                amy_platform_init
 .text.amy_platform_deinit
                0x10004fc0        0x4 CMakeFiles/Touchord.dir/src/Synth/AmyPlatformStubs.c.o
                0x10004fc0                amy_platform_deinit
 .text.run_midi
                0x10004fc4        0x4 CMakeFiles/Touchord.dir/src/Synth/AmyPlatformStubs.c.o
                0x10004fc4                run_midi
 .text.stop_midi
                0x10004fc8        0x4 CMakeFiles/Touchord.dir/src/Synth/AmyPlatformStubs.c.o
                0x10004fc8                stop_midi
 .text.midi_out
                0x10004fcc        0x4 CMakeFiles/Touchord.dir/src/Synth/AmyPlatformStubs.c.o
                0x10004fcc                midi_out
 .text.amy_send_midi_note_on
                0x10004fd0        0x4 CMakeFiles/Touchord.dir/src/Synth/AmyPlatformStubs.c.o
                0x10004fd0                amy_send_midi_note_on
 .text.amy_send_midi_note_off
                0x10004fd4        0x4 CMakeFiles/Touchord.dir/src/Synth/AmyPlatformStubs.c.o
                0x10004fd4                amy_send_midi_note_off
 .text.touchord_settings_from_json
                0x10004fd8      0x298 CMakeFiles/Touchord.dir/src/Data/Parser.c.o
                0x10004fd8                touchord_settings_from_json
 .text.process_cmd
                0x10005270      0x3e0 CMakeFiles/Touchord.dir/src/Data/Parser.c.o
                0x10005270                process_cmd
 .text.parseString
                0x10005650       0x98 CMakeFiles/Touchord.dir/src/thirdparty/tiny-json.c.o
 .text.poolInit
                0x100056e8        0xc CMakeFiles/Touchord.dir/src/thirdparty/tiny-json.c.o
 .text.poolAlloc
                0x100056f4       0x20 CMakeFiles/Touchord.dir/src/thirdparty/tiny-json.c.o
 .text.primitiveValue
                0x10005714       0x64 CMakeFiles/Touchord.dir/src/thirdparty/tiny-json.c.o
 .text.objValue.constprop.0
                0x10005778      0x340 CMakeFiles/Touchord.dir/src/thirdparty/tiny-json.c.o
 .text.json_getProperty
                0x10005ab8       0x24 CMakeFiles/Touchord.dir/src/thirdparty/tiny-json.c.o
                0x10005ab8                json_getProperty
 .text.json_create
                0x10005adc       0x6c CMakeFiles/Touchord.dir/src/thirdparty/tiny-json.c.o
                0x10005adc                json_create
 .text.ssd1306_draw_char_with_font.part.0
                0x10005b48      0x164 CMakeFiles/Touchord.dir/src/thirdparty/ssd1306.c.o
 .text.ssd1306_init
                0x10005cac      0x144 CMakeFiles/Touchord.dir/src/thirdparty/ssd1306.c.o
                0x10005cac                ssd1306_init
 .text.ssd1306_contrast
                0x10005df0       0x80 CMakeFiles/Touchord.dir/src/thirdparty/ssd1306.c.o
                0x10005df0                ssd1306_contrast
 .text.ssd1306_clear
                0x10005e70       0x10 CMakeFiles/Touchord.dir/src/thirdparty/ssd1306.c.o
                0x10005e70                ssd1306_clear
 .text.ssd1306_draw_line
                0x10005e80       0xd4 CMakeFiles/Touchord.dir/src/thirdparty/ssd1306.c.o
                0x10005e80                ssd1306_draw_line
 .text.ssd1306_draw_string_with_font
                0x10005f54       0x5c CMakeFiles/Touchord.dir/src/thirdparty/ssd1306.c.o
                0x10005f54                ssd1306_draw_string_with_font
 .text.ssd1306_draw_string
                0x10005fb0       0x64 CMakeFiles/Touchord.dir/src/thirdparty/ssd1306.c.o
                0x10005fb0                ssd1306_draw_string
 .text.ssd1306_show
                0x10006014       0xd0 CMakeFiles/Touchord.dir/src/thirdparty/ssd1306.c.o
                0x10006014                ssd1306_show
 .text.algo_note_off
                0x100060e4       0xe4 CMakeFiles/Touchord.dir/amy/src/algorithms.c.o
                0x100060e4                algo_note_off
 .text.algo_note_on
                0x100061c8      0x320 CMakeFiles/Touchord.dir/amy/src/algorithms.c.o
                0x100061c8                algo_note_on
 .text.algo_deinit
                0x100064e8       0x2c CMakeFiles/Touchord.dir/amy/src/algorithms.c.o
                0x100064e8                algo_deinit
 .text.algo_init
                0x10006514       0x40 CMakeFiles/Touchord.dir/amy/src/algorithms.c.o
                0x10006514                algo_init
 .text.render_algo
                0x10006554      0x198 CMakeFiles/Touchord.dir/amy/src/algorithms.c.o
                0x10006554                render_algo
 .text.deltas_add_pool_block.part.0
                0x100066ec       0x20 CMakeFiles/Touchord.dir/amy/src/amy.c.o
 .text.amy_profiles_init
                0x1000670c        0x4 CMakeFiles/Touchord.dir/amy/src/amy.c.o
                0x1000670c                amy_profiles_init
 .text.malloc_caps
                0x10006710        0x8 CMakeFiles/Touchord.dir/amy/src/amy.c.o
                0x10006710                malloc_caps
 .text.config_echo
                0x10006718      0x26c CMakeFiles/Touchord.dir/amy/src/amy.c.o
                0x10006718                config_echo
 .text.alloc_chorus_delay_lines
                0x10006984       0x88 CMakeFiles/Touchord.dir/amy/src/amy.c.o
                0x10006984                alloc_chorus_delay_lines
 .text.peek_stack
                0x10006a0c        0x4 CMakeFiles/Touchord.dir/amy/src/amy.c.o
                0x10006a0c                peek_stack
 .text.global_init
                0x10006a10       0xf4 CMakeFiles/Touchord.dir/amy/src/amy.c.o
                0x10006a10                global_init
 .text.logfreq_of_freq
                0x10006b04       0x24 CMakeFiles/Touchord.dir/amy/src/amy.c.o
                0x10006b04                logfreq_of_freq
 .text.freq_of_logfreq
                0x10006b28       0x28 CMakeFiles/Touchord.dir/amy/src/amy.c.o
                0x10006b28                freq_of_logfreq
 .text.logfreq_for_midi_note
                0x10006b50       0x18 CMakeFiles/Touchord.dir/amy/src/amy.c.o
                0x10006b50                logfreq_for_midi_note
 .text.midi_note_for_logfreq
                0x10006b68       0x18 CMakeFiles/Touchord.dir/amy/src/amy.c.o
                0x10006b68                midi_note_for_logfreq
 .text.add_delta_to_queue
                0x10006b80       0xd8 CMakeFiles/Touchord.dir/amy/src/amy.c.o
                0x10006b80                add_delta_to_queue
 .text.reset_osc_params
                0x10006c58      0x138 CMakeFiles/Touchord.dir/amy/src/amy.c.o
                0x10006c58                reset_osc_params
 .text.reset_osc_by_pointer
                0x10006d90       0x90 CMakeFiles/Touchord.dir/amy/src/amy.c.o
                0x10006d90                reset_osc_by_pointer
 .text.reset_osc
                0x10006e20       0xc0 CMakeFiles/Touchord.dir/amy/src/amy.c.o
                0x10006e20                reset_osc
 .text.amy_deltas_reset
                0x10006ee0       0x44 CMakeFiles/Touchord.dir/amy/src/amy.c.o
                0x10006ee0                amy_deltas_reset
 .text.alloc_osc
                0x10006f24       0x80 CMakeFiles/Touchord.dir/amy/src/amy.c.o
                0x10006f24                alloc_osc
 .text.ensure_osc_allocd.constprop.0
                0x10006fa4       0x1c CMakeFiles/Touchord.dir/amy/src/amy.c.o
 .text.ensure_osc_allocd
                0x10006fc0      0x2e4 CMakeFiles/Touchord.dir/amy/src/amy.c.o
                0x10006fc0                ensure_osc_allocd
 .text.print_osc_debug
                0x100072a4      0x42c CMakeFiles/Touchord.dir/amy/src/amy.c.o
                0x100072a4                print_osc_debug
 .text.show_debug
                0x100076d0      0x220 CMakeFiles/Touchord.dir/amy/src/amy.c.o
                0x100076d0                show_debug
 .text.oscs_deinit
                0x100078f0      0x168 CMakeFiles/Touchord.dir/amy/src/amy.c.o
                0x100078f0                oscs_deinit
 .text.osc_note_on
                0x10007a58       0xb4 CMakeFiles/Touchord.dir/amy/src/amy.c.o
                0x10007a58                osc_note_on
 .text.config_chorus
                0x10007b0c      0x180 CMakeFiles/Touchord.dir/amy/src/amy.c.o
                0x10007b0c                config_chorus
 .text.amy_reset_oscs
                0x10007c8c      0x114 CMakeFiles/Touchord.dir/amy/src/amy.c.o
                0x10007c8c                amy_reset_oscs
 .text.oscs_init
                0x10007da0      0x204 CMakeFiles/Touchord.dir/amy/src/amy.c.o
                0x10007da0                oscs_init
 .text.alpha_to_portamento_ms
                0x10007fa4       0x28 CMakeFiles/Touchord.dir/amy/src/amy.c.o
                0x10007fa4                alpha_to_portamento_ms
 .text.play_delta
                0x10007fcc      0xc6c CMakeFiles/Touchord.dir/amy/src/amy.c.o
                0x10007fcc                play_delta
 .text.amy_event_to_deltas_queue
                0x10008c38      0xb48 CMakeFiles/Touchord.dir/amy/src/amy.c.o
                0x10008c38                amy_event_to_deltas_queue
 .text.hold_and_modify
                0x10009780      0xac0 CMakeFiles/Touchord.dir/amy/src/amy.c.o
                0x10009780                hold_and_modify
 .text.mix_with_pan
                0x1000a240      0x138 CMakeFiles/Touchord.dir/amy/src/amy.c.o
                0x1000a240                mix_with_pan
 .text.render_osc_wave
                0x1000a378      0x4a4 CMakeFiles/Touchord.dir/amy/src/amy.c.o
                0x1000a378                render_osc_wave
 .text.amy_render
                0x1000a81c      0x268 CMakeFiles/Touchord.dir/amy/src/amy.c.o
                0x1000a81c                amy_render
 .text.amy_execute_deltas
                0x1000aa84       0x6c CMakeFiles/Touchord.dir/amy/src/amy.c.o
                0x1000aa84                amy_execute_deltas
 .text.amy_process_event
                0x1000aaf0       0x78 CMakeFiles/Touchord.dir/amy/src/amy.c.o
                0x1000aaf0                amy_process_event
 .text.amy_fill_buffer
                0x1000ab68      0x348 CMakeFiles/Touchord.dir/amy/src/amy.c.o
                0x1000ab68                amy_fill_buffer
 .text.amy_reset_sysclock
                0x1000aeb0       0x20 CMakeFiles/Touchord.dir/amy/src/amy.c.o
                0x1000aeb0                amy_reset_sysclock
 .text.delta_release_list
                0x1000aed0       0x30 CMakeFiles/Touchord.dir/amy/src/amy.c.o
                0x1000aed0                delta_release_list
 .text.delta_list_len
                0x1000af00       0x14 CMakeFiles/Touchord.dir/amy/src/amy.c.o
                0x1000af00                delta_list_len
 .text.amy_default_config
                0x1000af14       0x74 CMakeFiles/Touchord.dir/amy/src/api.c.o
                0x1000af14                amy_default_config
 .text.amy_default_event
                0x1000af88      0x1a8 CMakeFiles/Touchord.dir/amy/src/api.c.o
                0x1000af88                amy_default_event
 .text.amy_clear_event
                0x1000b130      0x1b8 CMakeFiles/Touchord.dir/amy/src/api.c.o
                0x1000b130                amy_clear_event
 .text.amy_simple_fill_buffer
                0x1000b2e8       0x1c CMakeFiles/Touchord.dir/amy/src/api.c.o
                0x1000b2e8                amy_simple_fill_buffer
 .text.amy_sysclock
                0x1000b304       0x2c CMakeFiles/Touchord.dir/amy/src/api.c.o
                0x1000b304                amy_sysclock
 .text.amy_add_message
                0x1000b330      0x21c CMakeFiles/Touchord.dir/amy/src/api.c.o
                0x1000b330                amy_add_message
 .text.amy_add_event
                0x1000b54c       0x30 CMakeFiles/Touchord.dir/amy/src/api.c.o
                0x1000b54c                amy_add_event
 .text.amy_default_synths
                0x1000b57c      0x870 CMakeFiles/Touchord.dir/amy/src/api.c.o
                0x1000b57c                amy_default_synths
 .text.amy_bleep
                0x1000bdec      0x2b8 CMakeFiles/Touchord.dir/amy/src/api.c.o
                0x1000bdec                amy_bleep
 .text.amy_bleep_synth
                0x1000c0a4      0x2ac CMakeFiles/Touchord.dir/amy/src/api.c.o
                0x1000c0a4                amy_bleep_synth
 .text.amy_start
                0x1000c350       0x8c CMakeFiles/Touchord.dir/amy/src/api.c.o
                0x1000c350                amy_start
 .text.amy_stop
                0x1000c3dc       0x10 CMakeFiles/Touchord.dir/amy/src/api.c.o
                0x1000c3dc                amy_stop
 .text.custom_init
                0x1000c3ec       0x14 CMakeFiles/Touchord.dir/amy/src/custom.c.o
                0x1000c3ec                custom_init
 .text.custom_deinit
                0x1000c400       0x14 CMakeFiles/Touchord.dir/amy/src/custom.c.o
                0x1000c400                custom_deinit
 .text.custom_note_on
                0x1000c414       0x10 CMakeFiles/Touchord.dir/amy/src/custom.c.o
                0x1000c414                custom_note_on
 .text.custom_note_off
                0x1000c424       0x10 CMakeFiles/Touchord.dir/amy/src/custom.c.o
                0x1000c424                custom_note_off
 .text.custom_mod_trigger
                0x1000c434       0x10 CMakeFiles/Touchord.dir/amy/src/custom.c.o
                0x1000c434                custom_mod_trigger
 .text.render_custom
                0x1000c444       0x10 CMakeFiles/Touchord.dir/amy/src/custom.c.o
                0x1000c444                render_custom
 .text.compute_mod_custom
                0x1000c454       0x10 CMakeFiles/Touchord.dir/amy/src/custom.c.o
                0x1000c454                compute_mod_custom
 .text.new_delay_line.constprop.0
                0x1000c464       0x50 CMakeFiles/Touchord.dir/amy/src/delay.c.o
 .text.new_delay_line.constprop.1
                0x1000c4b4       0x50 CMakeFiles/Touchord.dir/amy/src/delay.c.o
 .text.new_delay_line.constprop.2
                0x1000c504       0x50 CMakeFiles/Touchord.dir/amy/src/delay.c.o
 .text.new_delay_line
                0x1000c554       0x88 CMakeFiles/Touchord.dir/amy/src/delay.c.o
                0x1000c554                new_delay_line
 .text.free_delay_line
                0x1000c5dc        0x8 CMakeFiles/Touchord.dir/amy/src/delay.c.o
                0x1000c5dc                free_delay_line
 .text.apply_variable_delay
                0x1000c5e4       0xd8 CMakeFiles/Touchord.dir/amy/src/delay.c.o
                0x1000c5e4                apply_variable_delay
 .text.apply_fixed_delay
                0x1000c6bc      0x18c CMakeFiles/Touchord.dir/amy/src/delay.c.o
                0x1000c6bc                apply_fixed_delay
 .text.config_stereo_reverb
                0x1000c848       0x74 CMakeFiles/Touchord.dir/amy/src/delay.c.o
                0x1000c848                config_stereo_reverb
 .text.init_stereo_reverb
                0x1000c8bc      0x100 CMakeFiles/Touchord.dir/amy/src/delay.c.o
                0x1000c8bc                init_stereo_reverb
 .text.stereo_reverb
                0x1000c9bc      0x444 CMakeFiles/Touchord.dir/amy/src/delay.c.o
                0x1000c9bc                stereo_reverb
 .text.compute_mod_value
                0x1000ce00       0xe4 CMakeFiles/Touchord.dir/amy/src/envelope.c.o
                0x1000ce00                compute_mod_value
 .text.compute_mod_scale
                0x1000cee4       0x34 CMakeFiles/Touchord.dir/amy/src/envelope.c.o
                0x1000cee4                compute_mod_scale
 .text.compute_breakpoint_scale
                0x1000cf18      0x5e0 CMakeFiles/Touchord.dir/amy/src/envelope.c.o
                0x1000cf18                compute_breakpoint_scale
 .text.dsps_sqrtf_f32_ansi
                0x1000d4f8       0x10 CMakeFiles/Touchord.dir/amy/src/filters.c.o
                0x1000d4f8                dsps_sqrtf_f32_ansi
 .text.dsps_biquad_gen_lpf_f32
                0x1000d508      0x184 CMakeFiles/Touchord.dir/amy/src/filters.c.o
                0x1000d508                dsps_biquad_gen_lpf_f32
 .text.scan_max
                0x1000d68c       0x30 CMakeFiles/Touchord.dir/amy/src/filters.c.o
                0x1000d68c                scan_max
 .text.filters_deinit
                0x1000d6bc       0x68 CMakeFiles/Touchord.dir/amy/src/filters.c.o
                0x1000d6bc                filters_deinit
 .text.filters_init
                0x1000d724      0x13c CMakeFiles/Touchord.dir/amy/src/filters.c.o
                0x1000d724                filters_init
 .text.parametric_eq_process_top16block
                0x1000d860      0x734 CMakeFiles/Touchord.dir/amy/src/filters.c.o
                0x1000d860                parametric_eq_process_top16block
 .text.parametric_eq_process
                0x1000df94        0x8 CMakeFiles/Touchord.dir/amy/src/filters.c.o
                0x1000df94                parametric_eq_process
 .text.filter_process
                0x1000df9c      0xbd4 CMakeFiles/Touchord.dir/amy/src/filters.c.o
                0x1000df9c                filter_process
 .text.reset_filter
                0x1000eb70       0x28 CMakeFiles/Touchord.dir/amy/src/filters.c.o
                0x1000eb70                reset_filter
 .text.reset_parametric
                0x1000eb98       0x4c CMakeFiles/Touchord.dir/amy/src/filters.c.o
                0x1000eb98                reset_parametric
 .text.instrument_init
                0x1000ebe4      0x148 CMakeFiles/Touchord.dir/amy/src/instrument.c.o
                0x1000ebe4                instrument_init
 .text._instrument_voice_off
                0x1000ed2c      0x11c CMakeFiles/Touchord.dir/amy/src/instrument.c.o
                0x1000ed2c                _instrument_voice_off
 .text._instrument_all_notes_off
                0x1000ee48      0x174 CMakeFiles/Touchord.dir/amy/src/instrument.c.o
                0x1000ee48                _instrument_all_notes_off
 .text.instrument_note_on
                0x1000efbc      0x158 CMakeFiles/Touchord.dir/amy/src/instrument.c.o
                0x1000efbc                instrument_note_on
 .text.instruments_deinit
                0x1000f114       0x6c CMakeFiles/Touchord.dir/amy/src/instrument.c.o
                0x1000f114                instruments_deinit
 .text.instruments_init
                0x1000f180       0x84 CMakeFiles/Touchord.dir/amy/src/instrument.c.o
                0x1000f180                instruments_init
 .text.instruments_reset
                0x1000f204       0x64 CMakeFiles/Touchord.dir/amy/src/instrument.c.o
                0x1000f204                instruments_reset
 .text.instruments_max_instruments
                0x1000f268        0xc CMakeFiles/Touchord.dir/amy/src/instrument.c.o
                0x1000f268                instruments_max_instruments
 .text.instrument_release
                0x1000f274       0x3c CMakeFiles/Touchord.dir/amy/src/instrument.c.o
                0x1000f274                instrument_release
 .text.instrument_number_exists
                0x1000f2b0       0x6c CMakeFiles/Touchord.dir/amy/src/instrument.c.o
                0x1000f2b0                instrument_number_exists
 .text.instrument_add_new
                0x1000f31c       0x9c CMakeFiles/Touchord.dir/amy/src/instrument.c.o
                0x1000f31c                instrument_add_new
 .text.instrument_change_number
                0x1000f3b8       0x94 CMakeFiles/Touchord.dir/amy/src/instrument.c.o
                0x1000f3b8                instrument_change_number
 .text.instrument_get_num_voices
                0x1000f44c      0x10c CMakeFiles/Touchord.dir/amy/src/instrument.c.o
                0x1000f44c                instrument_get_num_voices
 .text.instrument_voice_for_note_event
                0x1000f558       0xc0 CMakeFiles/Touchord.dir/amy/src/instrument.c.o
                0x1000f558                instrument_voice_for_note_event
 .text.instrument_all_notes_off
                0x1000f618       0x64 CMakeFiles/Touchord.dir/amy/src/instrument.c.o
                0x1000f618                instrument_all_notes_off
 .text.instrument_sustain
                0x1000f67c       0xd8 CMakeFiles/Touchord.dir/amy/src/instrument.c.o
                0x1000f67c                instrument_sustain
 .text.instrument_get_patch_number
                0x1000f754       0x64 CMakeFiles/Touchord.dir/amy/src/instrument.c.o
                0x1000f754                instrument_get_patch_number
 .text.instrument_get_oscs_per_voice
                0x1000f7b8       0x64 CMakeFiles/Touchord.dir/amy/src/instrument.c.o
                0x1000f7b8                instrument_get_oscs_per_voice
 .text.instrument_get_flags
                0x1000f81c       0x64 CMakeFiles/Touchord.dir/amy/src/instrument.c.o
                0x1000f81c                instrument_get_flags
 .text.instrument_noteon_delay_ms
                0x1000f880       0x64 CMakeFiles/Touchord.dir/amy/src/instrument.c.o
                0x1000f880                instrument_noteon_delay_ms
 .text.instrument_set_noteon_delay_ms
                0x1000f8e4       0x60 CMakeFiles/Touchord.dir/amy/src/instrument.c.o
                0x1000f8e4                instrument_set_noteon_delay_ms
 .text.instrument_set_grab_midi_notes
                0x1000f944       0x60 CMakeFiles/Touchord.dir/amy/src/instrument.c.o
                0x1000f944                instrument_set_grab_midi_notes
 .text.partials_note_on
                0x1000f9a4       0xc0 CMakeFiles/Touchord.dir/amy/src/interp_partials.c.o
                0x1000f9a4                partials_note_on
 .text.partials_note_off
                0x1000fa64       0x78 CMakeFiles/Touchord.dir/amy/src/interp_partials.c.o
                0x1000fa64                partials_note_off
 .text.render_partials
                0x1000fadc       0xd8 CMakeFiles/Touchord.dir/amy/src/interp_partials.c.o
                0x1000fadc                render_partials
 .text._osc_on_with_harm_param
                0x1000fbb4      0x150 CMakeFiles/Touchord.dir/amy/src/interp_partials.c.o
                0x1000fbb4                _osc_on_with_harm_param
 .text.interp_partials_note_on
                0x1000fd04      0x420 CMakeFiles/Touchord.dir/amy/src/interp_partials.c.o
                0x1000fd04                interp_partials_note_on
 .text.interp_partials_note_off
                0x10010124       0x88 CMakeFiles/Touchord.dir/amy/src/interp_partials.c.o
                0x10010124                interp_partials_note_off
 .text.log2_lut
                0x100101ac       0x60 CMakeFiles/Touchord.dir/amy/src/log2_exp2.c.o
                0x100101ac                log2_lut
 .text.exp2_lut
                0x1001020c       0x40 CMakeFiles/Touchord.dir/amy/src/log2_exp2.c.o
                0x1001020c                exp2_lut
 .text.juno_filter_midi_handler
                0x1001024c       0xb4 CMakeFiles/Touchord.dir/amy/src/midi_mappings.c.o
                0x1001024c                juno_filter_midi_handler
 .text.cc_mapping_debug
                0x10010300       0x88 CMakeFiles/Touchord.dir/amy/src/midi_mappings.c.o
                0x10010300                cc_mapping_debug
 .text.midi_mappings_init
                0x10010388        0xc CMakeFiles/Touchord.dir/amy/src/midi_mappings.c.o
                0x10010388                midi_mappings_init
 .text.midi_mappings_deinit
                0x10010394       0x20 CMakeFiles/Touchord.dir/amy/src/midi_mappings.c.o
                0x10010394                midi_mappings_deinit
 .text.midi_clear_channel_mappings
                0x100103b4       0x38 CMakeFiles/Touchord.dir/amy/src/midi_mappings.c.o
                0x100103b4                midi_clear_channel_mappings
 .text.midi_clear_control_code
                0x100103ec       0x6c CMakeFiles/Touchord.dir/amy/src/midi_mappings.c.o
                0x100103ec                midi_clear_control_code
 .text.midi_store_control_code
                0x10010458       0xc8 CMakeFiles/Touchord.dir/amy/src/midi_mappings.c.o
                0x10010458                midi_store_control_code
 .text.midi_fetch_control_code_command
                0x10010520       0x78 CMakeFiles/Touchord.dir/amy/src/midi_mappings.c.o
                0x10010520                midi_fetch_control_code_command
 .text.substitute_cc_special_values
                0x10010598       0xe0 CMakeFiles/Touchord.dir/amy/src/midi_mappings.c.o
                0x10010598                substitute_cc_special_values
 .text.midi_cc_handler
                0x10010678       0xe0 CMakeFiles/Touchord.dir/amy/src/midi_mappings.c.o
                0x10010678                midi_cc_handler
 .text.render_lut_fm_fb
                0x10010758       0xf0 CMakeFiles/Touchord.dir/amy/src/oscillators.c.o
                0x10010758                render_lut_fm_fb
 .text.render_lut_fb
                0x10010848       0xe4 CMakeFiles/Touchord.dir/amy/src/oscillators.c.o
                0x10010848                render_lut_fb
 .text.render_lut_fm
                0x1001092c       0xb8 CMakeFiles/Touchord.dir/amy/src/oscillators.c.o
                0x1001092c                render_lut_fm
 .text.render_lut
                0x100109e4       0xb4 CMakeFiles/Touchord.dir/amy/src/oscillators.c.o
                0x100109e4                render_lut
 .text.render_lut_cub
                0x10010a98      0x120 CMakeFiles/Touchord.dir/amy/src/oscillators.c.o
                0x10010a98                render_lut_cub
 .text.audio_in_note_on
                0x10010bb8        0x4 CMakeFiles/Touchord.dir/amy/src/oscillators.c.o
                0x10010bb8                audio_in_note_on
 .text.external_audio_in_note_on
                0x10010bbc        0x4 CMakeFiles/Touchord.dir/amy/src/oscillators.c.o
                0x10010bbc                external_audio_in_note_on
 .text.render_audio_in
                0x10010bc0       0x5c CMakeFiles/Touchord.dir/amy/src/oscillators.c.o
                0x10010bc0                render_audio_in
 .text.render_external_audio_in
                0x10010c1c       0x5c CMakeFiles/Touchord.dir/amy/src/oscillators.c.o
                0x10010c1c                render_external_audio_in
 .text.pulse_note_on
                0x10010c78       0x90 CMakeFiles/Touchord.dir/amy/src/oscillators.c.o
                0x10010c78                pulse_note_on
 .text.render_pulse
                0x10010d08      0x150 CMakeFiles/Touchord.dir/amy/src/oscillators.c.o
                0x10010d08                render_pulse
 .text.pulse_mod_trigger
                0x10010e58        0x4 CMakeFiles/Touchord.dir/amy/src/oscillators.c.o
                0x10010e58                pulse_mod_trigger
 .text.compute_mod_pulse
                0x10010e5c       0xf0 CMakeFiles/Touchord.dir/amy/src/oscillators.c.o
                0x10010e5c                compute_mod_pulse
 .text.saw_down_note_on
                0x10010f4c       0x90 CMakeFiles/Touchord.dir/amy/src/oscillators.c.o
                0x10010f4c                saw_down_note_on
 .text.saw_up_note_on
                0x10010fdc       0x90 CMakeFiles/Touchord.dir/amy/src/oscillators.c.o
                0x10010fdc                saw_up_note_on
 .text.render_saw_down
                0x1001106c       0xbc CMakeFiles/Touchord.dir/amy/src/oscillators.c.o
                0x1001106c                render_saw_down
 .text.render_saw_up
                0x10011128       0xbc CMakeFiles/Touchord.dir/amy/src/oscillators.c.o
                0x10011128                render_saw_up
 .text.saw_up_mod_trigger
                0x100111e4        0x4 CMakeFiles/Touchord.dir/amy/src/oscillators.c.o
                0x100111e4                saw_up_mod_trigger
 .text.saw_down_mod_trigger
                0x100111e8        0x4 CMakeFiles/Touchord.dir/amy/src/oscillators.c.o
                0x100111e8                saw_down_mod_trigger
 .text.compute_mod_saw_down
                0x100111ec       0x98 CMakeFiles/Touchord.dir/amy/src/oscillators.c.o
                0x100111ec                compute_mod_saw_down
 .text.compute_mod_saw_up
                0x10011284       0x94 CMakeFiles/Touchord.dir/amy/src/oscillators.c.o
                0x10011284                compute_mod_saw_up
 .text.triangle_note_on
                0x10011318       0x90 CMakeFiles/Touchord.dir/amy/src/oscillators.c.o
                0x10011318                triangle_note_on
 .text.render_triangle
                0x100113a8       0xbc CMakeFiles/Touchord.dir/amy/src/oscillators.c.o
                0x100113a8                render_triangle
 .text.triangle_mod_trigger
                0x10011464        0x4 CMakeFiles/Touchord.dir/amy/src/oscillators.c.o
                0x10011464                triangle_mod_trigger
 .text.compute_mod_triangle
                0x10011468       0xa0 CMakeFiles/Touchord.dir/amy/src/oscillators.c.o
                0x10011468                compute_mod_triangle
 .text.fm_sine_note_on
                0x10011508       0xd0 CMakeFiles/Touchord.dir/amy/src/oscillators.c.o
                0x10011508                fm_sine_note_on
 .text.render_fm_sine
                0x100115d8      0x15c CMakeFiles/Touchord.dir/amy/src/oscillators.c.o
                0x100115d8                render_fm_sine
 .text.sine_note_on
                0x10011734       0x90 CMakeFiles/Touchord.dir/amy/src/oscillators.c.o
                0x10011734                sine_note_on
 .text.render_sine
                0x100117c4       0xbc CMakeFiles/Touchord.dir/amy/src/oscillators.c.o
                0x100117c4                render_sine
 .text.compute_mod_sine
                0x10011880       0xc0 CMakeFiles/Touchord.dir/amy/src/oscillators.c.o
                0x10011880                compute_mod_sine
 .text.sine_mod_trigger
                0x10011940       0xa0 CMakeFiles/Touchord.dir/amy/src/oscillators.c.o
                0x10011940                sine_mod_trigger
 .text.my_srand48
                0x100119e0       0x10 CMakeFiles/Touchord.dir/amy/src/oscillators.c.o
                0x100119e0                my_srand48
 .text.noise_note_on
                0x100119f0       0x1c CMakeFiles/Touchord.dir/amy/src/oscillators.c.o
                0x100119f0                noise_note_on
 .text.render_noise
                0x10011a0c       0xd8 CMakeFiles/Touchord.dir/amy/src/oscillators.c.o
                0x10011a0c                render_noise
 .text.compute_mod_noise
                0x10011ae4       0xcc CMakeFiles/Touchord.dir/amy/src/oscillators.c.o
                0x10011ae4                compute_mod_noise
 .text.render_envelope
                0x10011bb0       0x70 CMakeFiles/Touchord.dir/amy/src/oscillators.c.o
                0x10011bb0                render_envelope
 .text.render_partial
                0x10011c20       0xbc CMakeFiles/Touchord.dir/amy/src/oscillators.c.o
                0x10011c20                render_partial
 .text.partial_note_on
                0x10011cdc       0xa0 CMakeFiles/Touchord.dir/amy/src/oscillators.c.o
                0x10011cdc                partial_note_on
 .text.render_ks
                0x10011d7c      0x1a8 CMakeFiles/Touchord.dir/amy/src/oscillators.c.o
                0x10011d7c                render_ks
 .text.ks_note_on
                0x10011f24      0x108 CMakeFiles/Touchord.dir/amy/src/oscillators.c.o
                0x10011f24                ks_note_on
 .text.ks_note_off
                0x1001202c       0x14 CMakeFiles/Touchord.dir/amy/src/oscillators.c.o
                0x1001202c                ks_note_off
 .text.ks_init  0x10012040       0x40 CMakeFiles/Touchord.dir/amy/src/oscillators.c.o
                0x10012040                ks_init
 .text.ks_deinit
                0x10012080       0x34 CMakeFiles/Touchord.dir/amy/src/oscillators.c.o
                0x10012080                ks_deinit
 .text.parse_list_uint32_t.constprop.0.isra.0
                0x100120b4       0xd8 CMakeFiles/Touchord.dir/amy/src/parse.c.o
 .text.atoff    0x1001218c       0xa0 CMakeFiles/Touchord.dir/amy/src/parse.c.o
                0x1001218c                atoff
 .text.parse_event_breakpoints
                0x1001222c      0x2e8 CMakeFiles/Touchord.dir/amy/src/parse.c.o
 .text.parse_list_file_params
                0x10012514      0x110 CMakeFiles/Touchord.dir/amy/src/parse.c.o
                0x10012514                parse_list_file_params
 .text.parse_list_file_transfer_params
                0x10012624       0xe4 CMakeFiles/Touchord.dir/amy/src/parse.c.o
                0x10012624                parse_list_file_transfer_params
 .text.parse_algo_source
                0x10012708      0x174 CMakeFiles/Touchord.dir/amy/src/parse.c.o
                0x10012708                parse_algo_source
 .text.parse_voices
                0x1001287c       0xf8 CMakeFiles/Touchord.dir/amy/src/parse.c.o
                0x1001287c                parse_voices
 .text.ms_to_samples
                0x10012974       0x2c CMakeFiles/Touchord.dir/amy/src/parse.c.o
                0x10012974                ms_to_samples
 .text.parse_coef_message
                0x100129a0      0x1a4 CMakeFiles/Touchord.dir/amy/src/parse.c.o
                0x100129a0                parse_coef_message
 .text.parse_midi_cc_payload
                0x10012b44       0xa4 CMakeFiles/Touchord.dir/amy/src/parse.c.o
                0x10012b44                parse_midi_cc_payload
 .text.amy_parse_synth_layer_message
                0x10012be8      0x158 CMakeFiles/Touchord.dir/amy/src/parse.c.o
                0x10012be8                amy_parse_synth_layer_message
 .text.amy_parse_transfer_layer_message
                0x10012d40      0x260 CMakeFiles/Touchord.dir/amy/src/parse.c.o
                0x10012d40                amy_parse_transfer_layer_message
 .text.amy_parse_message
                0x10012fa0      0x9c8 CMakeFiles/Touchord.dir/amy/src/parse.c.o
                0x10012fa0                amy_parse_message
 .text.patches_deinit
                0x10013968       0x24 CMakeFiles/Touchord.dir/amy/src/patches.c.o
                0x10013968                patches_deinit
 .text.patches_reset_patch
                0x1001398c       0x6c CMakeFiles/Touchord.dir/amy/src/patches.c.o
                0x1001398c                patches_reset_patch
 .text.patches_reset
                0x100139f8       0xd4 CMakeFiles/Touchord.dir/amy/src/patches.c.o
                0x100139f8                patches_reset
 .text.patches_init
                0x10013acc       0x60 CMakeFiles/Touchord.dir/amy/src/patches.c.o
                0x10013acc                patches_init
 .text.patches_debug
                0x10013b2c      0x1e8 CMakeFiles/Touchord.dir/amy/src/patches.c.o
                0x10013b2c                patches_debug
 .text.queue_for_patch_number
                0x10013d14       0x50 CMakeFiles/Touchord.dir/amy/src/patches.c.o
                0x10013d14                queue_for_patch_number
 .text.update_num_oscs_for_patch_number
                0x10013d64       0x70 CMakeFiles/Touchord.dir/amy/src/patches.c.o
                0x10013d64                update_num_oscs_for_patch_number
 .text.all_notes_off
                0x10013dd4       0x44 CMakeFiles/Touchord.dir/amy/src/patches.c.o
                0x10013dd4                all_notes_off
 .text.sprint_event
                0x10013e18     0x1fb4 CMakeFiles/Touchord.dir/amy/src/patches.c.o
                0x10013e18                sprint_event
 .text.set_event_for_osc
                0x10015dcc      0x6e0 CMakeFiles/Touchord.dir/amy/src/patches.c.o
                0x10015dcc                set_event_for_osc
 .text.set_event_for_global_fx
                0x100164ac      0x15c CMakeFiles/Touchord.dir/amy/src/patches.c.o
                0x100164ac                set_event_for_global_fx
 .text.yield_synth_events
                0x10016608      0x13c CMakeFiles/Touchord.dir/amy/src/patches.c.o
                0x10016608                yield_synth_events
 .text.yield_synth_commands
                0x10016744       0x94 CMakeFiles/Touchord.dir/amy/src/patches.c.o
                0x10016744                yield_synth_commands
 .text.parse_patch_string_to_queue
                0x100167d8       0x88 CMakeFiles/Touchord.dir/amy/src/patches.c.o
                0x100167d8                parse_patch_string_to_queue
 .text.patches_store_patch
                0x10016860       0xe0 CMakeFiles/Touchord.dir/amy/src/patches.c.o
                0x10016860                patches_store_patch
 .text.patches_voices_for_note_onoff_event
                0x10016940      0x118 CMakeFiles/Touchord.dir/amy/src/patches.c.o
                0x10016940                patches_voices_for_note_onoff_event
 .text.patches_voices_for_event
                0x10016a58      0x1dc CMakeFiles/Touchord.dir/amy/src/patches.c.o
                0x10016a58                patches_voices_for_event
 .text.patches_event_has_voices
                0x10016c34       0x80 CMakeFiles/Touchord.dir/amy/src/patches.c.o
                0x10016c34                patches_event_has_voices
 .text.patches_voices_for_load_synth
                0x10016cb4      0x150 CMakeFiles/Touchord.dir/amy/src/patches.c.o
                0x10016cb4                patches_voices_for_load_synth
 .text.patches_load_patch
                0x10016e04      0x54c CMakeFiles/Touchord.dir/amy/src/patches.c.o
                0x10016e04                patches_load_patch
 .text.get_preset_for_preset_number
                0x10017350       0xbc CMakeFiles/Touchord.dir/amy/src/pcm.c.o
                0x10017350                get_preset_for_preset_number
 .text.pcm_init
                0x1001740c        0xc CMakeFiles/Touchord.dir/amy/src/pcm.c.o
                0x1001740c                pcm_init
 .text.pcm_deinit
                0x10017418       0x68 CMakeFiles/Touchord.dir/amy/src/pcm.c.o
                0x10017418                pcm_deinit
 .text.pcm_note_on
                0x10017480       0xe0 CMakeFiles/Touchord.dir/amy/src/pcm.c.o
                0x10017480                pcm_note_on
 .text.pcm_mod_trigger
                0x10017560       0xe0 CMakeFiles/Touchord.dir/amy/src/pcm.c.o
                0x10017560                pcm_mod_trigger
 .text.pcm_note_off
                0x10017640       0x84 CMakeFiles/Touchord.dir/amy/src/pcm.c.o
                0x10017640                pcm_note_off
 .text.render_pcm
                0x100176c4      0x3a4 CMakeFiles/Touchord.dir/amy/src/pcm.c.o
                0x100176c4                render_pcm
 .text.compute_mod_pcm
                0x10017a68       0x48 CMakeFiles/Touchord.dir/amy/src/pcm.c.o
                0x10017a68                compute_mod_pcm
 .text.pcm_load_file
                0x10017ab0      0x1d8 CMakeFiles/Touchord.dir/amy/src/pcm.c.o
                0x10017ab0                pcm_load_file
 .text.pcm_load
                0x10017c88      0x134 CMakeFiles/Touchord.dir/amy/src/pcm.c.o
                0x10017c88                pcm_load
 .text.pcm_unload_preset
                0x10017dbc       0x58 CMakeFiles/Touchord.dir/amy/src/pcm.c.o
                0x10017dbc                pcm_unload_preset
 .text.pcm_unload_all_presets
                0x10017e14       0x68 CMakeFiles/Touchord.dir/amy/src/pcm.c.o
                0x10017e14                pcm_unload_all_presets
 .text.sequencer_process_tick
                0x10017e7c       0xd4 CMakeFiles/Touchord.dir/amy/src/sequencer.c.o
 .text.sequencer_timer_callback
                0x10017f50       0xac CMakeFiles/Touchord.dir/amy/src/sequencer.c.o
 .text.sequencer_init
                0x10017ffc       0xd4 CMakeFiles/Touchord.dir/amy/src/sequencer.c.o
                0x10017ffc                sequencer_init
 .text.sequencer_reset
                0x100180d0       0x60 CMakeFiles/Touchord.dir/amy/src/sequencer.c.o
                0x100180d0                sequencer_reset
 .text.sequencer_deinit
                0x10018130       0x78 CMakeFiles/Touchord.dir/amy/src/sequencer.c.o
                0x10018130                sequencer_deinit
 .text.sequencer_debug
                0x100181a8       0xa4 CMakeFiles/Touchord.dir/amy/src/sequencer.c.o
                0x100181a8                sequencer_debug
 .text.sequencer_recompute
                0x1001824c       0x68 CMakeFiles/Touchord.dir/amy/src/sequencer.c.o
                0x1001824c                sequencer_recompute
 .text.sequencer_midi_start
                0x100182b4       0x40 CMakeFiles/Touchord.dir/amy/src/sequencer.c.o
                0x100182b4                sequencer_midi_start
 .text.sequencer_midi_stop
                0x100182f4        0xc CMakeFiles/Touchord.dir/amy/src/sequencer.c.o
                0x100182f4                sequencer_midi_stop
 .text.sequencer_add_event
                0x10018300       0xac CMakeFiles/Touchord.dir/amy/src/sequencer.c.o
                0x10018300                sequencer_add_event
 .text.amy_emit_state_lines
                0x100183ac       0xf0 CMakeFiles/Touchord.dir/amy/src/transfer.c.o
 .text.start_receiving_transfer
                0x1001849c       0x3c CMakeFiles/Touchord.dir/amy/src/transfer.c.o
                0x1001849c                start_receiving_transfer
 .text.start_receiving_sample
                0x100184d8       0x2c CMakeFiles/Touchord.dir/amy/src/transfer.c.o
                0x100184d8                start_receiving_sample
 .text.stop_receiving_sample
                0x10018504       0x1c CMakeFiles/Touchord.dir/amy/src/transfer.c.o
                0x10018504                stop_receiving_sample
 .text.start_receiving_file_transfer
                0x10018520       0xa8 CMakeFiles/Touchord.dir/amy/src/transfer.c.o
                0x10018520                start_receiving_file_transfer
 .text.b64_encode
                0x100185c8      0x180 CMakeFiles/Touchord.dir/amy/src/transfer.c.o
                0x100185c8                b64_encode
 .text._zdump_stream_drain.part.0
                0x10018748       0x84 CMakeFiles/Touchord.dir/amy/src/transfer.c.o
 .text._zdump_state_line_cb
                0x100187cc       0xd0 CMakeFiles/Touchord.dir/amy/src/transfer.c.o
 .text.b64_decode_ex
                0x1001889c      0x190 CMakeFiles/Touchord.dir/amy/src/transfer.c.o
                0x1001889c                b64_decode_ex
 .text.parse_transfer_message
                0x10018a2c       0xe8 CMakeFiles/Touchord.dir/amy/src/transfer.c.o
                0x10018a2c                parse_transfer_message
 .text.amy_dump_state_to_sysex
                0x10018b14      0x13c CMakeFiles/Touchord.dir/amy/src/transfer.c.o
                0x10018b14                amy_dump_state_to_sysex
 .text.amy_dump_file_to_sysex
                0x10018c50      0x25c CMakeFiles/Touchord.dir/amy/src/transfer.c.o
                0x10018c50                amy_dump_file_to_sysex
 .text.transfer_init
                0x10018eac        0x4 CMakeFiles/Touchord.dir/amy/src/transfer.c.o
                0x10018eac                transfer_init
 .text.wave_parse_header
                0x10018eb0      0x1cc CMakeFiles/Touchord.dir/amy/src/transfer.c.o
                0x10018eb0                wave_parse_header
 .text.wave_read_pcm_frames_s16
                0x1001907c      0x138 CMakeFiles/Touchord.dir/amy/src/transfer.c.o
                0x1001907c                wave_read_pcm_frames_s16
 .text.gpio_default_irq_handler
                0x100191b4      0x2c8 CMakeFiles/Touchord.dir/Users/davidricaud/.pico-sdk/sdk/2.2.0/src/rp2_common/hardware_gpio/gpio.c.o
 .text.gpio_set_function
                0x1001947c       0x34 CMakeFiles/Touchord.dir/Users/davidricaud/.pico-sdk/sdk/2.2.0/src/rp2_common/hardware_gpio/gpio.c.o
                0x1001947c                gpio_set_function
 .text.gpio_set_pulls
                0x100194b0       0x28 CMakeFiles/Touchord.dir/Users/davidricaud/.pico-sdk/sdk/2.2.0/src/rp2_common/hardware_gpio/gpio.c.o
                0x100194b0                gpio_set_pulls
 .text.gpio_set_irq_enabled
                0x100194d8       0x58 CMakeFiles/Touchord.dir/Users/davidricaud/.pico-sdk/sdk/2.2.0/src/rp2_common/hardware_gpio/gpio.c.o
                0x100194d8                gpio_set_irq_enabled
 .text.gpio_set_irq_enabled_with_callback
                0x10019530       0xd0 CMakeFiles/Touchord.dir/Users/davidricaud/.pico-sdk/sdk/2.2.0/src/rp2_common/hardware_gpio/gpio.c.o
                0x10019530                gpio_set_irq_enabled_with_callback
 .text.gpio_init
                0x10019600       0x40 CMakeFiles/Touchord.dir/Users/davidricaud/.pico-sdk/sdk/2.2.0/src/rp2_common/hardware_gpio/gpio.c.o
                0x10019600                gpio_init
 .text.rp2040_chip_version
                0x10019640        0xc CMakeFiles/Touchord.dir/Users/davidricaud/.pico-sdk/sdk/2.2.0/src/rp2040/pico_platform/platform.c.o
                0x10019640                rp2040_chip_version
 .text.panic    0x1001964c       0x30 CMakeFiles/Touchord.dir/Users/davidricaud/.pico-sdk/sdk/2.2.0/src/rp2_common/pico_platform_panic/panic.c.o
                0x1001964c                panic
 .text.hw_claim_lock
                0x1001967c       0x18 CMakeFiles/Touchord.dir/Users/davidricaud/.pico-sdk/sdk/2.2.0/src/common/hardware_claim/claim.c.o
                0x1001967c                hw_claim_lock
 .text.hw_claim_unlock
                0x10019694       0x14 CMakeFiles/Touchord.dir/Users/davidricaud/.pico-sdk/sdk/2.2.0/src/common/hardware_claim/claim.c.o
                0x10019694                hw_claim_unlock
 .text.hw_is_claimed
                0x100196a8       0x18 CMakeFiles/Touchord.dir/Users/davidricaud/.pico-sdk/sdk/2.2.0/src/common/hardware_claim/claim.c.o
                0x100196a8                hw_is_claimed
 .text.hw_claim_or_assert
                0x100196c0       0x44 CMakeFiles/Touchord.dir/Users/davidricaud/.pico-sdk/sdk/2.2.0/src/common/hardware_claim/claim.c.o
                0x100196c0                hw_claim_or_assert
 .text.hw_claim_unused_from_range
                0x10019704       0x88 CMakeFiles/Touchord.dir/Users/davidricaud/.pico-sdk/sdk/2.2.0/src/common/hardware_claim/claim.c.o
                0x10019704                hw_claim_unused_from_range
 .text.hw_claim_clear
                0x1001978c       0x38 CMakeFiles/Touchord.dir/Users/davidricaud/.pico-sdk/sdk/2.2.0/src/common/hardware_claim/claim.c.o
                0x1001978c                hw_claim_clear
 .text.next_striped_spin_lock_num
                0x100197c4       0x18 CMakeFiles/Touchord.dir/Users/davidricaud/.pico-sdk/sdk/2.2.0/src/rp2_common/hardware_sync/sync.c.o
                0x100197c4                next_striped_spin_lock_num
 .text.spin_lock_claim_unused
                0x100197dc       0x24 CMakeFiles/Touchord.dir/Users/davidricaud/.pico-sdk/sdk/2.2.0/src/rp2_common/hardware_sync/sync.c.o
                0x100197dc                spin_lock_claim_unused
 .text.spin_locks_reset
                0x10019800       0x1c CMakeFiles/Touchord.dir/Users/davidricaud/.pico-sdk/sdk/2.2.0/src/rp2_common/hardware_sync_spin_lock/sync_spin_lock.c.o
                0x10019800                spin_locks_reset
 .text.runtime_init_per_core_irq_priorities
                0x1001981c       0x24 CMakeFiles/Touchord.dir/Users/davidricaud/.pico-sdk/sdk/2.2.0/src/rp2_common/hardware_irq/irq.c.o
                0x1001981c                runtime_init_per_core_irq_priorities
 .text.irq_set_enabled
                0x10019840       0x24 CMakeFiles/Touchord.dir/Users/davidricaud/.pico-sdk/sdk/2.2.0/src/rp2_common/hardware_irq/irq.c.o
                0x10019840                irq_set_enabled
 .text.irq_is_enabled
                0x10019864       0x18 CMakeFiles/Touchord.dir/Users/davidricaud/.pico-sdk/sdk/2.2.0/src/rp2_common/hardware_irq/irq.c.o
                0x10019864                irq_is_enabled
 .text.irq_set_exclusive_handler
                0x1001987c       0x54 CMakeFiles/Touchord.dir/Users/davidricaud/.pico-sdk/sdk/2.2.0/src/rp2_common/hardware_irq/irq.c.o
                0x1001987c                irq_set_exclusive_handler
 .text.irq_add_shared_handler
                0x100198d0      0x1f4 CMakeFiles/Touchord.dir/Users/davidricaud/.pico-sdk/sdk/2.2.0/src/rp2_common/hardware_irq/irq.c.o
                0x100198d0                irq_add_shared_handler
 .text.irq_remove_handler
                0x10019ac4      0x1d4 CMakeFiles/Touchord.dir/Users/davidricaud/.pico-sdk/sdk/2.2.0/src/rp2_common/hardware_irq/irq.c.o
                0x10019ac4                irq_remove_handler
 .text.irq_add_tail_to_free_list
                0x10019c98       0xb4 CMakeFiles/Touchord.dir/Users/davidricaud/.pico-sdk/sdk/2.2.0/src/rp2_common/hardware_irq/irq.c.o
                0x10019c98                irq_add_tail_to_free_list
 .text.lock_init
                0x10019d4c       0x10 CMakeFiles/Touchord.dir/Users/davidricaud/.pico-sdk/sdk/2.2.0/src/common/pico_sync/lock_core.c.o
                0x10019d4c                lock_init
 .text.runtime_init_mutex
                0x10019d5c       0x50 CMakeFiles/Touchord.dir/Users/davidricaud/.pico-sdk/sdk/2.2.0/src/common/pico_sync/mutex.c.o
                0x10019d5c                runtime_init_mutex
 .text.mutex_init
                0x10019dac       0x1c CMakeFiles/Touchord.dir/Users/davidricaud/.pico-sdk/sdk/2.2.0/src/common/pico_sync/mutex.c.o
                0x10019dac                mutex_init
 .text.critical_section_init
                0x10019dc8       0x1c CMakeFiles/Touchord.dir/Users/davidricaud/.pico-sdk/sdk/2.2.0/src/common/pico_sync/critical_section.c.o
                0x10019dc8                critical_section_init
 .text.sleep_until_callback
                0x10019de4       0x30 CMakeFiles/Touchord.dir/Users/davidricaud/.pico-sdk/sdk/2.2.0/src/common/pico_time/time.c.o
 .text.alarm_pool_irq_handler
                0x10019e14      0x300 CMakeFiles/Touchord.dir/Users/davidricaud/.pico-sdk/sdk/2.2.0/src/common/pico_time/time.c.o
 .text.runtime_init_default_alarm_pool
                0x1001a114       0xdc CMakeFiles/Touchord.dir/Users/davidricaud/.pico-sdk/sdk/2.2.0/src/common/pico_time/time.c.o
                0x1001a114                runtime_init_default_alarm_pool
 .text.alarm_pool_get_default
                0x1001a1f0        0x8 CMakeFiles/Touchord.dir/Users/davidricaud/.pico-sdk/sdk/2.2.0/src/common/pico_time/time.c.o
                0x1001a1f0                alarm_pool_get_default
 .text.alarm_pool_add_alarm_at_force_in_context
                0x1001a1f8       0xb0 CMakeFiles/Touchord.dir/Users/davidricaud/.pico-sdk/sdk/2.2.0/src/common/pico_time/time.c.o
                0x1001a1f8                alarm_pool_add_alarm_at_force_in_context
 .text.alarm_pool_cancel_alarm
                0x1001a2a8       0x74 CMakeFiles/Touchord.dir/Users/davidricaud/.pico-sdk/sdk/2.2.0/src/common/pico_time/time.c.o
                0x1001a2a8                alarm_pool_cancel_alarm
 .text.sleep_ms
                0x1001a31c       0xfc CMakeFiles/Touchord.dir/Users/davidricaud/.pico-sdk/sdk/2.2.0/src/common/pico_time/time.c.o
                0x1001a31c                sleep_ms
 .text.best_effort_wfe_or_timeout
                0x1001a418      0x10c CMakeFiles/Touchord.dir/Users/davidricaud/.pico-sdk/sdk/2.2.0/src/common/pico_time/time.c.o
                0x1001a418                best_effort_wfe_or_timeout
 .text.alarm_pool_add_repeating_timer_us
                0x1001a524      0x124 CMakeFiles/Touchord.dir/Users/davidricaud/.pico-sdk/sdk/2.2.0/src/common/pico_time/time.c.o
                0x1001a524                alarm_pool_add_repeating_timer_us
 .text.cancel_repeating_timer
                0x1001a648       0x84 CMakeFiles/Touchord.dir/Users/davidricaud/.pico-sdk/sdk/2.2.0/src/common/pico_time/time.c.o
                0x1001a648                cancel_repeating_timer
 .text.timer_hardware_alarm_claim
                0x1001a6cc       0x14 CMakeFiles/Touchord.dir/Users/davidricaud/.pico-sdk/sdk/2.2.0/src/rp2_common/hardware_timer/timer.c.o
                0x1001a6cc                timer_hardware_alarm_claim
 .text.timer_time_us_64
                0x1001a6e0       0x10 CMakeFiles/Touchord.dir/Users/davidricaud/.pico-sdk/sdk/2.2.0/src/rp2_common/hardware_timer/timer.c.o
                0x1001a6e0                timer_time_us_64
 .text.time_us_64
                0x1001a6f0       0x14 CMakeFiles/Touchord.dir/Users/davidricaud/.pico-sdk/sdk/2.2.0/src/rp2_common/hardware_timer/timer.c.o
                0x1001a6f0                time_us_64
 .text.busy_wait_us
                0x1001a704       0x68 CMakeFiles/Touchord.dir/Users/davidricaud/.pico-sdk/sdk/2.2.0/src/rp2_common/hardware_timer/timer.c.o
                0x1001a704                busy_wait_us
 .text.busy_wait_until
                0x1001a76c       0x20 CMakeFiles/Touchord.dir/Users/davidricaud/.pico-sdk/sdk/2.2.0/src/rp2_common/hardware_timer/timer.c.o
                0x1001a76c                busy_wait_until
 .text.queue_init_with_spinlock
                0x1001a78c       0x24 CMakeFiles/Touchord.dir/Users/davidricaud/.pico-sdk/sdk/2.2.0/src/common/pico_util/queue.c.o
                0x1001a78c                queue_init_with_spinlock
 .text.queue_try_add
                0x1001a7b0       0x70 CMakeFiles/Touchord.dir/Users/davidricaud/.pico-sdk/sdk/2.2.0/src/common/pico_util/queue.c.o
                0x1001a7b0                queue_try_add
 .text.queue_try_remove
                0x1001a820       0x74 CMakeFiles/Touchord.dir/Users/davidricaud/.pico-sdk/sdk/2.2.0/src/common/pico_util/queue.c.o
                0x1001a820                queue_try_remove
 .text.uart_init
                0x1001a894      0x120 CMakeFiles/Touchord.dir/Users/davidricaud/.pico-sdk/sdk/2.2.0/src/rp2_common/hardware_uart/uart.c.o
                0x1001a894                uart_init
 .text.uart_set_format
                0x1001a9b4       0x78 CMakeFiles/Touchord.dir/Users/davidricaud/.pico-sdk/sdk/2.2.0/src/rp2_common/hardware_uart/uart.c.o
                0x1001a9b4                uart_set_format
 .text.uart_set_fifo_enabled
                0x1001aa2c       0x5c CMakeFiles/Touchord.dir/Users/davidricaud/.pico-sdk/sdk/2.2.0/src/rp2_common/hardware_uart/uart.c.o
                0x1001aa2c                uart_set_fifo_enabled
 .text.clock_configure_int_divider
                0x1001aa88       0xf4 CMakeFiles/Touchord.dir/Users/davidricaud/.pico-sdk/sdk/2.2.0/src/rp2_common/hardware_clocks/clocks.c.o
                0x1001aa88                clock_configure_int_divider
 .text.clock_configure_undivided
                0x1001ab7c       0xe8 CMakeFiles/Touchord.dir/Users/davidricaud/.pico-sdk/sdk/2.2.0/src/rp2_common/hardware_clocks/clocks.c.o
                0x1001ab7c                clock_configure_undivided
 .text.clock_get_hz
                0x1001ac64        0xc CMakeFiles/Touchord.dir/Users/davidricaud/.pico-sdk/sdk/2.2.0/src/rp2_common/hardware_clocks/clocks.c.o
                0x1001ac64                clock_get_hz
 .text.pll_init
                0x1001ac70       0xa4 CMakeFiles/Touchord.dir/Users/davidricaud/.pico-sdk/sdk/2.2.0/src/rp2_common/hardware_pll/pll.c.o
                0x1001ac70                pll_init
 .text.tick_start
                0x1001ad14       0x10 CMakeFiles/Touchord.dir/Users/davidricaud/.pico-sdk/sdk/2.2.0/src/rp2_common/hardware_ticks/ticks.c.o
                0x1001ad14                tick_start
 .text.rom_func_lookup
                0x1001ad24       0x10 CMakeFiles/Touchord.dir/Users/davidricaud/.pico-sdk/sdk/2.2.0/src/rp2_common/pico_bootrom/bootrom.c.o
                0x1001ad24                rom_func_lookup
 .text.rom_data_lookup
                0x1001ad34       0x10 CMakeFiles/Touchord.dir/Users/davidricaud/.pico-sdk/sdk/2.2.0/src/rp2_common/pico_bootrom/bootrom.c.o
                0x1001ad34                rom_data_lookup
 .text.rom_funcs_lookup
                0x1001ad44       0x44 CMakeFiles/Touchord.dir/Users/davidricaud/.pico-sdk/sdk/2.2.0/src/rp2_common/pico_bootrom/bootrom.c.o
                0x1001ad44                rom_funcs_lookup
 .text.rom_reset_usb_boot
                0x1001ad88       0x1c CMakeFiles/Touchord.dir/Users/davidricaud/.pico-sdk/sdk/2.2.0/src/rp2_common/pico_bootrom/bootrom.c.o
                0x1001ad88                rom_reset_usb_boot
 .text.xosc_init
                0x1001ada4       0x28 CMakeFiles/Touchord.dir/Users/davidricaud/.pico-sdk/sdk/2.2.0/src/rp2_common/hardware_xosc/xosc.c.o
                0x1001ada4                xosc_init
 .text.first_per_core_initializer
                0x1001adcc        0x4 CMakeFiles/Touchord.dir/Users/davidricaud/.pico-sdk/sdk/2.2.0/src/rp2_common/pico_runtime/runtime.c.o
 .text.hard_assertion_failure
                0x1001add0        0xc CMakeFiles/Touchord.dir/Users/davidricaud/.pico-sdk/sdk/2.2.0/src/rp2_common/pico_runtime/runtime.c.o
                0x1001add0                hard_assertion_failure
 .text.runtime_run_initializers
                0x1001addc       0x28 CMakeFiles/Touchord.dir/Users/davidricaud/.pico-sdk/sdk/2.2.0/src/rp2_common/pico_runtime/runtime.c.o
                0x1001addc                runtime_run_initializers
 .text.runtime_run_per_core_initializers
                0x1001ae04       0x28 CMakeFiles/Touchord.dir/Users/davidricaud/.pico-sdk/sdk/2.2.0/src/rp2_common/pico_runtime/runtime.c.o
                0x1001ae04                runtime_run_per_core_initializers
 .text.runtime_init_early_resets
                0x1001ae2c       0x2c CMakeFiles/Touchord.dir/Users/davidricaud/.pico-sdk/sdk/2.2.0/src/rp2_common/pico_runtime_init/runtime_init.c.o
                0x1001ae2c                runtime_init_early_resets
 .text.runtime_init_usb_power_down
                0x1001ae58       0x1c CMakeFiles/Touchord.dir/Users/davidricaud/.pico-sdk/sdk/2.2.0/src/rp2_common/pico_runtime_init/runtime_init.c.o
                0x1001ae58                runtime_init_usb_power_down
 .text.runtime_init_post_clock_resets
                0x1001ae74       0x20 CMakeFiles/Touchord.dir/Users/davidricaud/.pico-sdk/sdk/2.2.0/src/rp2_common/pico_runtime_init/runtime_init.c.o
                0x1001ae74                runtime_init_post_clock_resets
 .text.runtime_init_rp2040_gpio_ie_disable
                0x1001ae94       0x14 CMakeFiles/Touchord.dir/Users/davidricaud/.pico-sdk/sdk/2.2.0/src/rp2_common/pico_runtime_init/runtime_init.c.o
                0x1001ae94                runtime_init_rp2040_gpio_ie_disable
 .text.runtime_init_spin_locks_reset
                0x1001aea8        0x8 CMakeFiles/Touchord.dir/Users/davidricaud/.pico-sdk/sdk/2.2.0/src/rp2_common/pico_runtime_init/runtime_init.c.o
                0x1001aea8                runtime_init_spin_locks_reset
 .text.runtime_init_install_ram_vector_table
                0x1001aeb0       0xb4 CMakeFiles/Touchord.dir/Users/davidricaud/.pico-sdk/sdk/2.2.0/src/rp2_common/pico_runtime_init/runtime_init.c.o
                0x1001aeb0                runtime_init_install_ram_vector_table
 .text.runtime_init_clocks
                0x1001af64       0xd8 CMakeFiles/Touchord.dir/Users/davidricaud/.pico-sdk/sdk/2.2.0/src/rp2_common/pico_runtime_init/runtime_init_clocks.c.o
                0x1001af64                runtime_init_clocks
 .text          0x1001b03c       0x10 CMakeFiles/Touchord.dir/Users/davidricaud/.pico-sdk/sdk/2.2.0/src/rp2_common/pico_bit_ops/bit_ops_aeabi.S.o
 .text.clzsi    0x1001b04c        0xc CMakeFiles/Touchord.dir/Users/davidricaud/.pico-sdk/sdk/2.2.0/src/rp2_common/pico_bit_ops/bit_ops_aeabi.S.o
                0x1001b04c                __wrap___clz
                0x1001b04c                __wrap___clzsi2
                0x1001b04c                __wrap___clzl
 .text.__wrap___aeabi_idiv
                0x1001b058       0x50 CMakeFiles/Touchord.dir/Users/davidricaud/.pico-sdk/sdk/2.2.0/src/rp2_common/pico_divider/divider_hardware.S.o
                0x1001b058                __wrap___aeabi_idivmod
                0x1001b058                divmod_s32s32
                0x1001b058                div_s32s32
                0x1001b058                __wrap___aeabi_idiv
                0x1001b060                divmod_s32s32_unsafe
                0x1001b08c                divmod_s32s32_savestate
 .text.__wrap___aeabi_uidiv
                0x1001b0a8       0x4c CMakeFiles/Touchord.dir/Users/davidricaud/.pico-sdk/sdk/2.2.0/src/rp2_common/pico_divider/divider_hardware.S.o
                0x1001b0a8                __wrap___aeabi_uidiv
                0x1001b0a8                __wrap___aeabi_uidivmod
                0x1001b0a8                div_u32u32
                0x1001b0a8                divmod_u32u32
                0x1001b0b0                divmod_u32u32_unsafe
                0x1001b0d8                divmod_u32u32_savestate
 .text.__wrap___aeabi_ldiv
                0x1001b0f4      0x424 CMakeFiles/Touchord.dir/Users/davidricaud/.pico-sdk/sdk/2.2.0/src/rp2_common/pico_divider/divider_hardware.S.o
                0x1001b0f4                __wrap___aeabi_ldivmod
                0x1001b0f4                div_s64s64
                0x1001b0f4                divmod_s64s64
                0x1001b124                divmod_u64u64
                0x1001b124                div_u64u64
                0x1001b124                __wrap___aeabi_uldivmod
                0x1001b134                divmod_u64u64_savestate
                0x1001b154                divmod_s64s64_unsafe
                0x1001b1dc                divmod_u64u64_unsafe
 .text.__wrap___aeabi_darithmetic
                0x1001b518       0x60 CMakeFiles/Touchord.dir/Users/davidricaud/.pico-sdk/sdk/2.2.0/src/rp2_common/pico_double/double_aeabi_rp2040.S.o
                0x1001b518                __wrap___aeabi_drsub
                0x1001b51e                __wrap___aeabi_dsub
                0x1001b528                __wrap___aeabi_dadd
                0x1001b532                __wrap___aeabi_ddiv
                0x1001b566                __wrap___aeabi_dmul
 .text.__wrap___aeabi_cdcmple
                0x1001b578       0x6c CMakeFiles/Touchord.dir/Users/davidricaud/.pico-sdk/sdk/2.2.0/src/rp2_common/pico_double/double_aeabi_rp2040.S.o
                0x1001b578                __wrap___aeabi_cdrcmple
                0x1001b588                __wrap___aeabi_cdcmple
                0x1001b588                __wrap___aeabi_cdcmpeq
 .text.__wrap___aeabi_dcmpeq
                0x1001b5e4       0x10 CMakeFiles/Touchord.dir/Users/davidricaud/.pico-sdk/sdk/2.2.0/src/rp2_common/pico_double/double_aeabi_rp2040.S.o
                0x1001b5e4                __wrap___aeabi_dcmpeq
 .text.__wrap___aeabi_dcmplt
                0x1001b5f4        0xc CMakeFiles/Touchord.dir/Users/davidricaud/.pico-sdk/sdk/2.2.0/src/rp2_common/pico_double/double_aeabi_rp2040.S.o
                0x1001b5f4                __wrap___aeabi_dcmplt
 .text.__wrap___aeabi_dcmple
                0x1001b600       0x10 CMakeFiles/Touchord.dir/Users/davidricaud/.pico-sdk/sdk/2.2.0/src/rp2_common/pico_double/double_aeabi_rp2040.S.o
                0x1001b600                __wrap___aeabi_dcmple
 .text.__wrap___aeabi_dcmpge
                0x1001b610       0x10 CMakeFiles/Touchord.dir/Users/davidricaud/.pico-sdk/sdk/2.2.0/src/rp2_common/pico_double/double_aeabi_rp2040.S.o
                0x1001b610                __wrap___aeabi_dcmpge
 .text.__wrap___aeabi_dcmpgt
                0x1001b620        0xa CMakeFiles/Touchord.dir/Users/davidricaud/.pico-sdk/sdk/2.2.0/src/rp2_common/pico_double/double_aeabi_rp2040.S.o
                0x1001b620                __wrap___aeabi_dcmpgt
 .text.__wrap___aeabi_dcmpun
                0x1001b62a       0x18 CMakeFiles/Touchord.dir/Users/davidricaud/.pico-sdk/sdk/2.2.0/src/rp2_common/pico_double/double_aeabi_rp2040.S.o
                0x1001b62a                __wrap___aeabi_dcmpun
 *fill*         0x1001b642        0x2 
 .text.__wrap___aeabi_i2d
                0x1001b644       0x38 CMakeFiles/Touchord.dir/Users/davidricaud/.pico-sdk/sdk/2.2.0/src/rp2_common/pico_double/double_aeabi_rp2040.S.o
                0x1001b644                __wrap___aeabi_ui2d
                0x1001b644                uint2double
                0x1001b64c                __wrap___aeabi_i2d
                0x1001b64c                int2double
 .text.__wrap___aeabi_d2iz
                0x1001b67c       0x48 CMakeFiles/Touchord.dir/Users/davidricaud/.pico-sdk/sdk/2.2.0/src/rp2_common/pico_double/double_aeabi_rp2040.S.o
                0x1001b67c                __wrap___aeabi_d2iz
                0x1001b67c                double2int_z
 .text.__wrap___aeabi_d2uiz
                0x1001b6c4       0x10 CMakeFiles/Touchord.dir/Users/davidricaud/.pico-sdk/sdk/2.2.0/src/rp2_common/pico_double/double_aeabi_rp2040.S.o
                0x1001b6c4                double2uint_z
                0x1001b6c4                double2uint
                0x1001b6c4                __wrap___aeabi_d2uiz
 .text.__wrap___aeabi_l2d
                0x1001b6d4       0x10 CMakeFiles/Touchord.dir/Users/davidricaud/.pico-sdk/sdk/2.2.0/src/rp2_common/pico_double/double_aeabi_rp2040.S.o
                0x1001b6d4                __wrap___aeabi_l2d
                0x1001b6d4                int642double
 .text.__wrap___aeabi_d2lz
                0x1001b6e4       0x26 CMakeFiles/Touchord.dir/Users/davidricaud/.pico-sdk/sdk/2.2.0/src/rp2_common/pico_double/double_aeabi_rp2040.S.o
                0x1001b6e4                __wrap___aeabi_d2lz
                0x1001b6e4                double2int64_z
 *fill*         0x1001b70a        0x2 
 .text.double2int64
                0x1001b70c       0x10 CMakeFiles/Touchord.dir/Users/davidricaud/.pico-sdk/sdk/2.2.0/src/rp2_common/pico_double/double_aeabi_rp2040.S.o
                0x1001b70c                double2int64
 .text.double2ufix64
                0x1001b71c       0x10 CMakeFiles/Touchord.dir/Users/davidricaud/.pico-sdk/sdk/2.2.0/src/rp2_common/pico_double/double_aeabi_rp2040.S.o
                0x1001b71c                double2ufix64
                0x1001b71c                double2ufix64_z
 .text.__wrap___aeabi_d2f
                0x1001b72c       0x10 CMakeFiles/Touchord.dir/Users/davidricaud/.pico-sdk/sdk/2.2.0/src/rp2_common/pico_double/double_aeabi_rp2040.S.o
                0x1001b72c                __wrap___aeabi_d2f
 .text.__wrap_exp
                0x1001b73c       0x10 CMakeFiles/Touchord.dir/Users/davidricaud/.pico-sdk/sdk/2.2.0/src/rp2_common/pico_double/double_aeabi_rp2040.S.o
                0x1001b73c                __wrap_exp
 .text.__wrap_log
                0x1001b74c       0x10 CMakeFiles/Touchord.dir/Users/davidricaud/.pico-sdk/sdk/2.2.0/src/rp2_common/pico_double/double_aeabi_rp2040.S.o
                0x1001b74c                __wrap_log
 .text.missing_double_func_shim
                0x1001b75c        0xc CMakeFiles/Touchord.dir/Users/davidricaud/.pico-sdk/sdk/2.2.0/src/rp2_common/pico_double/double_init_rom_rp2040.c.o
 .text.__aeabi_double_init
                0x1001b768       0xa0 CMakeFiles/Touchord.dir/Users/davidricaud/.pico-sdk/sdk/2.2.0/src/rp2_common/pico_double/double_init_rom_rp2040.c.o
                0x1001b768                __aeabi_double_init
 .text.double_table_shim_on_use_helper
                0x1001b808       0x2c CMakeFiles/Touchord.dir/Users/davidricaud/.pico-sdk/sdk/2.2.0/src/rp2_common/pico_double/double_v1_rom_shim_rp2040.S.o
                0x1001b808                double_table_shim_on_use_helper
 .text.__aeabi_lmul
                0x1001b834       0x32 CMakeFiles/Touchord.dir/Users/davidricaud/.pico-sdk/sdk/2.2.0/src/rp2_common/pico_int64_ops/pico_int64_ops_aeabi.S.o
                0x1001b834                __wrap___aeabi_lmul
 *fill*         0x1001b866        0x2 
 .text.__wrap___aeabi_farithmetic